<!doctype html public "-//w3c//dtd html 4.0 transitional//en">
<html><head>
<title>Static Call Graph - [.\Obj\CH563.axf]</title></head>
<body><HR>
<H1>Static Call Graph for image .\Obj\CH563.axf</H1><HR>
<BR><P>#&#060CALLGRAPH&#062# ARM Linker, 5060960: Last Updated: Sun Jul 31 18:41:17 2022
<BR><P>
<H3>Maximum Stack Usage =        588 bytes + Unknown(Functions without stacksize, Cycles, Untraceable Function Pointers)</H3><H3>
Call chain for Maximum Stack Depth:</H3>
main &rArr; CH563NET_LibInit &rArr; CH563NET_Init &rArr; SetupNetif &rArr; netif_add &rArr; netif_set_addr &rArr; netif_set_ipaddr &rArr; tcp_abandon &rArr; LwipRemoveTcpPcb &rArr; CH563ScokedIntHandle &rArr; tcp_close &rArr;  LwipRemoveTcpPcb (Cycle)
<P>
<H3>
Functions with no stack information
</H3><UL>
 <LI><a href="#[15]">Reset</a>
 <LI><a href="#[17]">__rt_div0</a>
</UL>
</UL>
<P>
<H3>
Mutually Recursive functions
</H3> <LI><a href="#[8a]">tcp_close</a>&nbsp;&nbsp;&nbsp;&rArr;&nbsp;&nbsp;&nbsp;<a href="#[b6]">LwipRemoveTcpPcb</a><BR>
 <LI><a href="#[17]">__rt_div0</a>&nbsp;&nbsp;&nbsp;&rArr;&nbsp;&nbsp;&nbsp;<a href="#[17]">__rt_div0</a><BR>
</UL>
<P>
<H3>
Function Pointers
</H3><UL>
 <LI><a href="#[f]">CH563MACRxSuccHandle</a> from ethernetif.o(i.CH563MACRxSuccHandle) referenced from ethernetif.o(i.low_level_init)
 <LI><a href="#[6]">CH563SocketTCPReceive</a> from ch563sock.o(i.CH563SocketTCPReceive) referenced from ch563sock.o(i.CH563TCPServerAccept)
 <LI><a href="#[6]">CH563SocketTCPReceive</a> from ch563sock.o(i.CH563SocketTCPReceive) referenced from ch563sock.o(i.LwipTcpConnectedCallBack)
 <LI><a href="#[4]">CH563TCPError</a> from ch563sock.o(i.CH563TCPError) referenced from ch563sock.o(i.CH563NET_SocketCreat)
 <LI><a href="#[4]">CH563TCPError</a> from ch563sock.o(i.CH563TCPError) referenced from ch563sock.o(i.CH563TCPServerAccept)
 <LI><a href="#[5]">CH563TCPServerAccept</a> from ch563sock.o(i.CH563TCPServerAccept) referenced from ch563sock.o(i.CH563NET_SocketListen)
 <LI><a href="#[8]">LwipTCPPollCallBack</a> from ch563sock.o(i.LwipTCPPollCallBack) referenced from ch563sock.o(i.CH563TCPServerAccept)
 <LI><a href="#[8]">LwipTCPPollCallBack</a> from ch563sock.o(i.LwipTCPPollCallBack) referenced from ch563sock.o(i.LwipTcpConnectedCallBack)
 <LI><a href="#[7]">LwipTCPSendCallBack</a> from ch563sock.o(i.LwipTCPSendCallBack) referenced from ch563sock.o(i.CH563TCPServerAccept)
 <LI><a href="#[7]">LwipTCPSendCallBack</a> from ch563sock.o(i.LwipTCPSendCallBack) referenced from ch563sock.o(i.LwipTcpConnectedCallBack)
 <LI><a href="#[1]">LwipTcpConnectedCallBack</a> from ch563sock.o(i.LwipTcpConnectedCallBack) referenced from ch563sock.o(i.CH563NET_SocketConnect)
 <LI><a href="#[2]">SocketIPRAWReceive</a> from ch563sock.o(i.SocketIPRAWReceive) referenced from ch563sock.o(i.CH563NET_SocketCreat)
 <LI><a href="#[3]">SocketUdpReceive</a> from ch563sock.o(i.SocketUdpReceive) referenced from ch563sock.o(i.CH563NET_SocketCreat)
 <LI><a href="#[c]">_sputc</a> from printf6.o(i._sputc) referenced from printf6.o(i.__0sprintf$6)
 <LI><a href="#[d]">etharp_output</a> from etharp.o(i.etharp_output) referenced from ethernetif.o(i.ethernetif_init)
 <LI><a href="#[9]">ethernet_input</a> from etharp.o(i.ethernet_input) referenced from ethernetif.o(i.SetupNetif)
 <LI><a href="#[a]">ethernetif_init</a> from ethernetif.o(i.ethernetif_init) referenced from ethernetif.o(i.SetupNetif)
 <LI><a href="#[b]">fputc</a> from main.o(.text) referenced from printf6.o(i.__0printf$6)
 <LI><a href="#[11]">ftmac110_close</a> from ftmac110.o(i.ftmac110_close) referenced from ftmac110.o(i.malloc_ftmac110_device)
 <LI><a href="#[10]">ftmac110_open</a> from ftmac110.o(i.ftmac110_open) referenced from ftmac110.o(i.malloc_ftmac110_device)
 <LI><a href="#[12]">ftmac110_xmit</a> from ftmac110.o(i.ftmac110_xmit) referenced from ftmac110.o(i.malloc_ftmac110_device)
 <LI><a href="#[e]">low_level_output</a> from ethernetif.o(i.low_level_output) referenced from ethernetif.o(i.ethernetif_init)
 <LI><a href="#[0]">main</a> from main.o(.text) referenced from entry9a.o(.ARM.Collect$$$$0000000B)
 <LI><a href="#[14]">tcp_accept_null</a> from tcp.o(i.tcp_accept_null) referenced from tcp.o(i.tcp_listen_with_backlog)
 <LI><a href="#[13]">tcp_recv_null</a> from tcp.o(i.tcp_recv_null) referenced from tcp.o(i.tcp_alloc)
</UL>
<P>
<H3>
Global Symbols
</H3>
<P><STRONG><a name="[15]"></a>Reset</STRONG> (ARM, 0 bytes, Stack size unknown bytes, startup.o(RESET))
<BR><BR>[Stack]<UL><LI>Max Depth = 72 + Unknown Stack Size
<LI>Call Chain = Reset &rArr; IRQ_Handler &rArr; CH563NET_ETHIsr &rArr; ftmac110_isr &rArr; CH563EtherNetIsr &rArr; IPCheckParaInit
</UL>
<BR>[Calls]<UL><LI><a href="#[19]">&gt;&gt;</a>&nbsp;&nbsp;&nbsp;FIQ_Handler
<LI><a href="#[18]">&gt;&gt;</a>&nbsp;&nbsp;&nbsp;IRQ_Handler
</UL>

<P><STRONG><a name="[17]"></a>__rt_div0</STRONG> (ARM, 0 bytes, Stack size unknown bytes, startup.o(RESET), UNUSED, KEPT)
<BR><BR>[Calls]<UL><LI><a href="#[17]">&gt;&gt;</a>&nbsp;&nbsp;&nbsp;__rt_div0
<LI><a href="#[1a]">&gt;&gt;</a>&nbsp;&nbsp;&nbsp;SysFreq
<LI><a href="#[16]">&gt;&gt;</a>&nbsp;&nbsp;&nbsp;__main
</UL>
<BR>[Called By]<UL><LI><a href="#[17]">&gt;&gt;</a>&nbsp;&nbsp;&nbsp;__rt_div0
</UL>

<P><STRONG><a name="[16]"></a>__main</STRONG> (ARM, 0 bytes, Stack size unknown bytes, entry.o(.ARM.Collect$$$$00000000))
<BR><BR>[Called By]<UL><LI><a href="#[17]">&gt;&gt;</a>&nbsp;&nbsp;&nbsp;__rt_div0
</UL>

<P><STRONG><a name="[120]"></a>_main_stk</STRONG> (ARM, 0 bytes, Stack size unknown bytes, entry2.o(.ARM.Collect$$$$00000001))

<P><STRONG><a name="[1b]"></a>_main_scatterload</STRONG> (ARM, 0 bytes, Stack size unknown bytes, entry5.o(.ARM.Collect$$$$00000004))
<BR><BR>[Calls]<UL><LI><a href="#[1c]">&gt;&gt;</a>&nbsp;&nbsp;&nbsp;__scatterload (via BLX)
</UL>

<P><STRONG><a name="[74]"></a>__main_after_scatterload</STRONG> (ARM, 0 bytes, Stack size unknown bytes, entry5.o(.ARM.Collect$$$$00000004))
<BR><BR>[Called By]<UL><LI><a href="#[1c]">&gt;&gt;</a>&nbsp;&nbsp;&nbsp;__scatterload (via BLX)
</UL>

<P><STRONG><a name="[121]"></a>_main_clock</STRONG> (ARM, 0 bytes, Stack size unknown bytes, entry7b.o(.ARM.Collect$$$$00000008))

<P><STRONG><a name="[122]"></a>_main_cpp_init</STRONG> (ARM, 0 bytes, Stack size unknown bytes, entry8b.o(.ARM.Collect$$$$0000000A))

<P><STRONG><a name="[123]"></a>_main_init</STRONG> (ARM, 0 bytes, Stack size unknown bytes, entry9a.o(.ARM.Collect$$$$0000000B))

<P><STRONG><a name="[1d]"></a>__rt_lib_shutdown_fini</STRONG> (ARM, 0 bytes, Stack size unknown bytes, entry12b.o(.ARM.Collect$$$$0000000E))
<BR><BR>[Calls]<UL><LI><a href="#[1e]">&gt;&gt;</a>&nbsp;&nbsp;&nbsp;__arm_fini_ (Weak Reference)
</UL>

<P><STRONG><a name="[124]"></a>__rt_final_cpp</STRONG> (ARM, 0 bytes, Stack size unknown bytes, entry10a.o(.ARM.Collect$$$$0000000F))

<P><STRONG><a name="[125]"></a>__rt_final_exit</STRONG> (ARM, 0 bytes, Stack size unknown bytes, entry11a.o(.ARM.Collect$$$$00000011))

<P><STRONG><a name="[1f]"></a>ParseHttpRequest</STRONG> (ARM, 216 bytes, Stack size 16 bytes, https.o(.text))
<BR><BR>[Stack]<UL><LI>Max Depth = 32<LI>Call Chain = ParseHttpRequest &rArr; strtok
</UL>
<BR>[Calls]<UL><LI><a href="#[20]">&gt;&gt;</a>&nbsp;&nbsp;&nbsp;strtok (via BLX)
<LI><a href="#[22]">&gt;&gt;</a>&nbsp;&nbsp;&nbsp;strcpy (via BLX)
<LI><a href="#[21]">&gt;&gt;</a>&nbsp;&nbsp;&nbsp;strcmp (via BLX)
</UL>
<BR>[Called By]<UL><LI><a href="#[36]">&gt;&gt;</a>&nbsp;&nbsp;&nbsp;Web_Server
</UL>

<P><STRONG><a name="[23]"></a>GetUriName</STRONG> (ARM, 84 bytes, Stack size 16 bytes, https.o(.text))
<BR><BR>[Stack]<UL><LI>Max Depth = 24<LI>Call Chain = GetUriName &rArr; strcmp
</UL>
<BR>[Calls]<UL><LI><a href="#[22]">&gt;&gt;</a>&nbsp;&nbsp;&nbsp;strcpy (via BLX)
<LI><a href="#[21]">&gt;&gt;</a>&nbsp;&nbsp;&nbsp;strcmp (via BLX)
<LI><a href="#[24]">&gt;&gt;</a>&nbsp;&nbsp;&nbsp;__aeabi_memclr4 (via BLX)
</UL>
<BR>[Called By]<UL><LI><a href="#[36]">&gt;&gt;</a>&nbsp;&nbsp;&nbsp;Web_Server
</UL>

<P><STRONG><a name="[25]"></a>ParseUriType</STRONG> (ARM, 172 bytes, Stack size 16 bytes, https.o(.text))
<BR><BR>[Stack]<UL><LI>Max Depth = 28<LI>Call Chain = ParseUriType &rArr; strstr
</UL>
<BR>[Calls]<UL><LI><a href="#[27]">&gt;&gt;</a>&nbsp;&nbsp;&nbsp;strlen (via BLX)
<LI><a href="#[26]">&gt;&gt;</a>&nbsp;&nbsp;&nbsp;strstr (via BLX)
</UL>
<BR>[Called By]<UL><LI><a href="#[36]">&gt;&gt;</a>&nbsp;&nbsp;&nbsp;Web_Server
</UL>

<P><STRONG><a name="[28]"></a>MakeHttpResponse</STRONG> (ARM, 352 bytes, Stack size 16 bytes, https.o(.text))
<BR><BR>[Stack]<UL><LI>Max Depth = 16<LI>Call Chain = MakeHttpResponse
</UL>
<BR>[Calls]<UL><LI><a href="#[22]">&gt;&gt;</a>&nbsp;&nbsp;&nbsp;strcpy (via BLX)
</UL>
<BR>[Called By]<UL><LI><a href="#[36]">&gt;&gt;</a>&nbsp;&nbsp;&nbsp;Web_Server
</UL>

<P><STRONG><a name="[29]"></a>DataLocate</STRONG> (ARM, 64 bytes, Stack size 16 bytes, https.o(.text))
<BR><BR>[Stack]<UL><LI>Max Depth = 28<LI>Call Chain = DataLocate &rArr; strstr
</UL>
<BR>[Calls]<UL><LI><a href="#[27]">&gt;&gt;</a>&nbsp;&nbsp;&nbsp;strlen (via BLX)
<LI><a href="#[26]">&gt;&gt;</a>&nbsp;&nbsp;&nbsp;strstr (via BLX)
</UL>
<BR>[Called By]<UL><LI><a href="#[31]">&gt;&gt;</a>&nbsp;&nbsp;&nbsp;Refresh_Login
<LI><a href="#[2f]">&gt;&gt;</a>&nbsp;&nbsp;&nbsp;Refresh_Port
<LI><a href="#[2a]">&gt;&gt;</a>&nbsp;&nbsp;&nbsp;Refresh_Basic
</UL>

<P><STRONG><a name="[39]"></a>Para_DataLocate</STRONG> (ARM, 56 bytes, Stack size 0 bytes, https.o(.text))
<BR><BR>[Called By]<UL><LI><a href="#[36]">&gt;&gt;</a>&nbsp;&nbsp;&nbsp;Web_Server
</UL>

<P><STRONG><a name="[2a]"></a>Refresh_Basic</STRONG> (ARM, 784 bytes, Stack size 96 bytes, https.o(.text))
<BR><BR>[Stack]<UL><LI>Max Depth = 184<LI>Call Chain = Refresh_Basic &rArr; atoi &rArr; strtol &rArr; _strtoul
</UL>
<BR>[Calls]<UL><LI><a href="#[2e]">&gt;&gt;</a>&nbsp;&nbsp;&nbsp;EEPROM_WRITE
<LI><a href="#[2d]">&gt;&gt;</a>&nbsp;&nbsp;&nbsp;EEPROM_ERASE
<LI><a href="#[29]">&gt;&gt;</a>&nbsp;&nbsp;&nbsp;DataLocate
<LI><a href="#[2c]">&gt;&gt;</a>&nbsp;&nbsp;&nbsp;atoi (via BLX)
<LI><a href="#[20]">&gt;&gt;</a>&nbsp;&nbsp;&nbsp;strtok (via BLX)
<LI><a href="#[24]">&gt;&gt;</a>&nbsp;&nbsp;&nbsp;__aeabi_memclr4 (via BLX)
<LI><a href="#[2b]">&gt;&gt;</a>&nbsp;&nbsp;&nbsp;__aeabi_memclr (via BLX)
</UL>
<BR>[Called By]<UL><LI><a href="#[36]">&gt;&gt;</a>&nbsp;&nbsp;&nbsp;Web_Server
</UL>

<P><STRONG><a name="[2f]"></a>Refresh_Port</STRONG> (ARM, 776 bytes, Stack size 104 bytes, https.o(.text))
<BR><BR>[Stack]<UL><LI>Max Depth = 192<LI>Call Chain = Refresh_Port &rArr; atoi &rArr; strtol &rArr; _strtoul
</UL>
<BR>[Calls]<UL><LI><a href="#[2e]">&gt;&gt;</a>&nbsp;&nbsp;&nbsp;EEPROM_WRITE
<LI><a href="#[2d]">&gt;&gt;</a>&nbsp;&nbsp;&nbsp;EEPROM_ERASE
<LI><a href="#[29]">&gt;&gt;</a>&nbsp;&nbsp;&nbsp;DataLocate
<LI><a href="#[2c]">&gt;&gt;</a>&nbsp;&nbsp;&nbsp;atoi (via BLX)
<LI><a href="#[30]">&gt;&gt;</a>&nbsp;&nbsp;&nbsp;__2printf (via BLX)
<LI><a href="#[20]">&gt;&gt;</a>&nbsp;&nbsp;&nbsp;strtok (via BLX)
<LI><a href="#[21]">&gt;&gt;</a>&nbsp;&nbsp;&nbsp;strcmp (via BLX)
<LI><a href="#[24]">&gt;&gt;</a>&nbsp;&nbsp;&nbsp;__aeabi_memclr4 (via BLX)
<LI><a href="#[2b]">&gt;&gt;</a>&nbsp;&nbsp;&nbsp;__aeabi_memclr (via BLX)
</UL>
<BR>[Called By]<UL><LI><a href="#[36]">&gt;&gt;</a>&nbsp;&nbsp;&nbsp;Web_Server
</UL>

<P><STRONG><a name="[31]"></a>Refresh_Login</STRONG> (ARM, 236 bytes, Stack size 64 bytes, https.o(.text))
<BR><BR>[Stack]<UL><LI>Max Depth = 108<LI>Call Chain = Refresh_Login &rArr; EEPROM_ERASE &rArr; FLASH_EEPRM_ERASE &rArr; FLASH_ROM_WAIT
</UL>
<BR>[Calls]<UL><LI><a href="#[2e]">&gt;&gt;</a>&nbsp;&nbsp;&nbsp;EEPROM_WRITE
<LI><a href="#[2d]">&gt;&gt;</a>&nbsp;&nbsp;&nbsp;EEPROM_ERASE
<LI><a href="#[29]">&gt;&gt;</a>&nbsp;&nbsp;&nbsp;DataLocate
<LI><a href="#[24]">&gt;&gt;</a>&nbsp;&nbsp;&nbsp;__aeabi_memclr4 (via BLX)
<LI><a href="#[2b]">&gt;&gt;</a>&nbsp;&nbsp;&nbsp;__aeabi_memclr (via BLX)
</UL>
<BR>[Called By]<UL><LI><a href="#[36]">&gt;&gt;</a>&nbsp;&nbsp;&nbsp;Web_Server
</UL>

<P><STRONG><a name="[32]"></a>Refresh_Html</STRONG> (ARM, 332 bytes, Stack size 72 bytes, https.o(.text))
<BR><BR>[Stack]<UL><LI>Max Depth = 84<LI>Call Chain = Refresh_Html &rArr; strstr
</UL>
<BR>[Calls]<UL><LI><a href="#[27]">&gt;&gt;</a>&nbsp;&nbsp;&nbsp;strlen (via BLX)
<LI><a href="#[26]">&gt;&gt;</a>&nbsp;&nbsp;&nbsp;strstr (via BLX)
<LI><a href="#[24]">&gt;&gt;</a>&nbsp;&nbsp;&nbsp;__aeabi_memclr4 (via BLX)
</UL>
<BR>[Called By]<UL><LI><a href="#[36]">&gt;&gt;</a>&nbsp;&nbsp;&nbsp;Web_Server
</UL>

<P><STRONG><a name="[33]"></a>copy_flash</STRONG> (ARM, 252 bytes, Stack size 24 bytes, https.o(.text))
<BR><BR>[Stack]<UL><LI>Max Depth = 24<LI>Call Chain = copy_flash
</UL>
<BR>[Calls]<UL><LI><a href="#[27]">&gt;&gt;</a>&nbsp;&nbsp;&nbsp;strlen (via BLX)
<LI><a href="#[24]">&gt;&gt;</a>&nbsp;&nbsp;&nbsp;__aeabi_memclr4 (via BLX)
</UL>
<BR>[Called By]<UL><LI><a href="#[36]">&gt;&gt;</a>&nbsp;&nbsp;&nbsp;Web_Server
</UL>

<P><STRONG><a name="[34]"></a>Init_Para_Tab</STRONG> (ARM, 1148 bytes, Stack size 40 bytes, https.o(.text))
<BR><BR>[Stack]<UL><LI>Max Depth = 64<LI>Call Chain = Init_Para_Tab &rArr; __2sprintf
</UL>
<BR>[Calls]<UL><LI><a href="#[35]">&gt;&gt;</a>&nbsp;&nbsp;&nbsp;__2sprintf (via BLX)
<LI><a href="#[30]">&gt;&gt;</a>&nbsp;&nbsp;&nbsp;__2printf (via BLX)
<LI><a href="#[22]">&gt;&gt;</a>&nbsp;&nbsp;&nbsp;strcpy (via BLX)
<LI><a href="#[24]">&gt;&gt;</a>&nbsp;&nbsp;&nbsp;__aeabi_memclr4 (via BLX)
</UL>
<BR>[Called By]<UL><LI><a href="#[0]">&gt;&gt;</a>&nbsp;&nbsp;&nbsp;main
</UL>

<P><STRONG><a name="[36]"></a>Web_Server</STRONG> (ARM, 1808 bytes, Stack size 24 bytes, https.o(.text))
<BR><BR>[Stack]<UL><LI>Max Depth = 516<LI>Call Chain = Web_Server &rArr; CH563NET_SocketSend &rArr; SocketTcpSend &rArr; CH563NET_MainTask &rArr; LwIPPeriodicHandle &rArr; tcp_tmr &rArr; tcp_slowtmr &rArr; LwipRemoveTcpPcb &rArr; CH563ScokedIntHandle &rArr; tcp_close &rArr;  LwipRemoveTcpPcb (Cycle)
</UL>
<BR>[Calls]<UL><LI><a href="#[37]">&gt;&gt;</a>&nbsp;&nbsp;&nbsp;CH563NET_SocketSend (via BLX)
<LI><a href="#[38]">&gt;&gt;</a>&nbsp;&nbsp;&nbsp;CH563NET_SocketClose (via BLX)
<LI><a href="#[33]">&gt;&gt;</a>&nbsp;&nbsp;&nbsp;copy_flash
<LI><a href="#[32]">&gt;&gt;</a>&nbsp;&nbsp;&nbsp;Refresh_Html
<LI><a href="#[31]">&gt;&gt;</a>&nbsp;&nbsp;&nbsp;Refresh_Login
<LI><a href="#[2f]">&gt;&gt;</a>&nbsp;&nbsp;&nbsp;Refresh_Port
<LI><a href="#[2a]">&gt;&gt;</a>&nbsp;&nbsp;&nbsp;Refresh_Basic
<LI><a href="#[39]">&gt;&gt;</a>&nbsp;&nbsp;&nbsp;Para_DataLocate
<LI><a href="#[28]">&gt;&gt;</a>&nbsp;&nbsp;&nbsp;MakeHttpResponse
<LI><a href="#[25]">&gt;&gt;</a>&nbsp;&nbsp;&nbsp;ParseUriType
<LI><a href="#[23]">&gt;&gt;</a>&nbsp;&nbsp;&nbsp;GetUriName
<LI><a href="#[1f]">&gt;&gt;</a>&nbsp;&nbsp;&nbsp;ParseHttpRequest
<LI><a href="#[27]">&gt;&gt;</a>&nbsp;&nbsp;&nbsp;strlen (via BLX)
<LI><a href="#[26]">&gt;&gt;</a>&nbsp;&nbsp;&nbsp;strstr (via BLX)
<LI><a href="#[2b]">&gt;&gt;</a>&nbsp;&nbsp;&nbsp;__aeabi_memclr (via BLX)
</UL>
<BR>[Called By]<UL><LI><a href="#[0]">&gt;&gt;</a>&nbsp;&nbsp;&nbsp;main
</UL>

<P><STRONG><a name="[18]"></a>IRQ_Handler</STRONG> (ARM, 84 bytes, Stack size 24 bytes, main.o(.text))
<BR><BR>[Stack]<UL><LI>Max Depth = 72<LI>Call Chain = IRQ_Handler &rArr; CH563NET_ETHIsr &rArr; ftmac110_isr &rArr; CH563EtherNetIsr &rArr; IPCheckParaInit
</UL>
<BR>[Calls]<UL><LI><a href="#[3b]">&gt;&gt;</a>&nbsp;&nbsp;&nbsp;CH563NET_TimeIsr (via BLX)
<LI><a href="#[3a]">&gt;&gt;</a>&nbsp;&nbsp;&nbsp;CH563NET_ETHIsr (via BLX)
</UL>
<BR>[Called By]<UL><LI><a href="#[15]">&gt;&gt;</a>&nbsp;&nbsp;&nbsp;Reset
</UL>

<P><STRONG><a name="[19]"></a>FIQ_Handler</STRONG> (ARM, 8 bytes, Stack size 0 bytes, main.o(.text))
<BR><BR>[Called By]<UL><LI><a href="#[15]">&gt;&gt;</a>&nbsp;&nbsp;&nbsp;Reset
</UL>

<P><STRONG><a name="[57]"></a>SysTimeInit</STRONG> (ARM, 56 bytes, Stack size 0 bytes, main.o(.text))
<BR><BR>[Called By]<UL><LI><a href="#[0]">&gt;&gt;</a>&nbsp;&nbsp;&nbsp;main
</UL>

<P><STRONG><a name="[58]"></a>InitSysHal</STRONG> (ARM, 56 bytes, Stack size 0 bytes, main.o(.text))
<BR><BR>[Called By]<UL><LI><a href="#[0]">&gt;&gt;</a>&nbsp;&nbsp;&nbsp;main
</UL>

<P><STRONG><a name="[4c]"></a>mStopIfError</STRONG> (ARM, 20 bytes, Stack size 0 bytes, main.o(.text))
<BR><BR>[Called By]<UL><LI><a href="#[0]">&gt;&gt;</a>&nbsp;&nbsp;&nbsp;main
<LI><a href="#[4e]">&gt;&gt;</a>&nbsp;&nbsp;&nbsp;CH563NET_Creat_Cfg_Socket
<LI><a href="#[4a]">&gt;&gt;</a>&nbsp;&nbsp;&nbsp;CH563NET_Creat_Web_TcpSocket
</UL>

<P><STRONG><a name="[3c]"></a>CH563NET_LibInit</STRONG> (ARM, 140 bytes, Stack size 48 bytes, main.o(.text))
<BR><BR>[Stack]<UL><LI>Max Depth = 588<LI>Call Chain = CH563NET_LibInit &rArr; CH563NET_Init &rArr; SetupNetif &rArr; netif_add &rArr; netif_set_addr &rArr; netif_set_ipaddr &rArr; tcp_abandon &rArr; LwipRemoveTcpPcb &rArr; CH563ScokedIntHandle &rArr; tcp_close &rArr;  LwipRemoveTcpPcb (Cycle)
</UL>
<BR>[Calls]<UL><LI><a href="#[3f]">&gt;&gt;</a>&nbsp;&nbsp;&nbsp;CH563NET_Init (via BLX)
<LI><a href="#[3d]">&gt;&gt;</a>&nbsp;&nbsp;&nbsp;CH563NET_GetVer (via BLX)
<LI><a href="#[3e]">&gt;&gt;</a>&nbsp;&nbsp;&nbsp;CH563NET_ConfigLIB (via BLX)
</UL>
<BR>[Called By]<UL><LI><a href="#[0]">&gt;&gt;</a>&nbsp;&nbsp;&nbsp;main
</UL>

<P><STRONG><a name="[40]"></a>CH563NET_HandleSockInt</STRONG> (ARM, 132 bytes, Stack size 16 bytes, main.o(.text))
<BR><BR>[Stack]<UL><LI>Max Depth = 348<LI>Call Chain = CH563NET_HandleSockInt &rArr; CH563NET_SocketRecv &rArr; tcp_recved_socket &rArr; tcp_output &rArr; tcp_send_empty_ack &rArr; ip_output &rArr; ip_output_if &rArr; ip_frag &rArr; pbuf_alloc &rArr; pbuf_free &rArr; mem_free &rArr; plug_holes
</UL>
<BR>[Calls]<UL><LI><a href="#[41]">&gt;&gt;</a>&nbsp;&nbsp;&nbsp;CH563NET_SocketRecvLen (via BLX)
<LI><a href="#[42]">&gt;&gt;</a>&nbsp;&nbsp;&nbsp;CH563NET_SocketRecv (via BLX)
<LI><a href="#[43]">&gt;&gt;</a>&nbsp;&nbsp;&nbsp;CH563NET_ModifyRecvBuf (via BLX)
</UL>
<BR>[Called By]<UL><LI><a href="#[44]">&gt;&gt;</a>&nbsp;&nbsp;&nbsp;CH563NET_HandleGlobalInt
</UL>

<P><STRONG><a name="[44]"></a>CH563NET_HandleGlobalInt</STRONG> (ARM, 104 bytes, Stack size 16 bytes, main.o(.text))
<BR><BR>[Stack]<UL><LI>Max Depth = 364<LI>Call Chain = CH563NET_HandleGlobalInt &rArr; CH563NET_HandleSockInt &rArr; CH563NET_SocketRecv &rArr; tcp_recved_socket &rArr; tcp_output &rArr; tcp_send_empty_ack &rArr; ip_output &rArr; ip_output_if &rArr; ip_frag &rArr; pbuf_alloc &rArr; pbuf_free &rArr; mem_free &rArr; plug_holes
</UL>
<BR>[Calls]<UL><LI><a href="#[47]">&gt;&gt;</a>&nbsp;&nbsp;&nbsp;CH563NET_GetSocketInt (via BLX)
<LI><a href="#[46]">&gt;&gt;</a>&nbsp;&nbsp;&nbsp;CH563NET_GetPHYStatus (via BLX)
<LI><a href="#[45]">&gt;&gt;</a>&nbsp;&nbsp;&nbsp;CH563NET_GetGlobalInt (via BLX)
<LI><a href="#[40]">&gt;&gt;</a>&nbsp;&nbsp;&nbsp;CH563NET_HandleSockInt
</UL>
<BR>[Called By]<UL><LI><a href="#[0]">&gt;&gt;</a>&nbsp;&nbsp;&nbsp;main
</UL>

<P><STRONG><a name="[48]"></a>CH563NET_UdpServerRecv</STRONG> (ARM, 100 bytes, Stack size 32 bytes, main.o(.text), UNUSED)
<BR><BR>[Calls]<UL><LI><a href="#[49]">&gt;&gt;</a>&nbsp;&nbsp;&nbsp;CH563NET_SocketUdpSendTo (via BLX)
<LI><a href="#[30]">&gt;&gt;</a>&nbsp;&nbsp;&nbsp;__2printf (via BLX)
</UL>

<P><STRONG><a name="[4a]"></a>CH563NET_Creat_Web_TcpSocket</STRONG> (ARM, 92 bytes, Stack size 72 bytes, main.o(.text))
<BR><BR>[Stack]<UL><LI>Max Depth = 548<LI>Call Chain = CH563NET_Creat_Web_TcpSocket &rArr; CH563NET_SocketCreat &rArr; tcp_new &rArr; tcp_alloc &rArr; tcp_abandon &rArr; LwipRemoveTcpPcb &rArr; CH563ScokedIntHandle &rArr; tcp_close &rArr;  LwipRemoveTcpPcb (Cycle)
</UL>
<BR>[Calls]<UL><LI><a href="#[4d]">&gt;&gt;</a>&nbsp;&nbsp;&nbsp;CH563NET_SocketListen (via BLX)
<LI><a href="#[4b]">&gt;&gt;</a>&nbsp;&nbsp;&nbsp;CH563NET_SocketCreat (via BLX)
<LI><a href="#[4c]">&gt;&gt;</a>&nbsp;&nbsp;&nbsp;mStopIfError
<LI><a href="#[24]">&gt;&gt;</a>&nbsp;&nbsp;&nbsp;__aeabi_memclr4 (via BLX)
</UL>
<BR>[Called By]<UL><LI><a href="#[0]">&gt;&gt;</a>&nbsp;&nbsp;&nbsp;main
</UL>

<P><STRONG><a name="[4e]"></a>CH563NET_Creat_Cfg_Socket</STRONG> (ARM, 428 bytes, Stack size 88 bytes, main.o(.text))
<BR><BR>[Stack]<UL><LI>Max Depth = 564<LI>Call Chain = CH563NET_Creat_Cfg_Socket &rArr; CH563NET_SocketCreat &rArr; tcp_new &rArr; tcp_alloc &rArr; tcp_abandon &rArr; LwipRemoveTcpPcb &rArr; CH563ScokedIntHandle &rArr; tcp_close &rArr;  LwipRemoveTcpPcb (Cycle)
</UL>
<BR>[Calls]<UL><LI><a href="#[4d]">&gt;&gt;</a>&nbsp;&nbsp;&nbsp;CH563NET_SocketListen (via BLX)
<LI><a href="#[4b]">&gt;&gt;</a>&nbsp;&nbsp;&nbsp;CH563NET_SocketCreat (via BLX)
<LI><a href="#[50]">&gt;&gt;</a>&nbsp;&nbsp;&nbsp;CH563NET_SocketConnect (via BLX)
<LI><a href="#[4c]">&gt;&gt;</a>&nbsp;&nbsp;&nbsp;mStopIfError
<LI><a href="#[30]">&gt;&gt;</a>&nbsp;&nbsp;&nbsp;__2printf (via BLX)
<LI><a href="#[24]">&gt;&gt;</a>&nbsp;&nbsp;&nbsp;__aeabi_memclr4 (via BLX)
<LI><a href="#[4f]">&gt;&gt;</a>&nbsp;&nbsp;&nbsp;__aeabi_memcpy (via BLX)
</UL>
<BR>[Called By]<UL><LI><a href="#[0]">&gt;&gt;</a>&nbsp;&nbsp;&nbsp;main
</UL>

<P><STRONG><a name="[51]"></a>mInitSTDIO</STRONG> (ARM, 168 bytes, Stack size 16 bytes, main.o(.text))
<BR><BR>[Stack]<UL><LI>Max Depth = 28<LI>Call Chain = mInitSTDIO &rArr; __aeabi_uidivmod
</UL>
<BR>[Calls]<UL><LI><a href="#[52]">&gt;&gt;</a>&nbsp;&nbsp;&nbsp;__aeabi_uidivmod (via BLX)
</UL>
<BR>[Called By]<UL><LI><a href="#[0]">&gt;&gt;</a>&nbsp;&nbsp;&nbsp;main
</UL>

<P><STRONG><a name="[b]"></a>fputc</STRONG> (ARM, 36 bytes, Stack size 0 bytes, main.o(.text))
<BR>[Address Reference Count : 1]<UL><LI> printf6.o(i.__0printf$6)
</UL>
<P><STRONG><a name="[53]"></a>CH563_RESET</STRONG> (ARM, 52 bytes, Stack size 8 bytes, main.o(.text))
<BR><BR>[Stack]<UL><LI>Max Depth = 32<LI>Call Chain = CH563_RESET &rArr; __2printf
</UL>
<BR>[Calls]<UL><LI><a href="#[30]">&gt;&gt;</a>&nbsp;&nbsp;&nbsp;__2printf (via BLX)
</UL>
<BR>[Called By]<UL><LI><a href="#[54]">&gt;&gt;</a>&nbsp;&nbsp;&nbsp;CH563_Default
</UL>

<P><STRONG><a name="[54]"></a>CH563_Default</STRONG> (ARM, 104 bytes, Stack size 8 bytes, main.o(.text))
<BR><BR>[Stack]<UL><LI>Max Depth = 52<LI>Call Chain = CH563_Default &rArr; EEPROM_ERASE &rArr; FLASH_EEPRM_ERASE &rArr; FLASH_ROM_WAIT
</UL>
<BR>[Calls]<UL><LI><a href="#[53]">&gt;&gt;</a>&nbsp;&nbsp;&nbsp;CH563_RESET
<LI><a href="#[2e]">&gt;&gt;</a>&nbsp;&nbsp;&nbsp;EEPROM_WRITE
<LI><a href="#[2d]">&gt;&gt;</a>&nbsp;&nbsp;&nbsp;EEPROM_ERASE
<LI><a href="#[30]">&gt;&gt;</a>&nbsp;&nbsp;&nbsp;__2printf (via BLX)
</UL>
<BR>[Called By]<UL><LI><a href="#[0]">&gt;&gt;</a>&nbsp;&nbsp;&nbsp;main
</UL>

<P><STRONG><a name="[0]"></a>main</STRONG> (ARM, 748 bytes, Stack size 0 bytes, main.o(.text))
<BR><BR>[Stack]<UL><LI>Max Depth = 588<LI>Call Chain = main &rArr; CH563NET_LibInit &rArr; CH563NET_Init &rArr; SetupNetif &rArr; netif_add &rArr; netif_set_addr &rArr; netif_set_ipaddr &rArr; tcp_abandon &rArr; LwipRemoveTcpPcb &rArr; CH563ScokedIntHandle &rArr; tcp_close &rArr;  LwipRemoveTcpPcb (Cycle)
</UL>
<BR>[Calls]<UL><LI><a href="#[56]">&gt;&gt;</a>&nbsp;&nbsp;&nbsp;EEPROM_READ
<LI><a href="#[55]">&gt;&gt;</a>&nbsp;&nbsp;&nbsp;Delay_ms
<LI><a href="#[5a]">&gt;&gt;</a>&nbsp;&nbsp;&nbsp;CH563NET_QueryGlobalInt (via BLX)
<LI><a href="#[59]">&gt;&gt;</a>&nbsp;&nbsp;&nbsp;CH563NET_MainTask (via BLX)
<LI><a href="#[54]">&gt;&gt;</a>&nbsp;&nbsp;&nbsp;CH563_Default
<LI><a href="#[51]">&gt;&gt;</a>&nbsp;&nbsp;&nbsp;mInitSTDIO
<LI><a href="#[4e]">&gt;&gt;</a>&nbsp;&nbsp;&nbsp;CH563NET_Creat_Cfg_Socket
<LI><a href="#[4a]">&gt;&gt;</a>&nbsp;&nbsp;&nbsp;CH563NET_Creat_Web_TcpSocket
<LI><a href="#[44]">&gt;&gt;</a>&nbsp;&nbsp;&nbsp;CH563NET_HandleGlobalInt
<LI><a href="#[3c]">&gt;&gt;</a>&nbsp;&nbsp;&nbsp;CH563NET_LibInit
<LI><a href="#[4c]">&gt;&gt;</a>&nbsp;&nbsp;&nbsp;mStopIfError
<LI><a href="#[58]">&gt;&gt;</a>&nbsp;&nbsp;&nbsp;InitSysHal
<LI><a href="#[57]">&gt;&gt;</a>&nbsp;&nbsp;&nbsp;SysTimeInit
<LI><a href="#[36]">&gt;&gt;</a>&nbsp;&nbsp;&nbsp;Web_Server
<LI><a href="#[34]">&gt;&gt;</a>&nbsp;&nbsp;&nbsp;Init_Para_Tab
<LI><a href="#[30]">&gt;&gt;</a>&nbsp;&nbsp;&nbsp;__2printf (via BLX)
<LI><a href="#[4f]">&gt;&gt;</a>&nbsp;&nbsp;&nbsp;__aeabi_memcpy (via BLX)
</UL>
<BR>[Address Reference Count : 1]<UL><LI> entry9a.o(.ARM.Collect$$$$0000000B)
</UL>
<P><STRONG><a name="[1a]"></a>SysFreq</STRONG> (ARM, 64 bytes, Stack size 0 bytes, sysfreq.o(.text), UNUSED, KEPT)
<BR><BR>[Called By]<UL><LI><a href="#[17]">&gt;&gt;</a>&nbsp;&nbsp;&nbsp;__rt_div0
</UL>

<P><STRONG><a name="[126]"></a>Delay_us</STRONG> (ARM, 44 bytes, Stack size 0 bytes, sysfreq.o(.text), UNUSED)

<P><STRONG><a name="[55]"></a>Delay_ms</STRONG> (ARM, 44 bytes, Stack size 0 bytes, sysfreq.o(.text))
<BR><BR>[Called By]<UL><LI><a href="#[7e]">&gt;&gt;</a>&nbsp;&nbsp;&nbsp;InitCH563MAC (via BLX)
<LI><a href="#[0]">&gt;&gt;</a>&nbsp;&nbsp;&nbsp;main
</UL>

<P><STRONG><a name="[62]"></a>GET_UNIQUE_ID</STRONG> (ARM, 72 bytes, Stack size 12 bytes, ISPXT56X_KIL31.O(.text), UNUSED)
<BR><BR>[Calls]<UL><LI><a href="#[5b]">&gt;&gt;</a>&nbsp;&nbsp;&nbsp;FLASH_ROM_ADDR
<LI><a href="#[61]">&gt;&gt;</a>&nbsp;&nbsp;&nbsp;FLASH_ROM_IN
<LI><a href="#[5f]">&gt;&gt;</a>&nbsp;&nbsp;&nbsp;FLASH_ROM_END
<LI><a href="#[5e]">&gt;&gt;</a>&nbsp;&nbsp;&nbsp;FLASH_ROM_BEG
</UL>

<P><STRONG><a name="[63]"></a>FLASH_ROM_PWR_DOWN</STRONG> (ARM, 20 bytes, Stack size 4 bytes, ISPXT56X_KIL31.O(.text), UNUSED)
<BR><BR>[Calls]<UL><LI><a href="#[5f]">&gt;&gt;</a>&nbsp;&nbsp;&nbsp;FLASH_ROM_END
<LI><a href="#[5e]">&gt;&gt;</a>&nbsp;&nbsp;&nbsp;FLASH_ROM_BEG
</UL>

<P><STRONG><a name="[64]"></a>FLASH_ROM_PWR_UP</STRONG> (ARM, 40 bytes, Stack size 4 bytes, ISPXT56X_KIL31.O(.text), UNUSED)
<BR><BR>[Calls]<UL><LI><a href="#[5f]">&gt;&gt;</a>&nbsp;&nbsp;&nbsp;FLASH_ROM_END
<LI><a href="#[5e]">&gt;&gt;</a>&nbsp;&nbsp;&nbsp;FLASH_ROM_BEG
</UL>

<P><STRONG><a name="[56]"></a>EEPROM_READ</STRONG> (ARM, 108 bytes, Stack size 20 bytes, ISPXT56X_KIL31.O(.text))
<BR><BR>[Stack]<UL><LI>Max Depth = 24<LI>Call Chain = EEPROM_READ &rArr; FLASH_ROM_ADDR
</UL>
<BR>[Calls]<UL><LI><a href="#[5b]">&gt;&gt;</a>&nbsp;&nbsp;&nbsp;FLASH_ROM_ADDR
<LI><a href="#[61]">&gt;&gt;</a>&nbsp;&nbsp;&nbsp;FLASH_ROM_IN
<LI><a href="#[5f]">&gt;&gt;</a>&nbsp;&nbsp;&nbsp;FLASH_ROM_END
<LI><a href="#[5e]">&gt;&gt;</a>&nbsp;&nbsp;&nbsp;FLASH_ROM_BEG
</UL>
<BR>[Called By]<UL><LI><a href="#[0]">&gt;&gt;</a>&nbsp;&nbsp;&nbsp;main
</UL>

<P><STRONG><a name="[2d]"></a>EEPROM_ERASE</STRONG> (ARM, 32 bytes, Stack size 12 bytes, ISPXT56X_KIL31.O(.text))
<BR><BR>[Stack]<UL><LI>Max Depth = 44<LI>Call Chain = EEPROM_ERASE &rArr; FLASH_EEPRM_ERASE &rArr; FLASH_ROM_WAIT
</UL>
<BR>[Calls]<UL><LI><a href="#[65]">&gt;&gt;</a>&nbsp;&nbsp;&nbsp;FLASH_EEPRM_ERASE
</UL>
<BR>[Called By]<UL><LI><a href="#[54]">&gt;&gt;</a>&nbsp;&nbsp;&nbsp;CH563_Default
<LI><a href="#[31]">&gt;&gt;</a>&nbsp;&nbsp;&nbsp;Refresh_Login
<LI><a href="#[2f]">&gt;&gt;</a>&nbsp;&nbsp;&nbsp;Refresh_Port
<LI><a href="#[2a]">&gt;&gt;</a>&nbsp;&nbsp;&nbsp;Refresh_Basic
</UL>

<P><STRONG><a name="[2e]"></a>EEPROM_WRITE</STRONG> (ARM, 164 bytes, Stack size 24 bytes, ISPXT56X_KIL31.O(.text))
<BR><BR>[Stack]<UL><LI>Max Depth = 32<LI>Call Chain = EEPROM_WRITE &rArr; FLASH_ROM_WAIT
</UL>
<BR>[Calls]<UL><LI><a href="#[60]">&gt;&gt;</a>&nbsp;&nbsp;&nbsp;FLASH_ROM_WAIT
<LI><a href="#[5d]">&gt;&gt;</a>&nbsp;&nbsp;&nbsp;FLASH_ROM_WR_EN
<LI><a href="#[5b]">&gt;&gt;</a>&nbsp;&nbsp;&nbsp;FLASH_ROM_ADDR
<LI><a href="#[5c]">&gt;&gt;</a>&nbsp;&nbsp;&nbsp;FLASH_ROM_OUT
</UL>
<BR>[Called By]<UL><LI><a href="#[54]">&gt;&gt;</a>&nbsp;&nbsp;&nbsp;CH563_Default
<LI><a href="#[31]">&gt;&gt;</a>&nbsp;&nbsp;&nbsp;Refresh_Login
<LI><a href="#[2f]">&gt;&gt;</a>&nbsp;&nbsp;&nbsp;Refresh_Port
<LI><a href="#[2a]">&gt;&gt;</a>&nbsp;&nbsp;&nbsp;Refresh_Basic
</UL>

<P><STRONG><a name="[66]"></a>ERASE_RESERVED</STRONG> (ARM, 48 bytes, Stack size 4 bytes, ISPXT56X_KIL31.O(.text), UNUSED)
<BR><BR>[Calls]<UL><LI><a href="#[61]">&gt;&gt;</a>&nbsp;&nbsp;&nbsp;FLASH_ROM_IN
<LI><a href="#[5e]">&gt;&gt;</a>&nbsp;&nbsp;&nbsp;FLASH_ROM_BEG
</UL>
<BR>[Called By]<UL><LI><a href="#[68]">&gt;&gt;</a>&nbsp;&nbsp;&nbsp;FLASH_ROM_WRITE
</UL>

<P><STRONG><a name="[67]"></a>FLASH_ROM_ERASE</STRONG> (ARM, 32 bytes, Stack size 12 bytes, ISPXT56X_KIL31.O(.text), UNUSED)
<BR><BR>[Calls]<UL><LI><a href="#[65]">&gt;&gt;</a>&nbsp;&nbsp;&nbsp;FLASH_EEPRM_ERASE
</UL>

<P><STRONG><a name="[68]"></a>FLASH_ROM_WRITE</STRONG> (ARM, 424 bytes, Stack size 48 bytes, ISPXT56X_KIL31.O(.text), UNUSED)
<BR><BR>[Calls]<UL><LI><a href="#[66]">&gt;&gt;</a>&nbsp;&nbsp;&nbsp;ERASE_RESERVED
<LI><a href="#[60]">&gt;&gt;</a>&nbsp;&nbsp;&nbsp;FLASH_ROM_WAIT
<LI><a href="#[5d]">&gt;&gt;</a>&nbsp;&nbsp;&nbsp;FLASH_ROM_WR_EN
<LI><a href="#[5b]">&gt;&gt;</a>&nbsp;&nbsp;&nbsp;FLASH_ROM_ADDR
<LI><a href="#[5c]">&gt;&gt;</a>&nbsp;&nbsp;&nbsp;FLASH_ROM_OUT
</UL>

<P><STRONG><a name="[69]"></a>FLASH_ROM_VERIFY</STRONG> (ARM, 232 bytes, Stack size 32 bytes, ISPXT56X_KIL31.O(.text), UNUSED)
<BR><BR>[Calls]<UL><LI><a href="#[5b]">&gt;&gt;</a>&nbsp;&nbsp;&nbsp;FLASH_ROM_ADDR
<LI><a href="#[61]">&gt;&gt;</a>&nbsp;&nbsp;&nbsp;FLASH_ROM_IN
<LI><a href="#[5f]">&gt;&gt;</a>&nbsp;&nbsp;&nbsp;FLASH_ROM_END
<LI><a href="#[5e]">&gt;&gt;</a>&nbsp;&nbsp;&nbsp;FLASH_ROM_BEG
</UL>

<P><STRONG><a name="[6a]"></a>FLASH_ROM_LOCK</STRONG> (ARM, 68 bytes, Stack size 8 bytes, ISPXT56X_KIL31.O(.text), UNUSED)
<BR><BR>[Calls]<UL><LI><a href="#[60]">&gt;&gt;</a>&nbsp;&nbsp;&nbsp;FLASH_ROM_WAIT
<LI><a href="#[5d]">&gt;&gt;</a>&nbsp;&nbsp;&nbsp;FLASH_ROM_WR_EN
<LI><a href="#[5c]">&gt;&gt;</a>&nbsp;&nbsp;&nbsp;FLASH_ROM_OUT
</UL>

<P><STRONG><a name="[6b]"></a>getword</STRONG> (Thumb, 36 bytes, Stack size 16 bytes, getword_KIL42.O(.text))
<BR><BR>[Stack]<UL><LI>Max Depth = 16<LI>Call Chain = getword
</UL>
<BR>[Calls]<UL><LI><a href="#[6c]">&gt;&gt;</a>&nbsp;&nbsp;&nbsp;getword2
</UL>
<BR>[Called By]<UL><LI><a href="#[3f]">&gt;&gt;</a>&nbsp;&nbsp;&nbsp;CH563NET_Init
</UL>

<P><STRONG><a name="[127]"></a>__aeabi_uidiv</STRONG> (Thumb, 0 bytes, Stack size 12 bytes, uidiv.o(.text), UNUSED)

<P><STRONG><a name="[52]"></a>__aeabi_uidivmod</STRONG> (Thumb, 44 bytes, Stack size 12 bytes, uidiv.o(.text))
<BR><BR>[Stack]<UL><LI>Max Depth = 12<LI>Call Chain = __aeabi_uidivmod
</UL>
<BR>[Called By]<UL><LI><a href="#[10a]">&gt;&gt;</a>&nbsp;&nbsp;&nbsp;tcp_enqueue
<LI><a href="#[11d]">&gt;&gt;</a>&nbsp;&nbsp;&nbsp;tcp_slowtmr
<LI><a href="#[51]">&gt;&gt;</a>&nbsp;&nbsp;&nbsp;mInitSTDIO (via BLX)
<LI><a href="#[c4]">&gt;&gt;</a>&nbsp;&nbsp;&nbsp;_printf_core
<LI><a href="#[6d]">&gt;&gt;</a>&nbsp;&nbsp;&nbsp;__aeabi_idivmod
</UL>

<P><STRONG><a name="[128]"></a>__aeabi_idiv</STRONG> (Thumb, 0 bytes, Stack size 16 bytes, idiv.o(.text), UNUSED)

<P><STRONG><a name="[6d]"></a>__aeabi_idivmod</STRONG> (Thumb, 40 bytes, Stack size 16 bytes, idiv.o(.text))
<BR><BR>[Stack]<UL><LI>Max Depth = 28<LI>Call Chain = __aeabi_idivmod &rArr; __aeabi_uidivmod
</UL>
<BR>[Calls]<UL><LI><a href="#[52]">&gt;&gt;</a>&nbsp;&nbsp;&nbsp;__aeabi_uidivmod
</UL>
<BR>[Called By]<UL><LI><a href="#[116]">&gt;&gt;</a>&nbsp;&nbsp;&nbsp;tcp_receive
</UL>

<P><STRONG><a name="[4f]"></a>__aeabi_memcpy</STRONG> (Thumb, 36 bytes, Stack size 0 bytes, memcpya.o(.text))
<BR><BR>[Called By]<UL><LI><a href="#[c9]">&gt;&gt;</a>&nbsp;&nbsp;&nbsp;etharp_arp_input
<LI><a href="#[d1]">&gt;&gt;</a>&nbsp;&nbsp;&nbsp;etharp_raw
<LI><a href="#[e]">&gt;&gt;</a>&nbsp;&nbsp;&nbsp;low_level_output
<LI><a href="#[d4]">&gt;&gt;</a>&nbsp;&nbsp;&nbsp;low_level_input
<LI><a href="#[10a]">&gt;&gt;</a>&nbsp;&nbsp;&nbsp;tcp_enqueue
<LI><a href="#[dd]">&gt;&gt;</a>&nbsp;&nbsp;&nbsp;pbuf_copy
<LI><a href="#[89]">&gt;&gt;</a>&nbsp;&nbsp;&nbsp;tcp_connect
<LI><a href="#[97]">&gt;&gt;</a>&nbsp;&nbsp;&nbsp;tcp_bind
<LI><a href="#[7f]">&gt;&gt;</a>&nbsp;&nbsp;&nbsp;SetupNetif
<LI><a href="#[9e]">&gt;&gt;</a>&nbsp;&nbsp;&nbsp;SocketUdpSend
<LI><a href="#[9d]">&gt;&gt;</a>&nbsp;&nbsp;&nbsp;SocketIPRawSend
<LI><a href="#[6]">&gt;&gt;</a>&nbsp;&nbsp;&nbsp;CH563SocketTCPReceive
<LI><a href="#[49]">&gt;&gt;</a>&nbsp;&nbsp;&nbsp;CH563NET_SocketUdpSendTo
<LI><a href="#[42]">&gt;&gt;</a>&nbsp;&nbsp;&nbsp;CH563NET_SocketRecv
<LI><a href="#[3f]">&gt;&gt;</a>&nbsp;&nbsp;&nbsp;CH563NET_Init
<LI><a href="#[0]">&gt;&gt;</a>&nbsp;&nbsp;&nbsp;main (via BLX)
<LI><a href="#[4e]">&gt;&gt;</a>&nbsp;&nbsp;&nbsp;CH563NET_Creat_Cfg_Socket (via BLX)
<LI><a href="#[f1]">&gt;&gt;</a>&nbsp;&nbsp;&nbsp;ip_reass_free_complete_datagram
<LI><a href="#[e8]">&gt;&gt;</a>&nbsp;&nbsp;&nbsp;ip_reass
<LI><a href="#[e4]">&gt;&gt;</a>&nbsp;&nbsp;&nbsp;ip_frag
<LI><a href="#[d9]">&gt;&gt;</a>&nbsp;&nbsp;&nbsp;icmp_input
<LI><a href="#[d8]">&gt;&gt;</a>&nbsp;&nbsp;&nbsp;icmp_send_response
</UL>

<P><STRONG><a name="[a3]"></a>__aeabi_memcpy4</STRONG> (Thumb, 0 bytes, Stack size 0 bytes, memcpya.o(.text))
<BR><BR>[Called By]<UL><LI><a href="#[11a]">&gt;&gt;</a>&nbsp;&nbsp;&nbsp;tcp_seg_copy
<LI><a href="#[7d]">&gt;&gt;</a>&nbsp;&nbsp;&nbsp;CH563SocketInit
</UL>

<P><STRONG><a name="[129]"></a>__aeabi_memcpy8</STRONG> (Thumb, 0 bytes, Stack size 0 bytes, memcpya.o(.text), UNUSED)

<P><STRONG><a name="[6e]"></a>__aeabi_memset</STRONG> (Thumb, 16 bytes, Stack size 0 bytes, memseta.o(.text))
<BR><BR>[Called By]<UL><LI><a href="#[6f]">&gt;&gt;</a>&nbsp;&nbsp;&nbsp;_memset$wrapper
<LI><a href="#[2b]">&gt;&gt;</a>&nbsp;&nbsp;&nbsp;__aeabi_memclr
</UL>

<P><STRONG><a name="[12a]"></a>__aeabi_memset4</STRONG> (Thumb, 0 bytes, Stack size 0 bytes, memseta.o(.text), UNUSED)

<P><STRONG><a name="[12b]"></a>__aeabi_memset8</STRONG> (Thumb, 0 bytes, Stack size 0 bytes, memseta.o(.text), UNUSED)

<P><STRONG><a name="[2b]"></a>__aeabi_memclr</STRONG> (Thumb, 4 bytes, Stack size 0 bytes, memseta.o(.text))
<BR><BR>[Calls]<UL><LI><a href="#[6e]">&gt;&gt;</a>&nbsp;&nbsp;&nbsp;__aeabi_memset
</UL>
<BR>[Called By]<UL><LI><a href="#[36]">&gt;&gt;</a>&nbsp;&nbsp;&nbsp;Web_Server (via BLX)
<LI><a href="#[31]">&gt;&gt;</a>&nbsp;&nbsp;&nbsp;Refresh_Login (via BLX)
<LI><a href="#[2f]">&gt;&gt;</a>&nbsp;&nbsp;&nbsp;Refresh_Port (via BLX)
<LI><a href="#[2a]">&gt;&gt;</a>&nbsp;&nbsp;&nbsp;Refresh_Basic (via BLX)
</UL>

<P><STRONG><a name="[24]"></a>__aeabi_memclr4</STRONG> (Thumb, 0 bytes, Stack size 0 bytes, memseta.o(.text))
<BR><BR>[Called By]<UL><LI><a href="#[77]">&gt;&gt;</a>&nbsp;&nbsp;&nbsp;alloc_txdes
<LI><a href="#[c8]">&gt;&gt;</a>&nbsp;&nbsp;&nbsp;alloc_rxdes
<LI><a href="#[104]">&gt;&gt;</a>&nbsp;&nbsp;&nbsp;tcp_alloc
<LI><a href="#[8f]">&gt;&gt;</a>&nbsp;&nbsp;&nbsp;udp_new
<LI><a href="#[8b]">&gt;&gt;</a>&nbsp;&nbsp;&nbsp;raw_new
<LI><a href="#[d3]">&gt;&gt;</a>&nbsp;&nbsp;&nbsp;low_level_init
<LI><a href="#[b6]">&gt;&gt;</a>&nbsp;&nbsp;&nbsp;LwipRemoveTcpPcb
<LI><a href="#[7d]">&gt;&gt;</a>&nbsp;&nbsp;&nbsp;CH563SocketInit
<LI><a href="#[3f]">&gt;&gt;</a>&nbsp;&nbsp;&nbsp;CH563NET_Init
<LI><a href="#[4e]">&gt;&gt;</a>&nbsp;&nbsp;&nbsp;CH563NET_Creat_Cfg_Socket (via BLX)
<LI><a href="#[4a]">&gt;&gt;</a>&nbsp;&nbsp;&nbsp;CH563NET_Creat_Web_TcpSocket (via BLX)
<LI><a href="#[34]">&gt;&gt;</a>&nbsp;&nbsp;&nbsp;Init_Para_Tab (via BLX)
<LI><a href="#[33]">&gt;&gt;</a>&nbsp;&nbsp;&nbsp;copy_flash (via BLX)
<LI><a href="#[32]">&gt;&gt;</a>&nbsp;&nbsp;&nbsp;Refresh_Html (via BLX)
<LI><a href="#[31]">&gt;&gt;</a>&nbsp;&nbsp;&nbsp;Refresh_Login (via BLX)
<LI><a href="#[2f]">&gt;&gt;</a>&nbsp;&nbsp;&nbsp;Refresh_Port (via BLX)
<LI><a href="#[2a]">&gt;&gt;</a>&nbsp;&nbsp;&nbsp;Refresh_Basic (via BLX)
<LI><a href="#[23]">&gt;&gt;</a>&nbsp;&nbsp;&nbsp;GetUriName (via BLX)
<LI><a href="#[e8]">&gt;&gt;</a>&nbsp;&nbsp;&nbsp;ip_reass
</UL>

<P><STRONG><a name="[12c]"></a>__aeabi_memclr8</STRONG> (Thumb, 0 bytes, Stack size 0 bytes, memseta.o(.text), UNUSED)

<P><STRONG><a name="[6f]"></a>_memset$wrapper</STRONG> (Thumb, 18 bytes, Stack size 8 bytes, memseta.o(.text), UNUSED)
<BR><BR>[Calls]<UL><LI><a href="#[6e]">&gt;&gt;</a>&nbsp;&nbsp;&nbsp;__aeabi_memset
</UL>

<P><STRONG><a name="[26]"></a>strstr</STRONG> (Thumb, 40 bytes, Stack size 12 bytes, strstr.o(.text))
<BR><BR>[Stack]<UL><LI>Max Depth = 12<LI>Call Chain = strstr
</UL>
<BR>[Called By]<UL><LI><a href="#[36]">&gt;&gt;</a>&nbsp;&nbsp;&nbsp;Web_Server (via BLX)
<LI><a href="#[32]">&gt;&gt;</a>&nbsp;&nbsp;&nbsp;Refresh_Html (via BLX)
<LI><a href="#[29]">&gt;&gt;</a>&nbsp;&nbsp;&nbsp;DataLocate (via BLX)
<LI><a href="#[25]">&gt;&gt;</a>&nbsp;&nbsp;&nbsp;ParseUriType (via BLX)
</UL>

<P><STRONG><a name="[27]"></a>strlen</STRONG> (Thumb, 14 bytes, Stack size 0 bytes, strlen.o(.text))
<BR><BR>[Called By]<UL><LI><a href="#[36]">&gt;&gt;</a>&nbsp;&nbsp;&nbsp;Web_Server (via BLX)
<LI><a href="#[33]">&gt;&gt;</a>&nbsp;&nbsp;&nbsp;copy_flash (via BLX)
<LI><a href="#[32]">&gt;&gt;</a>&nbsp;&nbsp;&nbsp;Refresh_Html (via BLX)
<LI><a href="#[29]">&gt;&gt;</a>&nbsp;&nbsp;&nbsp;DataLocate (via BLX)
<LI><a href="#[25]">&gt;&gt;</a>&nbsp;&nbsp;&nbsp;ParseUriType (via BLX)
</UL>

<P><STRONG><a name="[21]"></a>strcmp</STRONG> (Thumb, 32 bytes, Stack size 8 bytes, strcmp.o(.text))
<BR><BR>[Stack]<UL><LI>Max Depth = 8<LI>Call Chain = strcmp
</UL>
<BR>[Called By]<UL><LI><a href="#[2f]">&gt;&gt;</a>&nbsp;&nbsp;&nbsp;Refresh_Port (via BLX)
<LI><a href="#[23]">&gt;&gt;</a>&nbsp;&nbsp;&nbsp;GetUriName (via BLX)
<LI><a href="#[1f]">&gt;&gt;</a>&nbsp;&nbsp;&nbsp;ParseHttpRequest (via BLX)
</UL>

<P><STRONG><a name="[22]"></a>strcpy</STRONG> (Thumb, 18 bytes, Stack size 0 bytes, strcpy.o(.text))
<BR><BR>[Called By]<UL><LI><a href="#[34]">&gt;&gt;</a>&nbsp;&nbsp;&nbsp;Init_Para_Tab (via BLX)
<LI><a href="#[28]">&gt;&gt;</a>&nbsp;&nbsp;&nbsp;MakeHttpResponse (via BLX)
<LI><a href="#[23]">&gt;&gt;</a>&nbsp;&nbsp;&nbsp;GetUriName (via BLX)
<LI><a href="#[1f]">&gt;&gt;</a>&nbsp;&nbsp;&nbsp;ParseHttpRequest (via BLX)
</UL>

<P><STRONG><a name="[20]"></a>strtok</STRONG> (Thumb, 70 bytes, Stack size 16 bytes, strtok.o(.text))
<BR><BR>[Stack]<UL><LI>Max Depth = 16<LI>Call Chain = strtok
</UL>
<BR>[Called By]<UL><LI><a href="#[2f]">&gt;&gt;</a>&nbsp;&nbsp;&nbsp;Refresh_Port (via BLX)
<LI><a href="#[2a]">&gt;&gt;</a>&nbsp;&nbsp;&nbsp;Refresh_Basic (via BLX)
<LI><a href="#[1f]">&gt;&gt;</a>&nbsp;&nbsp;&nbsp;ParseHttpRequest (via BLX)
</UL>

<P><STRONG><a name="[af]"></a>__aeabi_uread4</STRONG> (Thumb, 20 bytes, Stack size 0 bytes, uread4.o(.text))
<BR><BR>[Called By]<UL><LI><a href="#[d2]">&gt;&gt;</a>&nbsp;&nbsp;&nbsp;ip_input
<LI><a href="#[ce]">&gt;&gt;</a>&nbsp;&nbsp;&nbsp;etharp_query
<LI><a href="#[cc]">&gt;&gt;</a>&nbsp;&nbsp;&nbsp;etharp_ip_input
<LI><a href="#[cb]">&gt;&gt;</a>&nbsp;&nbsp;&nbsp;update_arp_entry
<LI><a href="#[cf]">&gt;&gt;</a>&nbsp;&nbsp;&nbsp;find_entry
<LI><a href="#[d]">&gt;&gt;</a>&nbsp;&nbsp;&nbsp;etharp_output
<LI><a href="#[ae]">&gt;&gt;</a>&nbsp;&nbsp;&nbsp;IPCheckTmr
<LI><a href="#[df]">&gt;&gt;</a>&nbsp;&nbsp;&nbsp;ip_output_if
<LI><a href="#[ea]">&gt;&gt;</a>&nbsp;&nbsp;&nbsp;udp_input
<LI><a href="#[e3]">&gt;&gt;</a>&nbsp;&nbsp;&nbsp;inet_chksum_pseudo
<LI><a href="#[117]">&gt;&gt;</a>&nbsp;&nbsp;&nbsp;tcp_rexmit
<LI><a href="#[115]">&gt;&gt;</a>&nbsp;&nbsp;&nbsp;tcp_output_segment
<LI><a href="#[11e]">&gt;&gt;</a>&nbsp;&nbsp;&nbsp;tcp_zero_window_probe
<LI><a href="#[10a]">&gt;&gt;</a>&nbsp;&nbsp;&nbsp;tcp_enqueue
<LI><a href="#[ec]">&gt;&gt;</a>&nbsp;&nbsp;&nbsp;ip_route
<LI><a href="#[f9]">&gt;&gt;</a>&nbsp;&nbsp;&nbsp;netif_set_netmask
<LI><a href="#[f8]">&gt;&gt;</a>&nbsp;&nbsp;&nbsp;netif_set_ipaddr
<LI><a href="#[fa]">&gt;&gt;</a>&nbsp;&nbsp;&nbsp;netif_set_gw
<LI><a href="#[93]">&gt;&gt;</a>&nbsp;&nbsp;&nbsp;udp_connect
<LI><a href="#[92]">&gt;&gt;</a>&nbsp;&nbsp;&nbsp;udp_bind
<LI><a href="#[c0]">&gt;&gt;</a>&nbsp;&nbsp;&nbsp;tcp_output
<LI><a href="#[97]">&gt;&gt;</a>&nbsp;&nbsp;&nbsp;tcp_bind
<LI><a href="#[8d]">&gt;&gt;</a>&nbsp;&nbsp;&nbsp;raw_connect
<LI><a href="#[8c]">&gt;&gt;</a>&nbsp;&nbsp;&nbsp;raw_bind
<LI><a href="#[91]">&gt;&gt;</a>&nbsp;&nbsp;&nbsp;ip_addr_isbroadcast
<LI><a href="#[3]">&gt;&gt;</a>&nbsp;&nbsp;&nbsp;SocketUdpReceive
<LI><a href="#[f1]">&gt;&gt;</a>&nbsp;&nbsp;&nbsp;ip_reass_free_complete_datagram
<LI><a href="#[ef]">&gt;&gt;</a>&nbsp;&nbsp;&nbsp;ip_reass_chain_frag_into_datagram_and_validate
<LI><a href="#[e8]">&gt;&gt;</a>&nbsp;&nbsp;&nbsp;ip_reass
<LI><a href="#[d9]">&gt;&gt;</a>&nbsp;&nbsp;&nbsp;icmp_input
<LI><a href="#[eb]">&gt;&gt;</a>&nbsp;&nbsp;&nbsp;tcp_input
<LI><a href="#[116]">&gt;&gt;</a>&nbsp;&nbsp;&nbsp;tcp_receive
<LI><a href="#[10e]">&gt;&gt;</a>&nbsp;&nbsp;&nbsp;tcp_process
<LI><a href="#[112]">&gt;&gt;</a>&nbsp;&nbsp;&nbsp;tcp_oos_insert_segment
<LI><a href="#[10d]">&gt;&gt;</a>&nbsp;&nbsp;&nbsp;tcp_listen_input
</UL>

<P><STRONG><a name="[12d]"></a>__rt_uread4</STRONG> (Thumb, 0 bytes, Stack size 0 bytes, uread4.o(.text), UNUSED)

<P><STRONG><a name="[12e]"></a>_uread4</STRONG> (Thumb, 0 bytes, Stack size 0 bytes, uread4.o(.text), UNUSED)

<P><STRONG><a name="[ad]"></a>__aeabi_uwrite4</STRONG> (Thumb, 18 bytes, Stack size 0 bytes, uwrite4.o(.text))
<BR><BR>[Called By]<UL><LI><a href="#[ae]">&gt;&gt;</a>&nbsp;&nbsp;&nbsp;IPCheckTmr
<LI><a href="#[df]">&gt;&gt;</a>&nbsp;&nbsp;&nbsp;ip_output_if
<LI><a href="#[110]">&gt;&gt;</a>&nbsp;&nbsp;&nbsp;tcp_output_set_header
<LI><a href="#[115]">&gt;&gt;</a>&nbsp;&nbsp;&nbsp;tcp_output_segment
<LI><a href="#[103]">&gt;&gt;</a>&nbsp;&nbsp;&nbsp;tcp_rst
<LI><a href="#[10a]">&gt;&gt;</a>&nbsp;&nbsp;&nbsp;tcp_enqueue
<LI><a href="#[79]">&gt;&gt;</a>&nbsp;&nbsp;&nbsp;IPCheckParaInit
<LI><a href="#[ef]">&gt;&gt;</a>&nbsp;&nbsp;&nbsp;ip_reass_chain_frag_into_datagram_and_validate
<LI><a href="#[d9]">&gt;&gt;</a>&nbsp;&nbsp;&nbsp;icmp_input
<LI><a href="#[eb]">&gt;&gt;</a>&nbsp;&nbsp;&nbsp;tcp_input
<LI><a href="#[116]">&gt;&gt;</a>&nbsp;&nbsp;&nbsp;tcp_receive
</UL>

<P><STRONG><a name="[12f]"></a>__rt_uwrite4</STRONG> (Thumb, 0 bytes, Stack size 0 bytes, uwrite4.o(.text), UNUSED)

<P><STRONG><a name="[130]"></a>_uwrite4</STRONG> (Thumb, 0 bytes, Stack size 0 bytes, uwrite4.o(.text), UNUSED)

<P><STRONG><a name="[2c]"></a>atoi</STRONG> (Thumb, 26 bytes, Stack size 16 bytes, atoi.o(.text))
<BR><BR>[Stack]<UL><LI>Max Depth = 88<LI>Call Chain = atoi &rArr; strtol &rArr; _strtoul
</UL>
<BR>[Calls]<UL><LI><a href="#[71]">&gt;&gt;</a>&nbsp;&nbsp;&nbsp;strtol
<LI><a href="#[70]">&gt;&gt;</a>&nbsp;&nbsp;&nbsp;__aeabi_errno_addr
</UL>
<BR>[Called By]<UL><LI><a href="#[2f]">&gt;&gt;</a>&nbsp;&nbsp;&nbsp;Refresh_Port (via BLX)
<LI><a href="#[2a]">&gt;&gt;</a>&nbsp;&nbsp;&nbsp;Refresh_Basic (via BLX)
</UL>

<P><STRONG><a name="[71]"></a>strtol</STRONG> (Thumb, 108 bytes, Stack size 32 bytes, strtol.o(.text))
<BR><BR>[Stack]<UL><LI>Max Depth = 72<LI>Call Chain = strtol &rArr; _strtoul
</UL>
<BR>[Calls]<UL><LI><a href="#[70]">&gt;&gt;</a>&nbsp;&nbsp;&nbsp;__aeabi_errno_addr
<LI><a href="#[73]">&gt;&gt;</a>&nbsp;&nbsp;&nbsp;_strtoul
<LI><a href="#[72]">&gt;&gt;</a>&nbsp;&nbsp;&nbsp;__rt_ctype_table
</UL>
<BR>[Called By]<UL><LI><a href="#[2c]">&gt;&gt;</a>&nbsp;&nbsp;&nbsp;atoi
</UL>

<P><STRONG><a name="[1c]"></a>__scatterload</STRONG> (Thumb, 22 bytes, Stack size 0 bytes, init.o(.text))
<BR><BR>[Calls]<UL><LI><a href="#[74]">&gt;&gt;</a>&nbsp;&nbsp;&nbsp;__main_after_scatterload (via BLX)
</UL>
<BR>[Called By]<UL><LI><a href="#[1b]">&gt;&gt;</a>&nbsp;&nbsp;&nbsp;_main_scatterload (via BLX)
</UL>

<P><STRONG><a name="[131]"></a>__scatterload_rt2</STRONG> (Thumb, 0 bytes, Stack size 0 bytes, init.o(.text), UNUSED)

<P><STRONG><a name="[72]"></a>__rt_ctype_table</STRONG> (Thumb, 4 bytes, Stack size 0 bytes, ctype_o.o(.text))
<BR><BR>[Called By]<UL><LI><a href="#[71]">&gt;&gt;</a>&nbsp;&nbsp;&nbsp;strtol
</UL>

<P><STRONG><a name="[73]"></a>_strtoul</STRONG> (Thumb, 168 bytes, Stack size 40 bytes, _strtoul.o(.text))
<BR><BR>[Stack]<UL><LI>Max Depth = 40<LI>Call Chain = _strtoul
</UL>
<BR>[Calls]<UL><LI><a href="#[70]">&gt;&gt;</a>&nbsp;&nbsp;&nbsp;__aeabi_errno_addr
<LI><a href="#[75]">&gt;&gt;</a>&nbsp;&nbsp;&nbsp;_chval
</UL>
<BR>[Called By]<UL><LI><a href="#[71]">&gt;&gt;</a>&nbsp;&nbsp;&nbsp;strtol
</UL>

<P><STRONG><a name="[75]"></a>_chval</STRONG> (Thumb, 30 bytes, Stack size 0 bytes, _chval.o(.text))
<BR><BR>[Called By]<UL><LI><a href="#[73]">&gt;&gt;</a>&nbsp;&nbsp;&nbsp;_strtoul
</UL>

<P><STRONG><a name="[132]"></a>__decompress</STRONG> (ARM, 0 bytes, Stack size unknown bytes, __dczerorl2.o(.text), UNUSED)

<P><STRONG><a name="[133]"></a>__decompress1</STRONG> (ARM, 120 bytes, Stack size unknown bytes, __dczerorl2.o(.text), UNUSED)

<P><STRONG><a name="[76]"></a>CH395MACTXDMARealloc</STRONG> (Thumb, 26 bytes, Stack size 8 bytes, ftmac110.o(i.CH395MACTXDMARealloc))
<BR><BR>[Stack]<UL><LI>Max Depth = 16<LI>Call Chain = CH395MACTXDMARealloc &rArr; alloc_txdes
</UL>
<BR>[Calls]<UL><LI><a href="#[77]">&gt;&gt;</a>&nbsp;&nbsp;&nbsp;alloc_txdes
</UL>
<BR>[Called By]<UL><LI><a href="#[12]">&gt;&gt;</a>&nbsp;&nbsp;&nbsp;ftmac110_xmit
</UL>

<P><STRONG><a name="[78]"></a>CH563EtherNetIsr</STRONG> (Thumb, 30 bytes, Stack size 8 bytes, ch563sock.o(i.CH563EtherNetIsr))
<BR><BR>[Stack]<UL><LI>Max Depth = 24<LI>Call Chain = CH563EtherNetIsr &rArr; IPCheckParaInit
</UL>
<BR>[Calls]<UL><LI><a href="#[79]">&gt;&gt;</a>&nbsp;&nbsp;&nbsp;IPCheckParaInit
</UL>
<BR>[Called By]<UL><LI><a href="#[7c]">&gt;&gt;</a>&nbsp;&nbsp;&nbsp;ftmac110_isr
</UL>

<P><STRONG><a name="[b7]"></a>CH563FileCorrectTCBPcb</STRONG> (Thumb, 94 bytes, Stack size 12 bytes, ch563sock.o(i.CH563FileCorrectTCBPcb))
<BR><BR>[Stack]<UL><LI>Max Depth = 12<LI>Call Chain = CH563FileCorrectTCBPcb
</UL>
<BR>[Called By]<UL><LI><a href="#[b6]">&gt;&gt;</a>&nbsp;&nbsp;&nbsp;LwipRemoveTcpPcb
<LI><a href="#[eb]">&gt;&gt;</a>&nbsp;&nbsp;&nbsp;tcp_input
</UL>

<P><STRONG><a name="[7a]"></a>CH563IPSetSocketRecvInit</STRONG> (Thumb, 48 bytes, Stack size 16 bytes, ch563sock.o(i.CH563IPSetSocketRecvInit))
<BR><BR>[Stack]<UL><LI>Max Depth = 348<LI>Call Chain = CH563IPSetSocketRecvInit &rArr; CH563ScokedIntHandle &rArr; tcp_close &rArr;  LwipRemoveTcpPcb (Cycle)
</UL>
<BR>[Calls]<UL><LI><a href="#[7b]">&gt;&gt;</a>&nbsp;&nbsp;&nbsp;CH563ScokedIntHandle
</UL>
<BR>[Called By]<UL><LI><a href="#[59]">&gt;&gt;</a>&nbsp;&nbsp;&nbsp;CH563NET_MainTask
</UL>

<P><STRONG><a name="[f]"></a>CH563MACRxSuccHandle</STRONG> (Thumb, 152 bytes, Stack size 20 bytes, ethernetif.o(i.CH563MACRxSuccHandle))
<BR><BR>[Stack]<UL><LI>Max Depth = 20<LI>Call Chain = CH563MACRxSuccHandle
</UL>
<BR>[Address Reference Count : 1]<UL><LI> ethernetif.o(i.low_level_init)
</UL>
<P><STRONG><a name="[3e]"></a>CH563NET_ConfigLIB</STRONG> (Thumb, 26 bytes, Stack size 0 bytes, ch563sock.o(i.CH563NET_ConfigLIB))
<BR><BR>[Called By]<UL><LI><a href="#[3c]">&gt;&gt;</a>&nbsp;&nbsp;&nbsp;CH563NET_LibInit (via BLX)
</UL>

<P><STRONG><a name="[3a]"></a>CH563NET_ETHIsr</STRONG> (Thumb, 10 bytes, Stack size 8 bytes, ch563sock.o(i.CH563NET_ETHIsr))
<BR><BR>[Stack]<UL><LI>Max Depth = 48<LI>Call Chain = CH563NET_ETHIsr &rArr; ftmac110_isr &rArr; CH563EtherNetIsr &rArr; IPCheckParaInit
</UL>
<BR>[Calls]<UL><LI><a href="#[7c]">&gt;&gt;</a>&nbsp;&nbsp;&nbsp;ftmac110_isr
</UL>
<BR>[Called By]<UL><LI><a href="#[18]">&gt;&gt;</a>&nbsp;&nbsp;&nbsp;IRQ_Handler (via BLX)
</UL>

<P><STRONG><a name="[45]"></a>CH563NET_GetGlobalInt</STRONG> (Thumb, 14 bytes, Stack size 4 bytes, ch563sock.o(i.CH563NET_GetGlobalInt))
<BR><BR>[Stack]<UL><LI>Max Depth = 12<LI>Call Chain = CH563NET_GetGlobalInt &rArr; CH563NET_QueryGlobalInt
</UL>
<BR>[Calls]<UL><LI><a href="#[5a]">&gt;&gt;</a>&nbsp;&nbsp;&nbsp;CH563NET_QueryGlobalInt
</UL>
<BR>[Called By]<UL><LI><a href="#[44]">&gt;&gt;</a>&nbsp;&nbsp;&nbsp;CH563NET_HandleGlobalInt (via BLX)
</UL>

<P><STRONG><a name="[46]"></a>CH563NET_GetPHYStatus</STRONG> (Thumb, 10 bytes, Stack size 0 bytes, ch563sock.o(i.CH563NET_GetPHYStatus))
<BR><BR>[Called By]<UL><LI><a href="#[44]">&gt;&gt;</a>&nbsp;&nbsp;&nbsp;CH563NET_HandleGlobalInt (via BLX)
</UL>

<P><STRONG><a name="[47]"></a>CH563NET_GetSocketInt</STRONG> (Thumb, 26 bytes, Stack size 0 bytes, ch563sock.o(i.CH563NET_GetSocketInt))
<BR><BR>[Called By]<UL><LI><a href="#[44]">&gt;&gt;</a>&nbsp;&nbsp;&nbsp;CH563NET_HandleGlobalInt (via BLX)
</UL>

<P><STRONG><a name="[3d]"></a>CH563NET_GetVer</STRONG> (Thumb, 4 bytes, Stack size 0 bytes, ch563sock.o(i.CH563NET_GetVer))
<BR><BR>[Called By]<UL><LI><a href="#[3c]">&gt;&gt;</a>&nbsp;&nbsp;&nbsp;CH563NET_LibInit (via BLX)
</UL>

<P><STRONG><a name="[3f]"></a>CH563NET_Init</STRONG> (Thumb, 238 bytes, Stack size 24 bytes, ch563sock.o(i.CH563NET_Init))
<BR><BR>[Stack]<UL><LI>Max Depth = 540<LI>Call Chain = CH563NET_Init &rArr; SetupNetif &rArr; netif_add &rArr; netif_set_addr &rArr; netif_set_ipaddr &rArr; tcp_abandon &rArr; LwipRemoveTcpPcb &rArr; CH563ScokedIntHandle &rArr; tcp_close &rArr;  LwipRemoveTcpPcb (Cycle)
</UL>
<BR>[Calls]<UL><LI><a href="#[6b]">&gt;&gt;</a>&nbsp;&nbsp;&nbsp;getword
<LI><a href="#[7f]">&gt;&gt;</a>&nbsp;&nbsp;&nbsp;SetupNetif
<LI><a href="#[7e]">&gt;&gt;</a>&nbsp;&nbsp;&nbsp;InitCH563MAC
<LI><a href="#[7d]">&gt;&gt;</a>&nbsp;&nbsp;&nbsp;CH563SocketInit
<LI><a href="#[24]">&gt;&gt;</a>&nbsp;&nbsp;&nbsp;__aeabi_memclr4
<LI><a href="#[4f]">&gt;&gt;</a>&nbsp;&nbsp;&nbsp;__aeabi_memcpy
</UL>
<BR>[Called By]<UL><LI><a href="#[3c]">&gt;&gt;</a>&nbsp;&nbsp;&nbsp;CH563NET_LibInit (via BLX)
</UL>

<P><STRONG><a name="[59]"></a>CH563NET_MainTask</STRONG> (Thumb, 34 bytes, Stack size 8 bytes, ch563sock.o(i.CH563NET_MainTask))
<BR><BR>[Stack]<UL><LI>Max Depth = 444<LI>Call Chain = CH563NET_MainTask &rArr; LwIPPeriodicHandle &rArr; tcp_tmr &rArr; tcp_slowtmr &rArr; LwipRemoveTcpPcb &rArr; CH563ScokedIntHandle &rArr; tcp_close &rArr;  LwipRemoveTcpPcb (Cycle)
</UL>
<BR>[Calls]<UL><LI><a href="#[82]">&gt;&gt;</a>&nbsp;&nbsp;&nbsp;ethernetif_input
<LI><a href="#[80]">&gt;&gt;</a>&nbsp;&nbsp;&nbsp;RemoveTimeWaiTCP
<LI><a href="#[81]">&gt;&gt;</a>&nbsp;&nbsp;&nbsp;QuaryEthRxDma
<LI><a href="#[83]">&gt;&gt;</a>&nbsp;&nbsp;&nbsp;LwIPPeriodicHandle
<LI><a href="#[7a]">&gt;&gt;</a>&nbsp;&nbsp;&nbsp;CH563IPSetSocketRecvInit
</UL>
<BR>[Called By]<UL><LI><a href="#[9f]">&gt;&gt;</a>&nbsp;&nbsp;&nbsp;SocketTcpSend
<LI><a href="#[0]">&gt;&gt;</a>&nbsp;&nbsp;&nbsp;main (via BLX)
</UL>

<P><STRONG><a name="[43]"></a>CH563NET_ModifyRecvBuf</STRONG> (Thumb, 56 bytes, Stack size 8 bytes, ch563sock.o(i.CH563NET_ModifyRecvBuf))
<BR><BR>[Stack]<UL><LI>Max Depth = 300<LI>Call Chain = CH563NET_ModifyRecvBuf &rArr; tcp_recved_socket &rArr; tcp_output &rArr; tcp_send_empty_ack &rArr; ip_output &rArr; ip_output_if &rArr; ip_frag &rArr; pbuf_alloc &rArr; pbuf_free &rArr; mem_free &rArr; plug_holes
</UL>
<BR>[Calls]<UL><LI><a href="#[84]">&gt;&gt;</a>&nbsp;&nbsp;&nbsp;tcp_recved_socket
</UL>
<BR>[Called By]<UL><LI><a href="#[40]">&gt;&gt;</a>&nbsp;&nbsp;&nbsp;CH563NET_HandleSockInt (via BLX)
</UL>

<P><STRONG><a name="[5a]"></a>CH563NET_QueryGlobalInt</STRONG> (Thumb, 52 bytes, Stack size 8 bytes, ch563sock.o(i.CH563NET_QueryGlobalInt))
<BR><BR>[Stack]<UL><LI>Max Depth = 8<LI>Call Chain = CH563NET_QueryGlobalInt
</UL>
<BR>[Called By]<UL><LI><a href="#[45]">&gt;&gt;</a>&nbsp;&nbsp;&nbsp;CH563NET_GetGlobalInt
<LI><a href="#[0]">&gt;&gt;</a>&nbsp;&nbsp;&nbsp;main (via BLX)
</UL>

<P><STRONG><a name="[38]"></a>CH563NET_SocketClose</STRONG> (Thumb, 76 bytes, Stack size 8 bytes, ch563sock.o(i.CH563NET_SocketClose))
<BR><BR>[Stack]<UL><LI>Max Depth = 444<LI>Call Chain = CH563NET_SocketClose &rArr; CloseTcpPCB &rArr; tcp_abandon &rArr; LwipRemoveTcpPcb &rArr; CH563ScokedIntHandle &rArr; tcp_close &rArr;  LwipRemoveTcpPcb (Cycle)
</UL>
<BR>[Calls]<UL><LI><a href="#[88]">&gt;&gt;</a>&nbsp;&nbsp;&nbsp;ErrorEncode
<LI><a href="#[85]">&gt;&gt;</a>&nbsp;&nbsp;&nbsp;CloseUpdConnect
<LI><a href="#[86]">&gt;&gt;</a>&nbsp;&nbsp;&nbsp;CloseTcpPCB
<LI><a href="#[87]">&gt;&gt;</a>&nbsp;&nbsp;&nbsp;CloseIPRAWConnect
</UL>
<BR>[Called By]<UL><LI><a href="#[36]">&gt;&gt;</a>&nbsp;&nbsp;&nbsp;Web_Server (via BLX)
</UL>

<P><STRONG><a name="[50]"></a>CH563NET_SocketConnect</STRONG> (Thumb, 84 bytes, Stack size 24 bytes, ch563sock.o(i.CH563NET_SocketConnect))
<BR><BR>[Stack]<UL><LI>Max Depth = 356<LI>Call Chain = CH563NET_SocketConnect &rArr; tcp_connect &rArr; tcp_output &rArr; tcp_send_empty_ack &rArr; ip_output &rArr; ip_output_if &rArr; ip_frag &rArr; pbuf_alloc &rArr; pbuf_free &rArr; mem_free &rArr; plug_holes
</UL>
<BR>[Calls]<UL><LI><a href="#[89]">&gt;&gt;</a>&nbsp;&nbsp;&nbsp;tcp_connect
<LI><a href="#[8a]">&gt;&gt;</a>&nbsp;&nbsp;&nbsp;tcp_close
<LI><a href="#[88]">&gt;&gt;</a>&nbsp;&nbsp;&nbsp;ErrorEncode
</UL>
<BR>[Called By]<UL><LI><a href="#[4e]">&gt;&gt;</a>&nbsp;&nbsp;&nbsp;CH563NET_Creat_Cfg_Socket (via BLX)
</UL>

<P><STRONG><a name="[4b]"></a>CH563NET_SocketCreat</STRONG> (Thumb, 386 bytes, Stack size 32 bytes, ch563sock.o(i.CH563NET_SocketCreat))
<BR><BR>[Stack]<UL><LI>Max Depth = 476<LI>Call Chain = CH563NET_SocketCreat &rArr; tcp_new &rArr; tcp_alloc &rArr; tcp_abandon &rArr; LwipRemoveTcpPcb &rArr; CH563ScokedIntHandle &rArr; tcp_close &rArr;  LwipRemoveTcpPcb (Cycle)
</UL>
<BR>[Calls]<UL><LI><a href="#[94]">&gt;&gt;</a>&nbsp;&nbsp;&nbsp;udp_recv
<LI><a href="#[8f]">&gt;&gt;</a>&nbsp;&nbsp;&nbsp;udp_new
<LI><a href="#[93]">&gt;&gt;</a>&nbsp;&nbsp;&nbsp;udp_connect
<LI><a href="#[92]">&gt;&gt;</a>&nbsp;&nbsp;&nbsp;udp_bind
<LI><a href="#[96]">&gt;&gt;</a>&nbsp;&nbsp;&nbsp;tcp_new
<LI><a href="#[99]">&gt;&gt;</a>&nbsp;&nbsp;&nbsp;tcp_err
<LI><a href="#[8a]">&gt;&gt;</a>&nbsp;&nbsp;&nbsp;tcp_close
<LI><a href="#[97]">&gt;&gt;</a>&nbsp;&nbsp;&nbsp;tcp_bind
<LI><a href="#[98]">&gt;&gt;</a>&nbsp;&nbsp;&nbsp;tcp_arg
<LI><a href="#[8e]">&gt;&gt;</a>&nbsp;&nbsp;&nbsp;raw_recv
<LI><a href="#[8b]">&gt;&gt;</a>&nbsp;&nbsp;&nbsp;raw_new
<LI><a href="#[8d]">&gt;&gt;</a>&nbsp;&nbsp;&nbsp;raw_connect
<LI><a href="#[8c]">&gt;&gt;</a>&nbsp;&nbsp;&nbsp;raw_bind
<LI><a href="#[90]">&gt;&gt;</a>&nbsp;&nbsp;&nbsp;ntohl
<LI><a href="#[91]">&gt;&gt;</a>&nbsp;&nbsp;&nbsp;ip_addr_isbroadcast
<LI><a href="#[95]">&gt;&gt;</a>&nbsp;&nbsp;&nbsp;etharp_request
<LI><a href="#[88]">&gt;&gt;</a>&nbsp;&nbsp;&nbsp;ErrorEncode
<LI><a href="#[7d]">&gt;&gt;</a>&nbsp;&nbsp;&nbsp;CH563SocketInit
</UL>
<BR>[Called By]<UL><LI><a href="#[4e]">&gt;&gt;</a>&nbsp;&nbsp;&nbsp;CH563NET_Creat_Cfg_Socket (via BLX)
<LI><a href="#[4a]">&gt;&gt;</a>&nbsp;&nbsp;&nbsp;CH563NET_Creat_Web_TcpSocket (via BLX)
</UL>

<P><STRONG><a name="[4d]"></a>CH563NET_SocketListen</STRONG> (Thumb, 72 bytes, Stack size 16 bytes, ch563sock.o(i.CH563NET_SocketListen))
<BR><BR>[Stack]<UL><LI>Max Depth = 32<LI>Call Chain = CH563NET_SocketListen &rArr; tcp_listen_with_backlog
</UL>
<BR>[Calls]<UL><LI><a href="#[9a]">&gt;&gt;</a>&nbsp;&nbsp;&nbsp;tcp_listen_with_backlog
<LI><a href="#[98]">&gt;&gt;</a>&nbsp;&nbsp;&nbsp;tcp_arg
<LI><a href="#[9b]">&gt;&gt;</a>&nbsp;&nbsp;&nbsp;tcp_accept
</UL>
<BR>[Called By]<UL><LI><a href="#[4e]">&gt;&gt;</a>&nbsp;&nbsp;&nbsp;CH563NET_Creat_Cfg_Socket (via BLX)
<LI><a href="#[4a]">&gt;&gt;</a>&nbsp;&nbsp;&nbsp;CH563NET_Creat_Web_TcpSocket (via BLX)
</UL>

<P><STRONG><a name="[42]"></a>CH563NET_SocketRecv</STRONG> (Thumb, 406 bytes, Stack size 40 bytes, ch563sock.o(i.CH563NET_SocketRecv))
<BR><BR>[Stack]<UL><LI>Max Depth = 332<LI>Call Chain = CH563NET_SocketRecv &rArr; tcp_recved_socket &rArr; tcp_output &rArr; tcp_send_empty_ack &rArr; ip_output &rArr; ip_output_if &rArr; ip_frag &rArr; pbuf_alloc &rArr; pbuf_free &rArr; mem_free &rArr; plug_holes
</UL>
<BR>[Calls]<UL><LI><a href="#[84]">&gt;&gt;</a>&nbsp;&nbsp;&nbsp;tcp_recved_socket
<LI><a href="#[9c]">&gt;&gt;</a>&nbsp;&nbsp;&nbsp;MemShortCopy
<LI><a href="#[4f]">&gt;&gt;</a>&nbsp;&nbsp;&nbsp;__aeabi_memcpy
</UL>
<BR>[Called By]<UL><LI><a href="#[40]">&gt;&gt;</a>&nbsp;&nbsp;&nbsp;CH563NET_HandleSockInt (via BLX)
</UL>

<P><STRONG><a name="[41]"></a>CH563NET_SocketRecvLen</STRONG> (Thumb, 20 bytes, Stack size 0 bytes, ch563sock.o(i.CH563NET_SocketRecvLen))
<BR><BR>[Called By]<UL><LI><a href="#[40]">&gt;&gt;</a>&nbsp;&nbsp;&nbsp;CH563NET_HandleSockInt (via BLX)
</UL>

<P><STRONG><a name="[37]"></a>CH563NET_SocketSend</STRONG> (Thumb, 60 bytes, Stack size 8 bytes, ch563sock.o(i.CH563NET_SocketSend))
<BR><BR>[Stack]<UL><LI>Max Depth = 492<LI>Call Chain = CH563NET_SocketSend &rArr; SocketTcpSend &rArr; CH563NET_MainTask &rArr; LwIPPeriodicHandle &rArr; tcp_tmr &rArr; tcp_slowtmr &rArr; LwipRemoveTcpPcb &rArr; CH563ScokedIntHandle &rArr; tcp_close &rArr;  LwipRemoveTcpPcb (Cycle)
</UL>
<BR>[Calls]<UL><LI><a href="#[9e]">&gt;&gt;</a>&nbsp;&nbsp;&nbsp;SocketUdpSend
<LI><a href="#[9f]">&gt;&gt;</a>&nbsp;&nbsp;&nbsp;SocketTcpSend
<LI><a href="#[9d]">&gt;&gt;</a>&nbsp;&nbsp;&nbsp;SocketIPRawSend
</UL>
<BR>[Called By]<UL><LI><a href="#[36]">&gt;&gt;</a>&nbsp;&nbsp;&nbsp;Web_Server (via BLX)
</UL>

<P><STRONG><a name="[49]"></a>CH563NET_SocketUdpSendTo</STRONG> (Thumb, 200 bytes, Stack size 48 bytes, ch563sock.o(i.CH563NET_SocketUdpSendTo), UNUSED)
<BR><BR>[Calls]<UL><LI><a href="#[a1]">&gt;&gt;</a>&nbsp;&nbsp;&nbsp;udp_sendto
<LI><a href="#[a2]">&gt;&gt;</a>&nbsp;&nbsp;&nbsp;pbuf_free
<LI><a href="#[a0]">&gt;&gt;</a>&nbsp;&nbsp;&nbsp;pbuf_alloc
<LI><a href="#[88]">&gt;&gt;</a>&nbsp;&nbsp;&nbsp;ErrorEncode
<LI><a href="#[7b]">&gt;&gt;</a>&nbsp;&nbsp;&nbsp;CH563ScokedIntHandle
<LI><a href="#[4f]">&gt;&gt;</a>&nbsp;&nbsp;&nbsp;__aeabi_memcpy
</UL>
<BR>[Called By]<UL><LI><a href="#[48]">&gt;&gt;</a>&nbsp;&nbsp;&nbsp;CH563NET_UdpServerRecv (via BLX)
</UL>

<P><STRONG><a name="[3b]"></a>CH563NET_TimeIsr</STRONG> (Thumb, 10 bytes, Stack size 0 bytes, ch563sock.o(i.CH563NET_TimeIsr))
<BR><BR>[Called By]<UL><LI><a href="#[18]">&gt;&gt;</a>&nbsp;&nbsp;&nbsp;IRQ_Handler (via BLX)
</UL>

<P><STRONG><a name="[7b]"></a>CH563ScokedIntHandle</STRONG> (Thumb, 72 bytes, Stack size 16 bytes, ch563sock.o(i.CH563ScokedIntHandle))
<BR><BR>[Stack]<UL><LI>Max Depth = 332<LI>Call Chain = CH563ScokedIntHandle &rArr; tcp_close &rArr;  LwipRemoveTcpPcb (Cycle)
</UL>
<BR>[Calls]<UL><LI><a href="#[8a]">&gt;&gt;</a>&nbsp;&nbsp;&nbsp;tcp_close
</UL>
<BR>[Called By]<UL><LI><a href="#[9d]">&gt;&gt;</a>&nbsp;&nbsp;&nbsp;SocketIPRawSend
<LI><a href="#[1]">&gt;&gt;</a>&nbsp;&nbsp;&nbsp;LwipTcpConnectedCallBack
<LI><a href="#[b6]">&gt;&gt;</a>&nbsp;&nbsp;&nbsp;LwipRemoveTcpPcb
<LI><a href="#[5]">&gt;&gt;</a>&nbsp;&nbsp;&nbsp;CH563TCPServerAccept
<LI><a href="#[7a]">&gt;&gt;</a>&nbsp;&nbsp;&nbsp;CH563IPSetSocketRecvInit
<LI><a href="#[49]">&gt;&gt;</a>&nbsp;&nbsp;&nbsp;CH563NET_SocketUdpSendTo
</UL>

<P><STRONG><a name="[7d]"></a>CH563SocketInit</STRONG> (Thumb, 42 bytes, Stack size 16 bytes, ch563sock.o(i.CH563SocketInit))
<BR><BR>[Stack]<UL><LI>Max Depth = 16<LI>Call Chain = CH563SocketInit
</UL>
<BR>[Calls]<UL><LI><a href="#[24]">&gt;&gt;</a>&nbsp;&nbsp;&nbsp;__aeabi_memclr4
<LI><a href="#[a3]">&gt;&gt;</a>&nbsp;&nbsp;&nbsp;__aeabi_memcpy4
</UL>
<BR>[Called By]<UL><LI><a href="#[4b]">&gt;&gt;</a>&nbsp;&nbsp;&nbsp;CH563NET_SocketCreat
<LI><a href="#[3f]">&gt;&gt;</a>&nbsp;&nbsp;&nbsp;CH563NET_Init
</UL>

<P><STRONG><a name="[6]"></a>CH563SocketTCPReceive</STRONG> (Thumb, 268 bytes, Stack size 48 bytes, ch563sock.o(i.CH563SocketTCPReceive))
<BR><BR>[Stack]<UL><LI>Max Depth = 364<LI>Call Chain = CH563SocketTCPReceive &rArr; tcp_close &rArr;  LwipRemoveTcpPcb (Cycle)
</UL>
<BR>[Calls]<UL><LI><a href="#[8a]">&gt;&gt;</a>&nbsp;&nbsp;&nbsp;tcp_close
<LI><a href="#[a2]">&gt;&gt;</a>&nbsp;&nbsp;&nbsp;pbuf_free
<LI><a href="#[a4]">&gt;&gt;</a>&nbsp;&nbsp;&nbsp;tcp_recved_CH563
<LI><a href="#[4f]">&gt;&gt;</a>&nbsp;&nbsp;&nbsp;__aeabi_memcpy
</UL>
<BR>[Address Reference Count : 2]<UL><LI> ch563sock.o(i.CH563TCPServerAccept)
<LI> ch563sock.o(i.LwipTcpConnectedCallBack)
</UL>
<P><STRONG><a name="[4]"></a>CH563TCPError</STRONG> (Thumb, 2 bytes, Stack size 0 bytes, ch563sock.o(i.CH563TCPError))
<BR>[Address Reference Count : 2]<UL><LI> ch563sock.o(i.CH563NET_SocketCreat)
<LI> ch563sock.o(i.CH563TCPServerAccept)
</UL>
<P><STRONG><a name="[5]"></a>CH563TCPServerAccept</STRONG> (Thumb, 130 bytes, Stack size 16 bytes, ch563sock.o(i.CH563TCPServerAccept))
<BR><BR>[Stack]<UL><LI>Max Depth = 348<LI>Call Chain = CH563TCPServerAccept &rArr; CH563ScokedIntHandle &rArr; tcp_close &rArr;  LwipRemoveTcpPcb (Cycle)
</UL>
<BR>[Calls]<UL><LI><a href="#[a6]">&gt;&gt;</a>&nbsp;&nbsp;&nbsp;tcp_sent
<LI><a href="#[a5]">&gt;&gt;</a>&nbsp;&nbsp;&nbsp;tcp_recv
<LI><a href="#[a7]">&gt;&gt;</a>&nbsp;&nbsp;&nbsp;tcp_poll
<LI><a href="#[99]">&gt;&gt;</a>&nbsp;&nbsp;&nbsp;tcp_err
<LI><a href="#[98]">&gt;&gt;</a>&nbsp;&nbsp;&nbsp;tcp_arg
<LI><a href="#[7b]">&gt;&gt;</a>&nbsp;&nbsp;&nbsp;CH563ScokedIntHandle
</UL>
<BR>[Address Reference Count : 1]<UL><LI> ch563sock.o(i.CH563NET_SocketListen)
</UL>
<P><STRONG><a name="[b2]"></a>ClearMacInterrupt</STRONG> (Thumb, 8 bytes, Stack size 0 bytes, ftmac110.o(i.ClearMacInterrupt))
<BR><BR>[Called By]<UL><LI><a href="#[7e]">&gt;&gt;</a>&nbsp;&nbsp;&nbsp;InitCH563MAC
</UL>

<P><STRONG><a name="[87]"></a>CloseIPRAWConnect</STRONG> (Thumb, 42 bytes, Stack size 8 bytes, ch563sock.o(i.CloseIPRAWConnect))
<BR><BR>[Stack]<UL><LI>Max Depth = 16<LI>Call Chain = CloseIPRAWConnect &rArr; raw_remove
</UL>
<BR>[Calls]<UL><LI><a href="#[a8]">&gt;&gt;</a>&nbsp;&nbsp;&nbsp;raw_remove
</UL>
<BR>[Called By]<UL><LI><a href="#[38]">&gt;&gt;</a>&nbsp;&nbsp;&nbsp;CH563NET_SocketClose
</UL>

<P><STRONG><a name="[86]"></a>CloseTcpPCB</STRONG> (Thumb, 78 bytes, Stack size 24 bytes, ch563sock.o(i.CloseTcpPCB))
<BR><BR>[Stack]<UL><LI>Max Depth = 436<LI>Call Chain = CloseTcpPCB &rArr; tcp_abandon &rArr; LwipRemoveTcpPcb &rArr; CH563ScokedIntHandle &rArr; tcp_close &rArr;  LwipRemoveTcpPcb (Cycle)
</UL>
<BR>[Calls]<UL><LI><a href="#[8a]">&gt;&gt;</a>&nbsp;&nbsp;&nbsp;tcp_close
<LI><a href="#[a9]">&gt;&gt;</a>&nbsp;&nbsp;&nbsp;tcp_abandon
<LI><a href="#[88]">&gt;&gt;</a>&nbsp;&nbsp;&nbsp;ErrorEncode
</UL>
<BR>[Called By]<UL><LI><a href="#[38]">&gt;&gt;</a>&nbsp;&nbsp;&nbsp;CH563NET_SocketClose
</UL>

<P><STRONG><a name="[85]"></a>CloseUpdConnect</STRONG> (Thumb, 42 bytes, Stack size 8 bytes, ch563sock.o(i.CloseUpdConnect))
<BR><BR>[Stack]<UL><LI>Max Depth = 16<LI>Call Chain = CloseUpdConnect &rArr; udp_remove
</UL>
<BR>[Calls]<UL><LI><a href="#[aa]">&gt;&gt;</a>&nbsp;&nbsp;&nbsp;udp_remove
</UL>
<BR>[Called By]<UL><LI><a href="#[38]">&gt;&gt;</a>&nbsp;&nbsp;&nbsp;CH563NET_SocketClose
</UL>

<P><STRONG><a name="[88]"></a>ErrorEncode</STRONG> (Thumb, 20 bytes, Stack size 0 bytes, ch563sock.o(i.ErrorEncode))
<BR><BR>[Called By]<UL><LI><a href="#[9e]">&gt;&gt;</a>&nbsp;&nbsp;&nbsp;SocketUdpSend
<LI><a href="#[9f]">&gt;&gt;</a>&nbsp;&nbsp;&nbsp;SocketTcpSend
<LI><a href="#[9d]">&gt;&gt;</a>&nbsp;&nbsp;&nbsp;SocketIPRawSend
<LI><a href="#[86]">&gt;&gt;</a>&nbsp;&nbsp;&nbsp;CloseTcpPCB
<LI><a href="#[49]">&gt;&gt;</a>&nbsp;&nbsp;&nbsp;CH563NET_SocketUdpSendTo
<LI><a href="#[4b]">&gt;&gt;</a>&nbsp;&nbsp;&nbsp;CH563NET_SocketCreat
<LI><a href="#[50]">&gt;&gt;</a>&nbsp;&nbsp;&nbsp;CH563NET_SocketConnect
<LI><a href="#[38]">&gt;&gt;</a>&nbsp;&nbsp;&nbsp;CH563NET_SocketClose
</UL>

<P><STRONG><a name="[ab]"></a>GetPHYStatus</STRONG> (Thumb, 84 bytes, Stack size 16 bytes, ftmac110.o(i.GetPHYStatus))
<BR><BR>[Stack]<UL><LI>Max Depth = 16<LI>Call Chain = GetPHYStatus
</UL>
<BR>[Calls]<UL><LI><a href="#[ac]">&gt;&gt;</a>&nbsp;&nbsp;&nbsp;phyread16
</UL>
<BR>[Called By]<UL><LI><a href="#[7c]">&gt;&gt;</a>&nbsp;&nbsp;&nbsp;ftmac110_isr
</UL>

<P><STRONG><a name="[79]"></a>IPCheckParaInit</STRONG> (Thumb, 30 bytes, Stack size 16 bytes, ipcheck.o(i.IPCheckParaInit))
<BR><BR>[Stack]<UL><LI>Max Depth = 16<LI>Call Chain = IPCheckParaInit
</UL>
<BR>[Calls]<UL><LI><a href="#[ad]">&gt;&gt;</a>&nbsp;&nbsp;&nbsp;__aeabi_uwrite4
</UL>
<BR>[Called By]<UL><LI><a href="#[b1]">&gt;&gt;</a>&nbsp;&nbsp;&nbsp;IPConflictHandle
<LI><a href="#[ae]">&gt;&gt;</a>&nbsp;&nbsp;&nbsp;IPCheckTmr
<LI><a href="#[78]">&gt;&gt;</a>&nbsp;&nbsp;&nbsp;CH563EtherNetIsr
</UL>

<P><STRONG><a name="[ae]"></a>IPCheckTmr</STRONG> (Thumb, 80 bytes, Stack size 16 bytes, ipcheck.o(i.IPCheckTmr))
<BR><BR>[Stack]<UL><LI>Max Depth = 156<LI>Call Chain = IPCheckTmr &rArr; SelIPARPSend &rArr; etharp_request &rArr; etharp_raw &rArr; pbuf_alloc &rArr; pbuf_free &rArr; mem_free &rArr; plug_holes
</UL>
<BR>[Calls]<UL><LI><a href="#[b0]">&gt;&gt;</a>&nbsp;&nbsp;&nbsp;SelIPARPSend
<LI><a href="#[79]">&gt;&gt;</a>&nbsp;&nbsp;&nbsp;IPCheckParaInit
<LI><a href="#[ad]">&gt;&gt;</a>&nbsp;&nbsp;&nbsp;__aeabi_uwrite4
<LI><a href="#[af]">&gt;&gt;</a>&nbsp;&nbsp;&nbsp;__aeabi_uread4
</UL>
<BR>[Called By]<UL><LI><a href="#[83]">&gt;&gt;</a>&nbsp;&nbsp;&nbsp;LwIPPeriodicHandle
</UL>

<P><STRONG><a name="[b1]"></a>IPConflictHandle</STRONG> (Thumb, 38 bytes, Stack size 8 bytes, ipcheck.o(i.IPConflictHandle))
<BR><BR>[Stack]<UL><LI>Max Depth = 24<LI>Call Chain = IPConflictHandle &rArr; IPCheckParaInit
</UL>
<BR>[Calls]<UL><LI><a href="#[79]">&gt;&gt;</a>&nbsp;&nbsp;&nbsp;IPCheckParaInit
</UL>
<BR>[Called By]<UL><LI><a href="#[cb]">&gt;&gt;</a>&nbsp;&nbsp;&nbsp;update_arp_entry
</UL>

<P><STRONG><a name="[7e]"></a>InitCH563MAC</STRONG> (Thumb, 158 bytes, Stack size 24 bytes, hal.o(i.InitCH563MAC))
<BR><BR>[Stack]<UL><LI>Max Depth = 24<LI>Call Chain = InitCH563MAC
</UL>
<BR>[Calls]<UL><LI><a href="#[b2]">&gt;&gt;</a>&nbsp;&nbsp;&nbsp;ClearMacInterrupt
<LI><a href="#[55]">&gt;&gt;</a>&nbsp;&nbsp;&nbsp;Delay_ms (via BLX)
</UL>
<BR>[Called By]<UL><LI><a href="#[3f]">&gt;&gt;</a>&nbsp;&nbsp;&nbsp;CH563NET_Init
</UL>

<P><STRONG><a name="[83]"></a>LwIPPeriodicHandle</STRONG> (Thumb, 186 bytes, Stack size 24 bytes, ethernetif.o(i.LwIPPeriodicHandle))
<BR><BR>[Stack]<UL><LI>Max Depth = 436<LI>Call Chain = LwIPPeriodicHandle &rArr; tcp_tmr &rArr; tcp_slowtmr &rArr; LwipRemoveTcpPcb &rArr; CH563ScokedIntHandle &rArr; tcp_close &rArr;  LwipRemoveTcpPcb (Cycle)
</UL>
<BR>[Calls]<UL><LI><a href="#[b4]">&gt;&gt;</a>&nbsp;&nbsp;&nbsp;ip_reass_tmr
<LI><a href="#[b5]">&gt;&gt;</a>&nbsp;&nbsp;&nbsp;etharp_tmr
<LI><a href="#[ae]">&gt;&gt;</a>&nbsp;&nbsp;&nbsp;IPCheckTmr
<LI><a href="#[b3]">&gt;&gt;</a>&nbsp;&nbsp;&nbsp;tcp_tmr
</UL>
<BR>[Called By]<UL><LI><a href="#[59]">&gt;&gt;</a>&nbsp;&nbsp;&nbsp;CH563NET_MainTask
</UL>

<P><STRONG><a name="[d0]"></a>LwipArpCheck</STRONG> (Thumb, 8 bytes, Stack size 0 bytes, ch563sock.o(i.LwipArpCheck))
<BR><BR>[Called By]<UL><LI><a href="#[ce]">&gt;&gt;</a>&nbsp;&nbsp;&nbsp;etharp_query
</UL>

<P><STRONG><a name="[b6]"></a>LwipRemoveTcpPcb</STRONG> (Thumb, 104 bytes, Stack size 24 bytes, ch563sock.o(i.LwipRemoveTcpPcb))
<BR><BR>[Stack]<UL><LI>Max Depth = 356<LI>Call Chain = LwipRemoveTcpPcb &rArr; CH563ScokedIntHandle &rArr; tcp_close &rArr;  LwipRemoveTcpPcb (Cycle)
</UL>
<BR>[Calls]<UL><LI><a href="#[7b]">&gt;&gt;</a>&nbsp;&nbsp;&nbsp;CH563ScokedIntHandle
<LI><a href="#[b7]">&gt;&gt;</a>&nbsp;&nbsp;&nbsp;CH563FileCorrectTCBPcb
<LI><a href="#[24]">&gt;&gt;</a>&nbsp;&nbsp;&nbsp;__aeabi_memclr4
</UL>
<BR>[Called By]<UL><LI><a href="#[11d]">&gt;&gt;</a>&nbsp;&nbsp;&nbsp;tcp_slowtmr
<LI><a href="#[8a]">&gt;&gt;</a>&nbsp;&nbsp;&nbsp;tcp_close
<LI><a href="#[a9]">&gt;&gt;</a>&nbsp;&nbsp;&nbsp;tcp_abandon
<LI><a href="#[80]">&gt;&gt;</a>&nbsp;&nbsp;&nbsp;RemoveTimeWaiTCP
<LI><a href="#[eb]">&gt;&gt;</a>&nbsp;&nbsp;&nbsp;tcp_input
</UL>

<P><STRONG><a name="[8]"></a>LwipTCPPollCallBack</STRONG> (Thumb, 4 bytes, Stack size 0 bytes, ch563sock.o(i.LwipTCPPollCallBack))
<BR>[Address Reference Count : 2]<UL><LI> ch563sock.o(i.CH563TCPServerAccept)
<LI> ch563sock.o(i.LwipTcpConnectedCallBack)
</UL>
<P><STRONG><a name="[7]"></a>LwipTCPSendCallBack</STRONG> (Thumb, 58 bytes, Stack size 16 bytes, ch563sock.o(i.LwipTCPSendCallBack))
<BR><BR>[Stack]<UL><LI>Max Depth = 16<LI>Call Chain = LwipTCPSendCallBack
</UL>
<BR>[Address Reference Count : 2]<UL><LI> ch563sock.o(i.CH563TCPServerAccept)
<LI> ch563sock.o(i.LwipTcpConnectedCallBack)
</UL>
<P><STRONG><a name="[1]"></a>LwipTcpConnectedCallBack</STRONG> (Thumb, 44 bytes, Stack size 16 bytes, ch563sock.o(i.LwipTcpConnectedCallBack))
<BR><BR>[Stack]<UL><LI>Max Depth = 348<LI>Call Chain = LwipTcpConnectedCallBack &rArr; CH563ScokedIntHandle &rArr; tcp_close &rArr;  LwipRemoveTcpPcb (Cycle)
</UL>
<BR>[Calls]<UL><LI><a href="#[a6]">&gt;&gt;</a>&nbsp;&nbsp;&nbsp;tcp_sent
<LI><a href="#[a5]">&gt;&gt;</a>&nbsp;&nbsp;&nbsp;tcp_recv
<LI><a href="#[a7]">&gt;&gt;</a>&nbsp;&nbsp;&nbsp;tcp_poll
<LI><a href="#[7b]">&gt;&gt;</a>&nbsp;&nbsp;&nbsp;CH563ScokedIntHandle
</UL>
<BR>[Address Reference Count : 1]<UL><LI> ch563sock.o(i.CH563NET_SocketConnect)
</UL>
<P><STRONG><a name="[da]"></a>LwipUnreachPort</STRONG> (Thumb, 22 bytes, Stack size 8 bytes, ch563sock.o(i.LwipUnreachPort))
<BR><BR>[Stack]<UL><LI>Max Depth = 8<LI>Call Chain = LwipUnreachPort
</UL>
<BR>[Called By]<UL><LI><a href="#[d9]">&gt;&gt;</a>&nbsp;&nbsp;&nbsp;icmp_input
</UL>

<P><STRONG><a name="[9c]"></a>MemShortCopy</STRONG> (Thumb, 24 bytes, Stack size 0 bytes, ch563sock.o(i.MemShortCopy))
<BR><BR>[Called By]<UL><LI><a href="#[42]">&gt;&gt;</a>&nbsp;&nbsp;&nbsp;CH563NET_SocketRecv
</UL>

<P><STRONG><a name="[81]"></a>QuaryEthRxDma</STRONG> (Thumb, 82 bytes, Stack size 8 bytes, ethernetif.o(i.QuaryEthRxDma))
<BR><BR>[Stack]<UL><LI>Max Depth = 8<LI>Call Chain = QuaryEthRxDma
</UL>
<BR>[Called By]<UL><LI><a href="#[59]">&gt;&gt;</a>&nbsp;&nbsp;&nbsp;CH563NET_MainTask
</UL>

<P><STRONG><a name="[db]"></a>QueryPingEnable</STRONG> (Thumb, 6 bytes, Stack size 0 bytes, ch563sock.o(i.QueryPingEnable))
<BR><BR>[Called By]<UL><LI><a href="#[d9]">&gt;&gt;</a>&nbsp;&nbsp;&nbsp;icmp_input
</UL>

<P><STRONG><a name="[80]"></a>RemoveTimeWaiTCP</STRONG> (Thumb, 52 bytes, Stack size 24 bytes, tcp.o(i.RemoveTimeWaiTCP))
<BR><BR>[Stack]<UL><LI>Max Depth = 380<LI>Call Chain = RemoveTimeWaiTCP &rArr; LwipRemoveTcpPcb &rArr; CH563ScokedIntHandle &rArr; tcp_close &rArr;  LwipRemoveTcpPcb (Cycle)
</UL>
<BR>[Calls]<UL><LI><a href="#[b8]">&gt;&gt;</a>&nbsp;&nbsp;&nbsp;tcp_pcb_purge
<LI><a href="#[b9]">&gt;&gt;</a>&nbsp;&nbsp;&nbsp;memp_free
<LI><a href="#[b6]">&gt;&gt;</a>&nbsp;&nbsp;&nbsp;LwipRemoveTcpPcb
</UL>
<BR>[Called By]<UL><LI><a href="#[59]">&gt;&gt;</a>&nbsp;&nbsp;&nbsp;CH563NET_MainTask
</UL>

<P><STRONG><a name="[b0]"></a>SelIPARPSend</STRONG> (Thumb, 26 bytes, Stack size 16 bytes, ipcheck.o(i.SelIPARPSend))
<BR><BR>[Stack]<UL><LI>Max Depth = 140<LI>Call Chain = SelIPARPSend &rArr; etharp_request &rArr; etharp_raw &rArr; pbuf_alloc &rArr; pbuf_free &rArr; mem_free &rArr; plug_holes
</UL>
<BR>[Calls]<UL><LI><a href="#[95]">&gt;&gt;</a>&nbsp;&nbsp;&nbsp;etharp_request
</UL>
<BR>[Called By]<UL><LI><a href="#[ae]">&gt;&gt;</a>&nbsp;&nbsp;&nbsp;IPCheckTmr
</UL>

<P><STRONG><a name="[7f]"></a>SetupNetif</STRONG> (Thumb, 118 bytes, Stack size 40 bytes, ethernetif.o(i.SetupNetif))
<BR><BR>[Stack]<UL><LI>Max Depth = 516<LI>Call Chain = SetupNetif &rArr; netif_add &rArr; netif_set_addr &rArr; netif_set_ipaddr &rArr; tcp_abandon &rArr; LwipRemoveTcpPcb &rArr; CH563ScokedIntHandle &rArr; tcp_close &rArr;  LwipRemoveTcpPcb (Cycle)
</UL>
<BR>[Calls]<UL><LI><a href="#[ba]">&gt;&gt;</a>&nbsp;&nbsp;&nbsp;lwip_init
<LI><a href="#[bb]">&gt;&gt;</a>&nbsp;&nbsp;&nbsp;netif_set_default
<LI><a href="#[bc]">&gt;&gt;</a>&nbsp;&nbsp;&nbsp;netif_add
<LI><a href="#[4f]">&gt;&gt;</a>&nbsp;&nbsp;&nbsp;__aeabi_memcpy
</UL>
<BR>[Called By]<UL><LI><a href="#[3f]">&gt;&gt;</a>&nbsp;&nbsp;&nbsp;CH563NET_Init
</UL>

<P><STRONG><a name="[2]"></a>SocketIPRAWReceive</STRONG> (Thumb, 178 bytes, Stack size 40 bytes, ch563sock.o(i.SocketIPRAWReceive))
<BR><BR>[Stack]<UL><LI>Max Depth = 76<LI>Call Chain = SocketIPRAWReceive &rArr; pbuf_free &rArr; mem_free &rArr; plug_holes
</UL>
<BR>[Calls]<UL><LI><a href="#[be]">&gt;&gt;</a>&nbsp;&nbsp;&nbsp;pbuf_header
<LI><a href="#[a2]">&gt;&gt;</a>&nbsp;&nbsp;&nbsp;pbuf_free
<LI><a href="#[bd]">&gt;&gt;</a>&nbsp;&nbsp;&nbsp;ntohs
</UL>
<BR>[Address Reference Count : 1]<UL><LI> ch563sock.o(i.CH563NET_SocketCreat)
</UL>
<P><STRONG><a name="[9d]"></a>SocketIPRawSend</STRONG> (Thumb, 198 bytes, Stack size 48 bytes, ch563sock.o(i.SocketIPRawSend))
<BR><BR>[Stack]<UL><LI>Max Depth = 380<LI>Call Chain = SocketIPRawSend &rArr; CH563ScokedIntHandle &rArr; tcp_close &rArr;  LwipRemoveTcpPcb (Cycle)
</UL>
<BR>[Calls]<UL><LI><a href="#[bf]">&gt;&gt;</a>&nbsp;&nbsp;&nbsp;raw_send
<LI><a href="#[a2]">&gt;&gt;</a>&nbsp;&nbsp;&nbsp;pbuf_free
<LI><a href="#[a0]">&gt;&gt;</a>&nbsp;&nbsp;&nbsp;pbuf_alloc
<LI><a href="#[88]">&gt;&gt;</a>&nbsp;&nbsp;&nbsp;ErrorEncode
<LI><a href="#[7b]">&gt;&gt;</a>&nbsp;&nbsp;&nbsp;CH563ScokedIntHandle
<LI><a href="#[4f]">&gt;&gt;</a>&nbsp;&nbsp;&nbsp;__aeabi_memcpy
</UL>
<BR>[Called By]<UL><LI><a href="#[37]">&gt;&gt;</a>&nbsp;&nbsp;&nbsp;CH563NET_SocketSend
</UL>

<P><STRONG><a name="[9f]"></a>SocketTcpSend</STRONG> (Thumb, 248 bytes, Stack size 40 bytes, ch563sock.o(i.SocketTcpSend))
<BR><BR>[Stack]<UL><LI>Max Depth = 484<LI>Call Chain = SocketTcpSend &rArr; CH563NET_MainTask &rArr; LwIPPeriodicHandle &rArr; tcp_tmr &rArr; tcp_slowtmr &rArr; LwipRemoveTcpPcb &rArr; CH563ScokedIntHandle &rArr; tcp_close &rArr;  LwipRemoveTcpPcb (Cycle)
</UL>
<BR>[Calls]<UL><LI><a href="#[c1]">&gt;&gt;</a>&nbsp;&nbsp;&nbsp;tcp_write
<LI><a href="#[c0]">&gt;&gt;</a>&nbsp;&nbsp;&nbsp;tcp_output
<LI><a href="#[88]">&gt;&gt;</a>&nbsp;&nbsp;&nbsp;ErrorEncode
<LI><a href="#[59]">&gt;&gt;</a>&nbsp;&nbsp;&nbsp;CH563NET_MainTask
</UL>
<BR>[Called By]<UL><LI><a href="#[37]">&gt;&gt;</a>&nbsp;&nbsp;&nbsp;CH563NET_SocketSend
</UL>

<P><STRONG><a name="[3]"></a>SocketUdpReceive</STRONG> (Thumb, 190 bytes, Stack size 40 bytes, ch563sock.o(i.SocketUdpReceive))
<BR><BR>[Stack]<UL><LI>Max Depth = 76<LI>Call Chain = SocketUdpReceive &rArr; pbuf_free &rArr; mem_free &rArr; plug_holes
</UL>
<BR>[Calls]<UL><LI><a href="#[a2]">&gt;&gt;</a>&nbsp;&nbsp;&nbsp;pbuf_free
<LI><a href="#[af]">&gt;&gt;</a>&nbsp;&nbsp;&nbsp;__aeabi_uread4
</UL>
<BR>[Address Reference Count : 1]<UL><LI> ch563sock.o(i.CH563NET_SocketCreat)
</UL>
<P><STRONG><a name="[9e]"></a>SocketUdpSend</STRONG> (Thumb, 186 bytes, Stack size 40 bytes, ch563sock.o(i.SocketUdpSend))
<BR><BR>[Stack]<UL><LI>Max Depth = 300<LI>Call Chain = SocketUdpSend &rArr; udp_send &rArr; udp_sendto &rArr; udp_sendto_if &rArr; ip_output_if &rArr; ip_frag &rArr; pbuf_alloc &rArr; pbuf_free &rArr; mem_free &rArr; plug_holes
</UL>
<BR>[Calls]<UL><LI><a href="#[c2]">&gt;&gt;</a>&nbsp;&nbsp;&nbsp;udp_send
<LI><a href="#[a2]">&gt;&gt;</a>&nbsp;&nbsp;&nbsp;pbuf_free
<LI><a href="#[a0]">&gt;&gt;</a>&nbsp;&nbsp;&nbsp;pbuf_alloc
<LI><a href="#[88]">&gt;&gt;</a>&nbsp;&nbsp;&nbsp;ErrorEncode
<LI><a href="#[4f]">&gt;&gt;</a>&nbsp;&nbsp;&nbsp;__aeabi_memcpy
</UL>
<BR>[Called By]<UL><LI><a href="#[37]">&gt;&gt;</a>&nbsp;&nbsp;&nbsp;CH563NET_SocketSend
</UL>

<P><STRONG><a name="[c3]"></a>__0printf$6</STRONG> (Thumb, 24 bytes, Stack size 24 bytes, printf6.o(i.__0printf$6), UNUSED)
<BR><BR>[Calls]<UL><LI><a href="#[c4]">&gt;&gt;</a>&nbsp;&nbsp;&nbsp;_printf_core
</UL>

<P><STRONG><a name="[134]"></a>__1printf$6</STRONG> (Thumb, 0 bytes, Stack size 24 bytes, printf6.o(i.__0printf$6), UNUSED)

<P><STRONG><a name="[30]"></a>__2printf</STRONG> (Thumb, 0 bytes, Stack size 24 bytes, printf6.o(i.__0printf$6))
<BR><BR>[Stack]<UL><LI>Max Depth = 24<LI>Call Chain = __2printf
</UL>
<BR>[Called By]<UL><LI><a href="#[0]">&gt;&gt;</a>&nbsp;&nbsp;&nbsp;main (via BLX)
<LI><a href="#[54]">&gt;&gt;</a>&nbsp;&nbsp;&nbsp;CH563_Default (via BLX)
<LI><a href="#[53]">&gt;&gt;</a>&nbsp;&nbsp;&nbsp;CH563_RESET (via BLX)
<LI><a href="#[4e]">&gt;&gt;</a>&nbsp;&nbsp;&nbsp;CH563NET_Creat_Cfg_Socket (via BLX)
<LI><a href="#[48]">&gt;&gt;</a>&nbsp;&nbsp;&nbsp;CH563NET_UdpServerRecv (via BLX)
<LI><a href="#[34]">&gt;&gt;</a>&nbsp;&nbsp;&nbsp;Init_Para_Tab (via BLX)
<LI><a href="#[2f]">&gt;&gt;</a>&nbsp;&nbsp;&nbsp;Refresh_Port (via BLX)
</UL>

<P><STRONG><a name="[c5]"></a>__0sprintf$6</STRONG> (Thumb, 36 bytes, Stack size 24 bytes, printf6.o(i.__0sprintf$6), UNUSED)
<BR><BR>[Calls]<UL><LI><a href="#[c]">&gt;&gt;</a>&nbsp;&nbsp;&nbsp;_sputc
<LI><a href="#[c4]">&gt;&gt;</a>&nbsp;&nbsp;&nbsp;_printf_core
</UL>

<P><STRONG><a name="[135]"></a>__1sprintf$6</STRONG> (Thumb, 0 bytes, Stack size 24 bytes, printf6.o(i.__0sprintf$6), UNUSED)

<P><STRONG><a name="[35]"></a>__2sprintf</STRONG> (Thumb, 0 bytes, Stack size 24 bytes, printf6.o(i.__0sprintf$6))
<BR><BR>[Stack]<UL><LI>Max Depth = 24<LI>Call Chain = __2sprintf
</UL>
<BR>[Called By]<UL><LI><a href="#[34]">&gt;&gt;</a>&nbsp;&nbsp;&nbsp;Init_Para_Tab (via BLX)
</UL>

<P><STRONG><a name="[107]"></a>__ARM_common_switch8</STRONG> (ARM, 24 bytes, Stack size 0 bytes, tcp.o(i.__ARM_common_switch8))
<BR><BR>[Called By]<UL><LI><a href="#[8a]">&gt;&gt;</a>&nbsp;&nbsp;&nbsp;tcp_close (via BLX)
<LI><a href="#[10e]">&gt;&gt;</a>&nbsp;&nbsp;&nbsp;tcp_process (via BLX)
</UL>

<P><STRONG><a name="[70]"></a>__aeabi_errno_addr</STRONG> (Thumb, 4 bytes, Stack size 0 bytes, errno.o(i.__aeabi_errno_addr))
<BR><BR>[Called By]<UL><LI><a href="#[71]">&gt;&gt;</a>&nbsp;&nbsp;&nbsp;strtol
<LI><a href="#[2c]">&gt;&gt;</a>&nbsp;&nbsp;&nbsp;atoi
<LI><a href="#[73]">&gt;&gt;</a>&nbsp;&nbsp;&nbsp;_strtoul
</UL>

<P><STRONG><a name="[136]"></a>__rt_errno_addr</STRONG> (Thumb, 0 bytes, Stack size 0 bytes, errno.o(i.__aeabi_errno_addr), UNUSED)

<P><STRONG><a name="[137]"></a>__scatterload_copy</STRONG> (ARM, 28 bytes, Stack size unknown bytes, handlers.o(i.__scatterload_copy), UNUSED)

<P><STRONG><a name="[138]"></a>__scatterload_null</STRONG> (ARM, 4 bytes, Stack size unknown bytes, handlers.o(i.__scatterload_null), UNUSED)

<P><STRONG><a name="[139]"></a>__scatterload_zeroinit</STRONG> (ARM, 24 bytes, Stack size unknown bytes, handlers.o(i.__scatterload_zeroinit), UNUSED)

<P><STRONG><a name="[c9]"></a>etharp_arp_input</STRONG> (Thumb, 308 bytes, Stack size 48 bytes, etharp.o(i.etharp_arp_input))
<BR><BR>[Stack]<UL><LI>Max Depth = 144<LI>Call Chain = etharp_arp_input &rArr; update_arp_entry &rArr; find_entry
</UL>
<BR>[Calls]<UL><LI><a href="#[cb]">&gt;&gt;</a>&nbsp;&nbsp;&nbsp;update_arp_entry
<LI><a href="#[ca]">&gt;&gt;</a>&nbsp;&nbsp;&nbsp;htons
<LI><a href="#[a2]">&gt;&gt;</a>&nbsp;&nbsp;&nbsp;pbuf_free
<LI><a href="#[4f]">&gt;&gt;</a>&nbsp;&nbsp;&nbsp;__aeabi_memcpy
</UL>
<BR>[Called By]<UL><LI><a href="#[9]">&gt;&gt;</a>&nbsp;&nbsp;&nbsp;ethernet_input
</UL>

<P><STRONG><a name="[cc]"></a>etharp_ip_input</STRONG> (Thumb, 46 bytes, Stack size 16 bytes, etharp.o(i.etharp_ip_input))
<BR><BR>[Stack]<UL><LI>Max Depth = 112<LI>Call Chain = etharp_ip_input &rArr; update_arp_entry &rArr; find_entry
</UL>
<BR>[Calls]<UL><LI><a href="#[cb]">&gt;&gt;</a>&nbsp;&nbsp;&nbsp;update_arp_entry
<LI><a href="#[af]">&gt;&gt;</a>&nbsp;&nbsp;&nbsp;__aeabi_uread4
</UL>
<BR>[Called By]<UL><LI><a href="#[9]">&gt;&gt;</a>&nbsp;&nbsp;&nbsp;ethernet_input
</UL>

<P><STRONG><a name="[d]"></a>etharp_output</STRONG> (Thumb, 198 bytes, Stack size 32 bytes, etharp.o(i.etharp_output))
<BR><BR>[Stack]<UL><LI>Max Depth = 196<LI>Call Chain = etharp_output &rArr; etharp_query &rArr; etharp_request &rArr; etharp_raw &rArr; pbuf_alloc &rArr; pbuf_free &rArr; mem_free &rArr; plug_holes
</UL>
<BR>[Calls]<UL><LI><a href="#[ce]">&gt;&gt;</a>&nbsp;&nbsp;&nbsp;etharp_query
<LI><a href="#[cd]">&gt;&gt;</a>&nbsp;&nbsp;&nbsp;etharp_send_ip
<LI><a href="#[be]">&gt;&gt;</a>&nbsp;&nbsp;&nbsp;pbuf_header
<LI><a href="#[90]">&gt;&gt;</a>&nbsp;&nbsp;&nbsp;ntohl
<LI><a href="#[91]">&gt;&gt;</a>&nbsp;&nbsp;&nbsp;ip_addr_isbroadcast
<LI><a href="#[af]">&gt;&gt;</a>&nbsp;&nbsp;&nbsp;__aeabi_uread4
</UL>
<BR>[Address Reference Count : 1]<UL><LI> ethernetif.o(i.ethernetif_init)
</UL>
<P><STRONG><a name="[ce]"></a>etharp_query</STRONG> (Thumb, 170 bytes, Stack size 40 bytes, etharp.o(i.etharp_query))
<BR><BR>[Stack]<UL><LI>Max Depth = 164<LI>Call Chain = etharp_query &rArr; etharp_request &rArr; etharp_raw &rArr; pbuf_alloc &rArr; pbuf_free &rArr; mem_free &rArr; plug_holes
</UL>
<BR>[Calls]<UL><LI><a href="#[cf]">&gt;&gt;</a>&nbsp;&nbsp;&nbsp;find_entry
<LI><a href="#[cd]">&gt;&gt;</a>&nbsp;&nbsp;&nbsp;etharp_send_ip
<LI><a href="#[90]">&gt;&gt;</a>&nbsp;&nbsp;&nbsp;ntohl
<LI><a href="#[91]">&gt;&gt;</a>&nbsp;&nbsp;&nbsp;ip_addr_isbroadcast
<LI><a href="#[95]">&gt;&gt;</a>&nbsp;&nbsp;&nbsp;etharp_request
<LI><a href="#[d0]">&gt;&gt;</a>&nbsp;&nbsp;&nbsp;LwipArpCheck
<LI><a href="#[af]">&gt;&gt;</a>&nbsp;&nbsp;&nbsp;__aeabi_uread4
</UL>
<BR>[Called By]<UL><LI><a href="#[d]">&gt;&gt;</a>&nbsp;&nbsp;&nbsp;etharp_output
</UL>

<P><STRONG><a name="[95]"></a>etharp_request</STRONG> (Thumb, 32 bytes, Stack size 24 bytes, etharp.o(i.etharp_request))
[...]
</UL>
<BR>[Called By]<UL><LI><a href="#[6a]">&gt;&gt;</a>&nbsp;&nbsp;&nbsp;FLASH_ROM_LOCK
<LI><a href="#[68]">&gt;&gt;</a>&nbsp;&nbsp;&nbsp;FLASH_ROM_WRITE
<LI><a href="#[65]">&gt;&gt;</a>&nbsp;&nbsp;&nbsp;FLASH_EEPRM_ERASE
<LI><a href="#[2e]">&gt;&gt;</a>&nbsp;&nbsp;&nbsp;EEPROM_WRITE
</UL>

<P><STRONG><a name="[65]"></a>FLASH_EEPRM_ERASE</STRONG> (ARM, 216 bytes, Stack size 24 bytes, ISPXT56X_KIL31.O(.text))
<BR><BR>[Stack]<UL><LI>Max Depth = 32<LI>Call Chain = FLASH_EEPRM_ERASE &rArr; FLASH_ROM_WAIT
</UL>
<BR>[Calls]<UL><LI><a href="#[60]">&gt;&gt;</a>&nbsp;&nbsp;&nbsp;FLASH_ROM_WAIT
<LI><a href="#[5d]">&gt;&gt;</a>&nbsp;&nbsp;&nbsp;FLASH_ROM_WR_EN
<LI><a href="#[5b]">&gt;&gt;</a>&nbsp;&nbsp;&nbsp;FLASH_ROM_ADDR
</UL>
<BR>[Called By]<UL><LI><a href="#[67]">&gt;&gt;</a>&nbsp;&nbsp;&nbsp;FLASH_ROM_ERASE
<LI><a href="#[2d]">&gt;&gt;</a>&nbsp;&nbsp;&nbsp;EEPROM_ERASE
</UL>

<P><STRONG><a name="[14]"></a>tcp_accept_null</STRONG> (Thumb, 6 bytes, Stack size 0 bytes, tcp.o(i.tcp_accept_null))
<BR>[Address Reference Count : 1]<UL><LI> tcp.o(i.tcp_listen_with_backlog)
</UL>
<P><STRONG><a name="[106]"></a>tcp_new_port</STRONG> (Thumb, 88 bytes, Stack size 12 bytes, tcp.o(i.tcp_new_port))
<BR><BR>[Stack]<UL><LI>Max Depth = 12<LI>Call Chain = tcp_new_port
</UL>
<BR>[Called By]<UL><LI><a href="#[89]">&gt;&gt;</a>&nbsp;&nbsp;&nbsp;tcp_connect
<LI><a href="#[97]">&gt;&gt;</a>&nbsp;&nbsp;&nbsp;tcp_bind
</UL>

<P><STRONG><a name="[115]"></a>tcp_output_segment</STRONG> (Thumb, 222 bytes, Stack size 24 bytes, tcp_out.o(i.tcp_output_segment))
<BR><BR>[Stack]<UL><LI>Max Depth = 244<LI>Call Chain = tcp_output_segment &rArr; ip_output &rArr; ip_output_if &rArr; ip_frag &rArr; pbuf_alloc &rArr; pbuf_free &rArr; mem_free &rArr; plug_holes
</UL>
<BR>[Calls]<UL><LI><a href="#[e0]">&gt;&gt;</a>&nbsp;&nbsp;&nbsp;ip_output
<LI><a href="#[e3]">&gt;&gt;</a>&nbsp;&nbsp;&nbsp;inet_chksum_pseudo
<LI><a href="#[ca]">&gt;&gt;</a>&nbsp;&nbsp;&nbsp;htons
<LI><a href="#[fb]">&gt;&gt;</a>&nbsp;&nbsp;&nbsp;htonl
<LI><a href="#[ec]">&gt;&gt;</a>&nbsp;&nbsp;&nbsp;ip_route
<LI><a href="#[90]">&gt;&gt;</a>&nbsp;&nbsp;&nbsp;ntohl
<LI><a href="#[ad]">&gt;&gt;</a>&nbsp;&nbsp;&nbsp;__aeabi_uwrite4
<LI><a href="#[af]">&gt;&gt;</a>&nbsp;&nbsp;&nbsp;__aeabi_uread4
</UL>
<BR>[Called By]<UL><LI><a href="#[c0]">&gt;&gt;</a>&nbsp;&nbsp;&nbsp;tcp_output
</UL>

<P><STRONG><a name="[110]"></a>tcp_output_set_header</STRONG> (Thumb, 172 bytes, Stack size 24 bytes, tcp_out.o(i.tcp_output_set_header))
<BR><BR>[Stack]<UL><LI>Max Depth = 28<LI>Call Chain = tcp_output_set_header &rArr; ntohs
</UL>
<BR>[Calls]<UL><LI><a href="#[ca]">&gt;&gt;</a>&nbsp;&nbsp;&nbsp;htons
<LI><a href="#[fb]">&gt;&gt;</a>&nbsp;&nbsp;&nbsp;htonl
<LI><a href="#[bd]">&gt;&gt;</a>&nbsp;&nbsp;&nbsp;ntohs
<LI><a href="#[ad]">&gt;&gt;</a>&nbsp;&nbsp;&nbsp;__aeabi_uwrite4
</UL>
<BR>[Called By]<UL><LI><a href="#[114]">&gt;&gt;</a>&nbsp;&nbsp;&nbsp;tcp_send_empty_ack
<LI><a href="#[11e]">&gt;&gt;</a>&nbsp;&nbsp;&nbsp;tcp_zero_window_probe
<LI><a href="#[10f]">&gt;&gt;</a>&nbsp;&nbsp;&nbsp;tcp_keepalive
</UL>

<P><STRONG><a name="[d4]"></a>low_level_input</STRONG> (Thumb, 390 bytes, Stack size 32 bytes, ethernetif.o(i.low_level_input))
<BR><BR>[Stack]<UL><LI>Max Depth = 92<LI>Call Chain = low_level_input &rArr; pbuf_alloc &rArr; pbuf_free &rArr; mem_free &rArr; plug_holes
</UL>
<BR>[Calls]<UL><LI><a href="#[be]">&gt;&gt;</a>&nbsp;&nbsp;&nbsp;pbuf_header
<LI><a href="#[a0]">&gt;&gt;</a>&nbsp;&nbsp;&nbsp;pbuf_alloc
<LI><a href="#[4f]">&gt;&gt;</a>&nbsp;&nbsp;&nbsp;__aeabi_memcpy
</UL>
<BR>[Called By]<UL><LI><a href="#[82]">&gt;&gt;</a>&nbsp;&nbsp;&nbsp;ethernetif_input
</UL>

<P><STRONG><a name="[e]"></a>low_level_output</STRONG> (Thumb, 152 bytes, Stack size 32 bytes, ethernetif.o(i.low_level_output))
<BR><BR>[Stack]<UL><LI>Max Depth = 40<LI>Call Chain = low_level_output &rArr; pbuf_header
</UL>
<BR>[Calls]<UL><LI><a href="#[be]">&gt;&gt;</a>&nbsp;&nbsp;&nbsp;pbuf_header
<LI><a href="#[4f]">&gt;&gt;</a>&nbsp;&nbsp;&nbsp;__aeabi_memcpy
</UL>
<BR>[Address Reference Count : 1]<UL><LI> ethernetif.o(i.ethernetif_init)
</UL>
<P><STRONG><a name="[d1]"></a>etharp_raw</STRONG> (Thumb, 178 bytes, Stack size 40 bytes, etharp.o(i.etharp_raw))
<BR><BR>[Stack]<UL><LI>Max Depth = 100<LI>Call Chain = etharp_raw &rArr; pbuf_alloc &rArr; pbuf_free &rArr; mem_free &rArr; plug_holes
</UL>
<BR>[Calls]<UL><LI><a href="#[ca]">&gt;&gt;</a>&nbsp;&nbsp;&nbsp;htons
<LI><a href="#[a2]">&gt;&gt;</a>&nbsp;&nbsp;&nbsp;pbuf_free
<LI><a href="#[a0]">&gt;&gt;</a>&nbsp;&nbsp;&nbsp;pbuf_alloc
<LI><a href="#[4f]">&gt;&gt;</a>&nbsp;&nbsp;&nbsp;__aeabi_memcpy
</UL>
<BR>[Called By]<UL><LI><a href="#[95]">&gt;&gt;</a>&nbsp;&nbsp;&nbsp;etharp_request
</UL>

<P><STRONG><a name="[cd]"></a>etharp_send_ip</STRONG> (Thumb, 54 bytes, Stack size 24 bytes, etharp.o(i.etharp_send_ip))
<BR><BR>[Stack]<UL><LI>Max Depth = 24<LI>Call Chain = etharp_send_ip
</UL>
<BR>[Calls]<UL><LI><a href="#[ca]">&gt;&gt;</a>&nbsp;&nbsp;&nbsp;htons
</UL>
<BR>[Called By]<UL><LI><a href="#[ce]">&gt;&gt;</a>&nbsp;&nbsp;&nbsp;etharp_query
<LI><a href="#[d]">&gt;&gt;</a>&nbsp;&nbsp;&nbsp;etharp_output
</UL>

<P><STRONG><a name="[cf]"></a>find_entry</STRONG> (Thumb, 280 bytes, Stack size 56 bytes, etharp.o(i.find_entry))
<BR><BR>[Stack]<UL><LI>Max Depth = 56<LI>Call Chain = find_entry
</UL>
<BR>[Calls]<UL><LI><a href="#[af]">&gt;&gt;</a>&nbsp;&nbsp;&nbsp;__aeabi_uread4
</UL>
<BR>[Called By]<UL><LI><a href="#[ce]">&gt;&gt;</a>&nbsp;&nbsp;&nbsp;etharp_query
<LI><a href="#[cb]">&gt;&gt;</a>&nbsp;&nbsp;&nbsp;update_arp_entry
</UL>

<P><STRONG><a name="[cb]"></a>update_arp_entry</STRONG> (Thumb, 138 bytes, Stack size 40 bytes, etharp.o(i.update_arp_entry))
<BR><BR>[Stack]<UL><LI>Max Depth = 96<LI>Call Chain = update_arp_entry &rArr; find_entry
</UL>
<BR>[Calls]<UL><LI><a href="#[b1]">&gt;&gt;</a>&nbsp;&nbsp;&nbsp;IPConflictHandle
<LI><a href="#[cf]">&gt;&gt;</a>&nbsp;&nbsp;&nbsp;find_entry
<LI><a href="#[90]">&gt;&gt;</a>&nbsp;&nbsp;&nbsp;ntohl
<LI><a href="#[91]">&gt;&gt;</a>&nbsp;&nbsp;&nbsp;ip_addr_isbroadcast
<LI><a href="#[af]">&gt;&gt;</a>&nbsp;&nbsp;&nbsp;__aeabi_uread4
</UL>
<BR>[Called By]<UL><LI><a href="#[cc]">&gt;&gt;</a>&nbsp;&nbsp;&nbsp;etharp_ip_input
<LI><a href="#[c9]">&gt;&gt;</a>&nbsp;&nbsp;&nbsp;etharp_arp_input
</UL>

<P><STRONG><a name="[c8]"></a>alloc_rxdes</STRONG> (Thumb, 120 bytes, Stack size 16 bytes, ftmac110.o(i.alloc_rxdes))
<BR><BR>[Stack]<UL><LI>Max Depth = 16<LI>Call Chain = alloc_rxdes
</UL>
<BR>[Calls]<UL><LI><a href="#[24]">&gt;&gt;</a>&nbsp;&nbsp;&nbsp;__aeabi_memclr4
</UL>
<BR>[Called By]<UL><LI><a href="#[d6]">&gt;&gt;</a>&nbsp;&nbsp;&nbsp;ftmac110_open_control
</UL>

<P><STRONG><a name="[77]"></a>alloc_txdes</STRONG> (Thumb, 84 bytes, Stack size 8 bytes, ftmac110.o(i.alloc_txdes))
<BR><BR>[Stack]<UL><LI>Max Depth = 8<LI>Call Chain = alloc_txdes
</UL>
<BR>[Calls]<UL><LI><a href="#[24]">&gt;&gt;</a>&nbsp;&nbsp;&nbsp;__aeabi_memclr4
</UL>
<BR>[Called By]<UL><LI><a href="#[76]">&gt;&gt;</a>&nbsp;&nbsp;&nbsp;CH395MACTXDMARealloc
<LI><a href="#[d6]">&gt;&gt;</a>&nbsp;&nbsp;&nbsp;ftmac110_open_control
</UL>

<P><STRONG><a name="[11]"></a>ftmac110_close</STRONG> (Thumb, 14 bytes, Stack size 0 bytes, ftmac110.o(i.ftmac110_close))
<BR>[Address Reference Count : 1]<UL><LI> ftmac110.o(i.malloc_ftmac110_device)
</UL>
<P><STRONG><a name="[10]"></a>ftmac110_open</STRONG> (Thumb, 26 bytes, Stack size 16 bytes, ftmac110.o(i.ftmac110_open))
<BR><BR>[Stack]<UL><LI>Max Depth = 72<LI>Call Chain = ftmac110_open &rArr; ftmac110_open_control &rArr; alloc_rxdes
</UL>
<BR>[Calls]<UL><LI><a href="#[d6]">&gt;&gt;</a>&nbsp;&nbsp;&nbsp;ftmac110_open_control
</UL>
<BR>[Address Reference Count : 1]<UL><LI> ftmac110.o(i.malloc_ftmac110_device)
</UL>
<P><STRONG><a name="[d6]"></a>ftmac110_open_control</STRONG> (Thumb, 220 bytes, Stack size 40 bytes, ftmac110.o(i.ftmac110_open_control))
<BR><BR>[Stack]<UL><LI>Max Depth = 56<LI>Call Chain = ftmac110_open_control &rArr; alloc_rxdes
</UL>
<BR>[Calls]<UL><LI><a href="#[ac]">&gt;&gt;</a>&nbsp;&nbsp;&nbsp;phyread16
<LI><a href="#[77]">&gt;&gt;</a>&nbsp;&nbsp;&nbsp;alloc_txdes
<LI><a href="#[c8]">&gt;&gt;</a>&nbsp;&nbsp;&nbsp;alloc_rxdes
</UL>
<BR>[Called By]<UL><LI><a href="#[10]">&gt;&gt;</a>&nbsp;&nbsp;&nbsp;ftmac110_open
</UL>

<P><STRONG><a name="[12]"></a>ftmac110_xmit</STRONG> (Thumb, 90 bytes, Stack size 16 bytes, ftmac110.o(i.ftmac110_xmit))
<BR><BR>[Stack]<UL><LI>Max Depth = 32<LI>Call Chain = ftmac110_xmit &rArr; CH395MACTXDMARealloc &rArr; alloc_txdes
</UL>
<BR>[Calls]<UL><LI><a href="#[76]">&gt;&gt;</a>&nbsp;&nbsp;&nbsp;CH395MACTXDMARealloc
</UL>
<BR>[Address Reference Count : 1]<UL><LI> ftmac110.o(i.malloc_ftmac110_device)
</UL>
<P><STRONG><a name="[ac]"></a>phyread16</STRONG> (Thumb, 52 bytes, Stack size 0 bytes, ftmac110.o(i.phyread16))
<BR><BR>[Called By]<UL><LI><a href="#[ab]">&gt;&gt;</a>&nbsp;&nbsp;&nbsp;GetPHYStatus
<LI><a href="#[d6]">&gt;&gt;</a>&nbsp;&nbsp;&nbsp;ftmac110_open_control
</UL>

<P><STRONG><a name="[6c]"></a>getword2</STRONG> (Thumb, 16 bytes, Stack size 0 bytes, getword_KIL42.O(.text))
<BR><BR>[Called By]<UL><LI><a href="#[6b]">&gt;&gt;</a>&nbsp;&nbsp;&nbsp;getword
</UL>

<P><STRONG><a name="[f6]"></a>plug_holes</STRONG> (Thumb, 80 bytes, Stack size 12 bytes, mem.o(i.plug_holes))
<BR><BR>[Stack]<UL><LI>Max Depth = 12<LI>Call Chain = plug_holes
</UL>
<BR>[Called By]<UL><LI><a href="#[f5]">&gt;&gt;</a>&nbsp;&nbsp;&nbsp;mem_free
</UL>

<P><STRONG><a name="[10d]"></a>tcp_listen_input</STRONG> (Thumb, 244 bytes, Stack size 32 bytes, tcp_in.o(i.tcp_listen_input))
<BR><BR>[Stack]<UL><LI>Max Depth = 468<LI>Call Chain = tcp_listen_input &rArr; tcp_alloc &rArr; tcp_abandon &rArr; LwipRemoveTcpPcb &rArr; CH563ScokedIntHandle &rArr; tcp_close &rArr;  LwipRemoveTcpPcb (Cycle)
</UL>
<BR>[Calls]<UL><LI><a href="#[103]">&gt;&gt;</a>&nbsp;&nbsp;&nbsp;tcp_rst
<LI><a href="#[10a]">&gt;&gt;</a>&nbsp;&nbsp;&nbsp;tcp_enqueue
<LI><a href="#[109]">&gt;&gt;</a>&nbsp;&nbsp;&nbsp;tcp_eff_send_mss
<LI><a href="#[104]">&gt;&gt;</a>&nbsp;&nbsp;&nbsp;tcp_alloc
<LI><a href="#[c0]">&gt;&gt;</a>&nbsp;&nbsp;&nbsp;tcp_output
<LI><a href="#[a9]">&gt;&gt;</a>&nbsp;&nbsp;&nbsp;tcp_abandon
<LI><a href="#[af]">&gt;&gt;</a>&nbsp;&nbsp;&nbsp;__aeabi_uread4
<LI><a href="#[111]">&gt;&gt;</a>&nbsp;&nbsp;&nbsp;tcp_parseopt
</UL>
<BR>[Called By]<UL><LI><a href="#[eb]">&gt;&gt;</a>&nbsp;&nbsp;&nbsp;tcp_input
</UL>

<P><STRONG><a name="[112]"></a>tcp_oos_insert_segment</STRONG> (Thumb, 172 bytes, Stack size 24 bytes, tcp_in.o(i.tcp_oos_insert_segment))
<BR><BR>[Stack]<UL><LI>Max Depth = 92<LI>Call Chain = tcp_oos_insert_segment &rArr; tcp_segs_free &rArr; tcp_seg_free &rArr; pbuf_free &rArr; mem_free &rArr; plug_holes
</UL>
<BR>[Calls]<UL><LI><a href="#[ca]">&gt;&gt;</a>&nbsp;&nbsp;&nbsp;htons
<LI><a href="#[102]">&gt;&gt;</a>&nbsp;&nbsp;&nbsp;tcp_segs_free
<LI><a href="#[113]">&gt;&gt;</a>&nbsp;&nbsp;&nbsp;tcp_seg_free
<LI><a href="#[e6]">&gt;&gt;</a>&nbsp;&nbsp;&nbsp;pbuf_realloc
<LI><a href="#[bd]">&gt;&gt;</a>&nbsp;&nbsp;&nbsp;ntohs
<LI><a href="#[af]">&gt;&gt;</a>&nbsp;&nbsp;&nbsp;__aeabi_uread4
</UL>
<BR>[Called By]<UL><LI><a href="#[116]">&gt;&gt;</a>&nbsp;&nbsp;&nbsp;tcp_receive
</UL>

<P><STRONG><a name="[111]"></a>tcp_parseopt</STRONG> (Thumb, 136 bytes, Stack size 16 bytes, tcp_in.o(i.tcp_parseopt))
<BR><BR>[Stack]<UL><LI>Max Depth = 20<LI>Call Chain = tcp_parseopt &rArr; ntohs
</UL>
<BR>[Calls]<UL><LI><a href="#[bd]">&gt;&gt;</a>&nbsp;&nbsp;&nbsp;ntohs
</UL>
<BR>[Called By]<UL><LI><a href="#[10e]">&gt;&gt;</a>&nbsp;&nbsp;&nbsp;tcp_process
<LI><a href="#[10d]">&gt;&gt;</a>&nbsp;&nbsp;&nbsp;tcp_listen_input
</UL>

<P><STRONG><a name="[10e]"></a>tcp_process</STRONG> (Thumb, 826 bytes, Stack size 32 bytes, tcp_in.o(i.tcp_process))
<BR><BR>[Stack]<UL><LI>Max Depth = 444<LI>Call Chain = tcp_process &rArr; tcp_abandon &rArr; LwipRemoveTcpPcb &rArr; CH563ScokedIntHandle &rArr; tcp_close &rArr;  LwipRemoveTcpPcb (Cycle)
</UL>
<BR>[Calls]<UL><LI><a href="#[117]">&gt;&gt;</a>&nbsp;&nbsp;&nbsp;tcp_rexmit
<LI><a href="#[103]">&gt;&gt;</a>&nbsp;&nbsp;&nbsp;tcp_rst
<LI><a href="#[113]">&gt;&gt;</a>&nbsp;&nbsp;&nbsp;tcp_seg_free
<LI><a href="#[b8]">&gt;&gt;</a>&nbsp;&nbsp;&nbsp;tcp_pcb_purge
<LI><a href="#[109]">&gt;&gt;</a>&nbsp;&nbsp;&nbsp;tcp_eff_send_mss
<LI><a href="#[107]">&gt;&gt;</a>&nbsp;&nbsp;&nbsp;__ARM_common_switch8 (via BLX)
<LI><a href="#[c0]">&gt;&gt;</a>&nbsp;&nbsp;&nbsp;tcp_output
<LI><a href="#[a9]">&gt;&gt;</a>&nbsp;&nbsp;&nbsp;tcp_abandon
<LI><a href="#[90]">&gt;&gt;</a>&nbsp;&nbsp;&nbsp;ntohl
<LI><a href="#[af]">&gt;&gt;</a>&nbsp;&nbsp;&nbsp;__aeabi_uread4
<LI><a href="#[116]">&gt;&gt;</a>&nbsp;&nbsp;&nbsp;tcp_receive
<LI><a href="#[111]">&gt;&gt;</a>&nbsp;&nbsp;&nbsp;tcp_parseopt
</UL>
<BR>[Called By]<UL><LI><a href="#[eb]">&gt;&gt;</a>&nbsp;&nbsp;&nbsp;tcp_input
</UL>

<P><STRONG><a name="[116]"></a>tcp_receive</STRONG> (Thumb, 1850 bytes, Stack size 32 bytes, tcp_in.o(i.tcp_receive))
<BR><BR>[Stack]<UL><LI>Max Depth = 316<LI>Call Chain = tcp_receive &rArr; tcp_output &rArr; tcp_send_empty_ack &rArr; ip_output &rArr; ip_output_if &rArr; ip_frag &rArr; pbuf_alloc &rArr; pbuf_free &rArr; mem_free &rArr; plug_holes
</UL>
<BR>[Calls]<UL><LI><a href="#[ca]">&gt;&gt;</a>&nbsp;&nbsp;&nbsp;htons
<LI><a href="#[114]">&gt;&gt;</a>&nbsp;&nbsp;&nbsp;tcp_send_empty_ack
<LI><a href="#[118]">&gt;&gt;</a>&nbsp;&nbsp;&nbsp;tcp_rexmit_fast
<LI><a href="#[113]">&gt;&gt;</a>&nbsp;&nbsp;&nbsp;tcp_seg_free
<LI><a href="#[11a]">&gt;&gt;</a>&nbsp;&nbsp;&nbsp;tcp_seg_copy
<LI><a href="#[e6]">&gt;&gt;</a>&nbsp;&nbsp;&nbsp;pbuf_realloc
<LI><a href="#[ed]">&gt;&gt;</a>&nbsp;&nbsp;&nbsp;pbuf_clen
<LI><a href="#[e5]">&gt;&gt;</a>&nbsp;&nbsp;&nbsp;pbuf_cat
<LI><a href="#[119]">&gt;&gt;</a>&nbsp;&nbsp;&nbsp;tcp_update_rcv_ann_wnd
<LI><a href="#[c0]">&gt;&gt;</a>&nbsp;&nbsp;&nbsp;tcp_output
<LI><a href="#[be]">&gt;&gt;</a>&nbsp;&nbsp;&nbsp;pbuf_header
<LI><a href="#[bd]">&gt;&gt;</a>&nbsp;&nbsp;&nbsp;ntohs
<LI><a href="#[90]">&gt;&gt;</a>&nbsp;&nbsp;&nbsp;ntohl
<LI><a href="#[ad]">&gt;&gt;</a>&nbsp;&nbsp;&nbsp;__aeabi_uwrite4
<LI><a href="#[af]">&gt;&gt;</a>&nbsp;&nbsp;&nbsp;__aeabi_uread4
<LI><a href="#[6d]">&gt;&gt;</a>&nbsp;&nbsp;&nbsp;__aeabi_idivmod
<LI><a href="#[112]">&gt;&gt;</a>&nbsp;&nbsp;&nbsp;tcp_oos_insert_segment
</UL>
<BR>[Called By]<UL><LI><a href="#[10e]">&gt;&gt;</a>&nbsp;&nbsp;&nbsp;tcp_process
</UL>

<P><STRONG><a name="[10c]"></a>tcp_timewait_input</STRONG> (Thumb, 112 bytes, Stack size 24 bytes, tcp_in.o(i.tcp_timewait_input))
<BR><BR>[Stack]<UL><LI>Max Depth = 308<LI>Call Chain = tcp_timewait_input &rArr; tcp_output &rArr; tcp_send_empty_ack &rArr; ip_output &rArr; ip_output_if &rArr; ip_frag &rArr; pbuf_alloc &rArr; pbuf_free &rArr; mem_free &rArr; plug_holes
</UL>
<BR>[Calls]<UL><LI><a href="#[103]">&gt;&gt;</a>&nbsp;&nbsp;&nbsp;tcp_rst
<LI><a href="#[c0]">&gt;&gt;</a>&nbsp;&nbsp;&nbsp;tcp_output
</UL>
<BR>[Called By]<UL><LI><a href="#[eb]">&gt;&gt;</a>&nbsp;&nbsp;&nbsp;tcp_input
</UL>

<P><STRONG><a name="[d8]"></a>icmp_send_response</STRONG> (Thumb, 106 bytes, Stack size 40 bytes, icmp.o(i.icmp_send_response))
<BR><BR>[Stack]<UL><LI>Max Depth = 260<LI>Call Chain = icmp_send_response &rArr; ip_output &rArr; ip_output_if &rArr; ip_frag &rArr; pbuf_alloc &rArr; pbuf_free &rArr; mem_free &rArr; plug_holes
</UL>
<BR>[Calls]<UL><LI><a href="#[e0]">&gt;&gt;</a>&nbsp;&nbsp;&nbsp;ip_output
<LI><a href="#[a2]">&gt;&gt;</a>&nbsp;&nbsp;&nbsp;pbuf_free
<LI><a href="#[a0]">&gt;&gt;</a>&nbsp;&nbsp;&nbsp;pbuf_alloc
<LI><a href="#[4f]">&gt;&gt;</a>&nbsp;&nbsp;&nbsp;__aeabi_memcpy
<LI><a href="#[de]">&gt;&gt;</a>&nbsp;&nbsp;&nbsp;inet_chksum
</UL>
<BR>[Called By]<UL><LI><a href="#[d7]">&gt;&gt;</a>&nbsp;&nbsp;&nbsp;icmp_dest_unreach
<LI><a href="#[e1]">&gt;&gt;</a>&nbsp;&nbsp;&nbsp;icmp_time_exceeded
</UL>

<P><STRONG><a name="[e2]"></a>lwip_standard_chksum</STRONG> (Thumb, 68 bytes, Stack size 8 bytes, inet_chksum.o(i.lwip_standard_chksum))
<BR><BR>[Stack]<UL><LI>Max Depth = 8<LI>Call Chain = lwip_standard_chksum
</UL>
<BR>[Calls]<UL><LI><a href="#[ca]">&gt;&gt;</a>&nbsp;&nbsp;&nbsp;htons
</UL>
<BR>[Called By]<UL><LI><a href="#[e3]">&gt;&gt;</a>&nbsp;&nbsp;&nbsp;inet_chksum_pseudo
<LI><a href="#[dc]">&gt;&gt;</a>&nbsp;&nbsp;&nbsp;inet_chksum_pbuf
<LI><a href="#[de]">&gt;&gt;</a>&nbsp;&nbsp;&nbsp;inet_chksum
</UL>

<P><STRONG><a name="[ef]"></a>ip_reass_chain_frag_into_datagram_and_validate</STRONG> (Thumb, 374 bytes, Stack size 40 bytes, ip_frag.o(i.ip_reass_chain_frag_into_datagram_and_validate))
<BR><BR>[Stack]<UL><LI>Max Depth = 76<LI>Call Chain = ip_reass_chain_frag_into_datagram_and_validate &rArr; pbuf_free &rArr; mem_free &rArr; plug_holes
</UL>
<BR>[Calls]<UL><LI><a href="#[ed]">&gt;&gt;</a>&nbsp;&nbsp;&nbsp;pbuf_clen
<LI><a href="#[a2]">&gt;&gt;</a>&nbsp;&nbsp;&nbsp;pbuf_free
<LI><a href="#[bd]">&gt;&gt;</a>&nbsp;&nbsp;&nbsp;ntohs
<LI><a href="#[ad]">&gt;&gt;</a>&nbsp;&nbsp;&nbsp;__aeabi_uwrite4
<LI><a href="#[af]">&gt;&gt;</a>&nbsp;&nbsp;&nbsp;__aeabi_uread4
</UL>
<BR>[Called By]<UL><LI><a href="#[e8]">&gt;&gt;</a>&nbsp;&nbsp;&nbsp;ip_reass
</UL>

<P><STRONG><a name="[f0]"></a>ip_reass_dequeue_datagram</STRONG> (Thumb, 30 bytes, Stack size 8 bytes, ip_frag.o(i.ip_reass_dequeue_datagram))
<BR><BR>[Stack]<UL><LI>Max Depth = 8<LI>Call Chain = ip_reass_dequeue_datagram
</UL>
<BR>[Calls]<UL><LI><a href="#[b9]">&gt;&gt;</a>&nbsp;&nbsp;&nbsp;memp_free
</UL>
<BR>[Called By]<UL><LI><a href="#[f1]">&gt;&gt;</a>&nbsp;&nbsp;&nbsp;ip_reass_free_complete_datagram
<LI><a href="#[e8]">&gt;&gt;</a>&nbsp;&nbsp;&nbsp;ip_reass
</UL>

<P><STRONG><a name="[f1]"></a>ip_reass_free_complete_datagram</STRONG> (Thumb, 114 bytes, Stack size 32 bytes, ip_frag.o(i.ip_reass_free_complete_datagram))
<BR><BR>[Stack]<UL><LI>Max Depth = 300<LI>Call Chain = ip_reass_free_complete_datagram &rArr; icmp_time_exceeded &rArr; icmp_send_response &rArr; ip_output &rArr; ip_output_if &rArr; ip_frag &rArr; pbuf_alloc &rArr; pbuf_free &rArr; mem_free &rArr; plug_holes
</UL>
<BR>[Calls]<UL><LI><a href="#[ed]">&gt;&gt;</a>&nbsp;&nbsp;&nbsp;pbuf_clen
<LI><a href="#[a2]">&gt;&gt;</a>&nbsp;&nbsp;&nbsp;pbuf_free
<LI><a href="#[af]">&gt;&gt;</a>&nbsp;&nbsp;&nbsp;__aeabi_uread4
<LI><a href="#[4f]">&gt;&gt;</a>&nbsp;&nbsp;&nbsp;__aeabi_memcpy
<LI><a href="#[f0]">&gt;&gt;</a>&nbsp;&nbsp;&nbsp;ip_reass_dequeue_datagram
<LI><a href="#[e1]">&gt;&gt;</a>&nbsp;&nbsp;&nbsp;icmp_time_exceeded
</UL>
<BR>[Called By]<UL><LI><a href="#[b4]">&gt;&gt;</a>&nbsp;&nbsp;&nbsp;ip_reass_tmr
</UL>

<P><STRONG><a name="[c4]"></a>_printf_core</STRONG> (Thumb, 776 bytes, Stack size 96 bytes, printf6.o(i._printf_core), UNUSED)
<BR><BR>[Calls]<UL><LI><a href="#[c6]">&gt;&gt;</a>&nbsp;&nbsp;&nbsp;_printf_pre_padding
<LI><a href="#[c7]">&gt;&gt;</a>&nbsp;&nbsp;&nbsp;_printf_post_padding
<LI><a href="#[52]">&gt;&gt;</a>&nbsp;&nbsp;&nbsp;__aeabi_uidivmod
</UL>
<BR>[Called By]<UL><LI><a href="#[c5]">&gt;&gt;</a>&nbsp;&nbsp;&nbsp;__0sprintf$6
<LI><a href="#[c3]">&gt;&gt;</a>&nbsp;&nbsp;&nbsp;__0printf$6
</UL>

<P><STRONG><a name="[c7]"></a>_printf_post_padding</STRONG> (Thumb, 32 bytes, Stack size 24 bytes, printf6.o(i._printf_post_padding), UNUSED)
<BR><BR>[Called By]<UL><LI><a href="#[c4]">&gt;&gt;</a>&nbsp;&nbsp;&nbsp;_printf_core
</UL>

<P><STRONG><a name="[c6]"></a>_printf_pre_padding</STRONG> (Thumb, 44 bytes, Stack size 40 bytes, printf6.o(i._printf_pre_padding), UNUSED)
<BR><BR>[Called By]<UL><LI><a href="#[c4]">&gt;&gt;</a>&nbsp;&nbsp;&nbsp;_printf_core
</UL>

<P><STRONG><a name="[c]"></a>_sputc</STRONG> (Thumb, 10 bytes, Stack size 0 bytes, printf6.o(i._sputc))
<BR><BR>[Called By]<UL><LI><a href="#[c5]">&gt;&gt;</a>&nbsp;&nbsp;&nbsp;__0sprintf$6
</UL>
<BR>[Address Reference Count : 1]<UL><LI> printf6.o(i.__0sprintf$6)
</UL><P>
<H3>
Undefined Global Symbols
</H3>
<P><STRONG><a name="[1e]"></a>__arm_fini_</STRONG> (Unknown, 0 bytes, Stack size 0 bytes, UNDEFINED)
<BR><BR>[Called By]<UL><LI><a href="#[1d]">&gt;&gt;</a>&nbsp;&nbsp;&nbsp;__rt_lib_shutdown_fini
</UL>
<HR></body></html>
