<html>
<body>
<pre>
<h1>礦ision Build Log</h1>
<h2>Tool Versions:</h2>
IDE-Version: μVision V5.35.0.0
Copyright (C) 2021 ARM Ltd and ARM Germany GmbH. All rights reserved.
License Information: plin plin, plin, LIC=KRMW3-AAFXU-JJS6S-L234P-KCDL2-W0JLK
 
Tool Versions:
Toolchain:       MDK-ARM Plus  Version: 5.35.0.2
Toolchain Path:  C:\Keil_v5\ARM\ARMCC\Bin
C Compiler:      Armcc.exe V5.06 update 7 (build 960)
Assembler:       Armasm.exe V5.06 update 7 (build 960)
Linker/Locator:  ArmLink.exe V5.06 update 7 (build 960)
Library Manager: ArmAr.exe V5.06 update 7 (build 960)
Hex Converter:   FromElf.exe V5.06 update 7 (build 960)
CPU DLL:         SARM.DLL V5.35.0.0
Dialog DLL:      DARMP3.DLL
Target DLL:      UL2ARM.DLL V1.74.14.0
Dialog DLL:      TARMP3.DLL V1.4.0.0
 
<h2>Project:</h2>
F:\iot\LearnCH579M-main\CH579开发相关\CH563EVT\EXAM\NET\WEB_SERVER\CH563.uvproj
Project File Date:  11/30/2021

<h2>Output:</h2>
*** Using Compiler 'V5.06 update 7 (build 960)', folder: 'C:\Keil_v5\ARM\ARMCC\Bin'
Build target 'CH563'
assembling STARTUP.S...
compiling SYSFREQ.C...
compiling main.C...
compiling HTTPS.C...
linking...
.\Obj\CH563.axf: Warning: L6305W: Image does not have an entry point. (Not specified or not set due to multiple choices.)
..\..\SRC\CH563D64.SCF(20): warning: L6329W: Pattern STARTUP.O(HEAP) only matches removed unused sections.
Program Size: Code=38580 RO-data=30540 RW-data=452 ZI-data=53368  
Finished: 0 information, 2 warning and 0 error messages.
FromELF: creating hex file...
".\Obj\CH563.axf" - 0 Error(s), 2 Warning(s).
Build Time Elapsed:  00:00:00
</pre>
</body>
</html>
