Component: ARM Compiler 5.06 update 7 (build 960) Tool: armlink [4d3601]

==============================================================================

Section Cross References

    https.o(.text) refers to strtok.o(.text) for strtok
    https.o(.text) refers to strcmp.o(.text) for strcmp
    https.o(.text) refers to strcpy.o(.text) for strcpy
    https.o(.text) refers to memseta.o(.text) for __aeabi_memclr4
    https.o(.text) refers to strstr.o(.text) for strstr
    https.o(.text) refers to strlen.o(.text) for strlen
    https.o(.text) refers to https.o(.bss) for tempURI
    https.o(.text) refers to https.o(.data) for name
    https.o(.text) refers to atoi.o(.text) for atoi
    https.o(.text) refers to ISPXT56X_KIL31.O(.text) for EEPROM_ERASE
    https.o(.text) refers to printf6.o(i.__0printf$6) for __2printf
    https.o(.text) refers to printf6.o(i.__0sprintf$6) for __2sprintf
    https.o(.text) refers to ch563sock.o(i.CH563NET_SocketSend) for CH563NET_SocketSend
    https.o(.text) refers to ch563sock.o(i.CH563NET_SocketClose) for CH563NET_SocketClose
    https.o(.text) refers to main.o(.data) for flag
    https.o(.text) refers to main.o(.bss) for RecvBuffer
    https.o(.text) refers to https.o(.constdata) for Html_main
    https.o(.data) refers to https.o(.bss) for basicbuf
    main.o(.text) refers to ch563sock.o(i.CH563NET_ETHIsr) for CH563NET_ETHIsr
    main.o(.text) refers to ch563sock.o(i.CH563NET_TimeIsr) for CH563NET_TimeIsr
    main.o(.text) refers to ch563sock.o(i.CH563NET_GetVer) for CH563NET_GetVer
    main.o(.text) refers to ch563sock.o(i.CH563NET_ConfigLIB) for CH563NET_ConfigLIB
    main.o(.text) refers to ch563sock.o(i.CH563NET_Init) for CH563NET_Init
    main.o(.text) refers to ch563sock.o(i.CH563NET_SocketRecvLen) for CH563NET_SocketRecvLen
    main.o(.text) refers to ch563sock.o(i.CH563NET_SocketRecv) for CH563NET_SocketRecv
    main.o(.text) refers to ch563sock.o(i.CH563NET_ModifyRecvBuf) for CH563NET_ModifyRecvBuf
    main.o(.text) refers to ch563sock.o(i.CH563NET_GetGlobalInt) for CH563NET_GetGlobalInt
    main.o(.text) refers to ch563sock.o(i.CH563NET_GetPHYStatus) for CH563NET_GetPHYStatus
    main.o(.text) refers to ch563sock.o(i.CH563NET_GetSocketInt) for CH563NET_GetSocketInt
    main.o(.text) refers to printf6.o(i.__0printf$6) for __2printf
    main.o(.text) refers to ch563sock.o(i.CH563NET_SocketUdpSendTo) for CH563NET_SocketUdpSendTo
    main.o(.text) refers to memseta.o(.text) for __aeabi_memclr4
    main.o(.text) refers to ch563sock.o(i.CH563NET_SocketCreat) for CH563NET_SocketCreat
    main.o(.text) refers to ch563sock.o(i.CH563NET_SocketListen) for CH563NET_SocketListen
    main.o(.text) refers to memcpya.o(.text) for __aeabi_memcpy
    main.o(.text) refers to ch563sock.o(i.CH563NET_SocketConnect) for CH563NET_SocketConnect
    main.o(.text) refers to ch563sock.o(.data) for CH563NETConfig
    main.o(.text) refers to main.o(.bss) for RecvBuffer
    main.o(.text) refers to main.o(.data) for flag
    main.o(.text) refers to https.o(.data) for socket
    main.o(.text) refers to uidiv.o(.text) for __aeabi_uidivmod
    main.o(.text) refers to ISPXT56X_KIL31.O(.text) for EEPROM_ERASE
    main.o(.text) refers to sysfreq.o(.text) for Delay_ms
    main.o(.text) refers to https.o(.text) for Init_Para_Tab
    main.o(.text) refers to ch563sock.o(i.CH563NET_MainTask) for CH563NET_MainTask
    main.o(.text) refers to ch563sock.o(i.CH563NET_QueryGlobalInt) for CH563NET_QueryGlobalInt
    startup.o(RESET) refers to main.o(.text) for IRQ_Handler
    startup.o(RESET) refers to sysfreq.o(.text) for SysFreq
    startup.o(RESET) refers to entry.o(.ARM.Collect$$$$00000000) for __main
    startup.o(RESET) refers to startup.o(STACK) for Stack_Top
    ch563sock.o(i.CH563EtherNetIsr) refers to ipcheck.o(i.IPCheckParaInit) for IPCheckParaInit
    ch563sock.o(i.CH563EtherNetIsr) refers to ch563sock.o(.bss) for .bss
    ch563sock.o(i.CH563FileCorrectTCBPcb) refers to main.o(.bss) for SocketInf
    ch563sock.o(i.CH563FileCorrectTCBPcb) refers to ch563sock.o(.data) for .data
    ch563sock.o(i.CH563IPClose) refers to netif.o(i.netif_remove) for netif_remove
    ch563sock.o(i.CH563IPClose) refers to ethernetif.o(.bss) for CH563NetIf
    ch563sock.o(i.CH563IPSetSocketRecvInit) refers to ch563sock.o(i.CH563ScokedIntHandle) for CH563ScokedIntHandle
    ch563sock.o(i.CH563IPSetSocketRecvInit) refers to main.o(.bss) for SocketInf
    ch563sock.o(i.CH563IPSetSocketRecvInit) refers to ch563sock.o(.data) for .data
    ch563sock.o(i.CH563NET_Aton) refers to inet.o(i.inet_aton) for inet_aton
    ch563sock.o(i.CH563NET_ConfigKeepLive) refers to ch563sock.o(.bss) for .bss
    ch563sock.o(i.CH563NET_ConfigLIB) refers to ch563sock.o(.bss) for .bss
    ch563sock.o(i.CH563NET_ETHIsr) refers to ftmac110.o(i.ftmac110_isr) for ftmac110_isr
    ch563sock.o(i.CH563NET_GetGlobalInt) refers to ch563sock.o(i.CH563NET_QueryGlobalInt) for CH563NET_QueryGlobalInt
[...]
    tcp_parseopt                             0x00007e29   Thumb Code   136  tcp_in.o(i.tcp_parseopt)
    i.tcp_pcb_purge                          0x00007eb8   Section        0  tcp.o(i.tcp_pcb_purge)
    i.tcp_pcb_remove                         0x00007efc   Section        0  tcp.o(i.tcp_pcb_remove)
    i.tcp_poll                               0x00007f58   Section        0  tcp.o(i.tcp_poll)
    i.tcp_process                            0x00007f64   Section        0  tcp_in.o(i.tcp_process)
    tcp_process                              0x00007f65   Thumb Code   826  tcp_in.o(i.tcp_process)
    i.tcp_receive                            0x000082b4   Section        0  tcp_in.o(i.tcp_receive)
    tcp_receive                              0x000082b5   Thumb Code  1850  tcp_in.o(i.tcp_receive)
    i.tcp_recv                               0x000089fc   Section        0  tcp.o(i.tcp_recv)
    i.tcp_recv_null                          0x00008a02   Section        0  tcp.o(i.tcp_recv_null)
    i.tcp_recved                             0x00008a28   Section        0  tcp.o(i.tcp_recved)
    i.tcp_recved_CH563                       0x00008a68   Section        0  ch563sock.o(i.tcp_recved_CH563)
    i.tcp_recved_socket                      0x00008a72   Section        0  ch563sock.o(i.tcp_recved_socket)
    i.tcp_rexmit                             0x00008a98   Section        0  tcp_out.o(i.tcp_rexmit)
    i.tcp_rexmit_fast                        0x00008ae8   Section        0  tcp_out.o(i.tcp_rexmit_fast)
    i.tcp_rexmit_rto                         0x00008b38   Section        0  tcp_out.o(i.tcp_rexmit_rto)
    i.tcp_rst                                0x00008b68   Section        0  tcp_out.o(i.tcp_rst)
    i.tcp_seg_copy                           0x00008c4c   Section        0  tcp.o(i.tcp_seg_copy)
    i.tcp_seg_free                           0x00008c70   Section        0  tcp.o(i.tcp_seg_free)
    i.tcp_segs_free                          0x00008c92   Section        0  tcp.o(i.tcp_segs_free)
    i.tcp_send_ctrl                          0x00008cae   Section        0  tcp_out.o(i.tcp_send_ctrl)
    i.tcp_send_empty_ack                     0x00008cc4   Section        0  tcp_out.o(i.tcp_send_empty_ack)
    i.tcp_sent                               0x00008d32   Section        0  tcp.o(i.tcp_sent)
    i.tcp_slowtmr                            0x00008d38   Section        0  tcp.o(i.tcp_slowtmr)
    i.tcp_timewait_input                     0x00008fac   Section        0  tcp_in.o(i.tcp_timewait_input)
    tcp_timewait_input                       0x00008fad   Thumb Code   112  tcp_in.o(i.tcp_timewait_input)
    i.tcp_tmr                                0x00009024   Section        0  tcp.o(i.tcp_tmr)
    i.tcp_update_rcv_ann_wnd                 0x00009040   Section        0  tcp.o(i.tcp_update_rcv_ann_wnd)
    i.tcp_write                              0x0000907c   Section        0  tcp_out.o(i.tcp_write)
    i.tcp_zero_window_probe                  0x000090ac   Section        0  tcp_out.o(i.tcp_zero_window_probe)
    i.udp_bind                               0x00009170   Section        0  udp.o(i.udp_bind)
    i.udp_connect                            0x00009210   Section        0  udp.o(i.udp_connect)
    i.udp_input                              0x00009298   Section        0  udp.o(i.udp_input)
    i.udp_new                                0x000094b0   Section        0  udp.o(i.udp_new)
    i.udp_recv                               0x000094ca   Section        0  udp.o(i.udp_recv)
    i.udp_remove                             0x000094d0   Section        0  udp.o(i.udp_remove)
    i.udp_send                               0x00009504   Section        0  udp.o(i.udp_send)
    i.udp_sendto                             0x00009510   Section        0  udp.o(i.udp_sendto)
    i.udp_sendto_if                          0x0000953a   Section        0  udp.o(i.udp_sendto_if)
    i.update_arp_entry                       0x00009624   Section        0  etharp.o(i.update_arp_entry)
    update_arp_entry                         0x00009625   Thumb Code   138  etharp.o(i.update_arp_entry)
    .constdata                               0x000096b4   Section    30162  https.o(.constdata)
    .constdata                               0x00010c86   Section       32  main.o(.constdata)
    .constdata                               0x00010ca6   Section       16  ch563sock.o(.constdata)
    .constdata                               0x00010cb6   Section       27  tcp.o(.constdata)
    .constdata                               0x00010cd1   Section        4  ip_addr.o(.constdata)
    .constdata                               0x00010cd5   Section       12  etharp.o(.constdata)
    .constdata                               0x00010ce1   Section      129  ctype_o.o(.constdata)
    .constdata                               0x00010d64   Section        4  ctype_o.o(.constdata)
    table                                    0x00010d64   Data           4  ctype_o.o(.constdata)
    .conststring                             0x00010d68   Section      117  tcp.o(.conststring)
    .data                                    0x00810000   Section      142  https.o(.data)
    .data                                    0x0081008e   Section       20  main.o(.data)
    .data                                    0x008100a4   Section       12  ch563sock.o(.data)
    .data                                    0x008100b0   Section       12  netif.o(.data)
    netifnum                                 0x008100b0   Data           1  netif.o(.data)
    .data                                    0x008100bc   Section       76  tcp.o(.data)
    tcp_timer                                0x008100bc   Data           1  tcp.o(.data)
    port                                     0x008100be   Data           2  tcp.o(.data)
    iss                                      0x008100c0   Data           4  tcp.o(.data)
    .data                                    0x00810108   Section        4  udp.o(.data)
    .data                                    0x0081010c   Section       68  ethernetif.o(.data)
    MacRevcNull                              0x0081010c   Data           1  ethernetif.o(.data)
    .data                                    0x00810150   Section        8  etharp.o(.data)
    etharp_cached_entry                      0x00810150   Data           1  etharp.o(.data)
    arp_table                                0x00810154   Data           4  etharp.o(.data)
    .data                                    0x00810158   Section        4  raw.o(.data)
    raw_pcbs                                 0x00810158   Data           4  raw.o(.data)
    .data                                    0x0081015c   Section       12  ftmac110.o(.data)
    .data                                    0x00810168   Section       20  mem.o(.data)
    mem_sem                                  0x00810168   Data           1  mem.o(.data)
    ram_heap                                 0x0081016c   Data           4  mem.o(.data)
    ram                                      0x00810170   Data           4  mem.o(.data)
    ram_end                                  0x00810174   Data           4  mem.o(.data)
    lfree                                    0x00810178   Data           4  mem.o(.data)
    .data                                    0x0081017c   Section       12  memp.o(.data)
    memp_num                                 0x00810180   Data           4  memp.o(.data)
    memp_memory                              0x00810184   Data           4  memp.o(.data)
    .data                                    0x00810188   Section       28  tcp_in.o(.data)
    flags                                    0x00810188   Data           1  tcp_in.o(.data)
    recv_flags                               0x00810189   Data           1  tcp_in.o(.data)
    tcplen                                   0x0081018a   Data           2  tcp_in.o(.data)
    tcphdr                                   0x0081018c   Data           4  tcp_in.o(.data)
    iphdr                                    0x00810190   Data           4  tcp_in.o(.data)
    seqno                                    0x00810194   Data           4  tcp_in.o(.data)
    ackno                                    0x00810198   Data           4  tcp_in.o(.data)
    recv_data                                0x0081019c   Data           4  tcp_in.o(.data)
    .data                                    0x008101a4   Section       12  ip.o(.data)
    ip_id                                    0x008101a4   Data           2  ip.o(.data)
    .data                                    0x008101b0   Section        8  ip_frag.o(.data)
    ip_reass_pbufcount                       0x008101b0   Data           2  ip_frag.o(.data)
    reassdatagrams                           0x008101b4   Data           4  ip_frag.o(.data)
    .data                                    0x008101b8   Section        4  strtok.o(.data)
    state                                    0x008101b8   Data           4  strtok.o(.data)
    .data                                    0x008101bc   Section        4  stdout.o(.data)
    .data                                    0x008101c0   Section        4  errno.o(.data)
    _errno                                   0x008101c0   Data           4  errno.o(.data)
    .bss                                     0x008101c4   Section     8880  https.o(.bss)
    .bss                                     0x00812480   Section    40740  main.o(.bss)
    .bss                                     0x0081c3a4   Section      100  ch563sock.o(.bss)
    .bss                                     0x0081c410   Section     1844  ethernetif.o(.bss)
    .bss                                     0x0081cb44   Section       68  ftmac110.o(.bss)
    .bss                                     0x0081cb88   Section       10  ipcheck.o(.bss)
    .bss                                     0x0081cb94   Section       32  memp.o(.bss)
    memp_tab                                 0x0081cb94   Data          32  memp.o(.bss)
    .bss                                     0x0081cbb4   Section       20  tcp_in.o(.bss)
    inseg                                    0x0081cbb4   Data          20  tcp_in.o(.bss)
    .bss                                     0x0081cbc8   Section      628  ch563net_nds.o(.bss)
    dns_table                                0x0081cbdc   Data         608  ch563net_nds.o(.bss)
    STACK                                    0x00820000   Section     1024  startup.o(STACK)
    Stack_Top                                0x00820000   Data        1024  startup.o(STACK)

    Global Symbols

    Symbol Name                              Value     Ov Type        Size  Object(Section)

    BuildAttributes$$THM_ISAv2$ARM_ISAv5$E$P$S$PE$A:L22$X:L11$S22$IEEE1$IW$USESV6$~STKCKD$USESV7$~SHL$OSPACE$ROPI$EBA8$MICROLIB$REQ8$PRES8$EABIv2 0x00000000   Number         0  anon$$obj.o ABSOLUTE
    Reset                                    0x00000000   ARM Code       0  startup.o(RESET)
    __ARM_use_no_argv                        0x00000000   Number         0  main.o ABSOLUTE
    _printf_a                                0x00000000   Number         0  stubs.o ABSOLUTE
    _printf_c                                0x00000000   Number         0  stubs.o ABSOLUTE
    _printf_charcount                        0x00000000   Number         0  stubs.o ABSOLUTE
    _printf_d                                0x00000000   Number         0  stubs.o ABSOLUTE
    _printf_e                                0x00000000   Number         0  stubs.o ABSOLUTE
    _printf_f                                0x00000000   Number         0  stubs.o ABSOLUTE
    _printf_flags                            0x00000000   Number         0  stubs.o ABSOLUTE
    _printf_fp_dec                           0x00000000   Number         0  stubs.o ABSOLUTE
    _printf_fp_hex                           0x00000000   Number         0  stubs.o ABSOLUTE
    _printf_g                                0x00000000   Number         0  stubs.o ABSOLUTE
    _printf_i                                0x00000000   Number         0  stubs.o ABSOLUTE
    _printf_int_dec                          0x00000000   Number         0  stubs.o ABSOLUTE
    _printf_l                                0x00000000   Number         0  stubs.o ABSOLUTE
    _printf_lc                               0x00000000   Number         0  stubs.o ABSOLUTE
    _printf_ll                               0x00000000   Number         0  stubs.o ABSOLUTE
    _printf_lld                              0x00000000   Number         0  stubs.o ABSOLUTE
    _printf_lli                              0x00000000   Number         0  stubs.o ABSOLUTE
    _printf_llo                              0x00000000   Number         0  stubs.o ABSOLUTE
    _printf_llu                              0x00000000   Number         0  stubs.o ABSOLUTE
    _printf_llx                              0x00000000   Number         0  stubs.o ABSOLUTE
    _printf_longlong_dec                     0x00000000   Number         0  stubs.o ABSOLUTE
    _printf_longlong_hex                     0x00000000   Number         0  stubs.o ABSOLUTE
    _printf_longlong_oct                     0x00000000   Number         0  stubs.o ABSOLUTE
    _printf_ls                               0x00000000   Number         0  stubs.o ABSOLUTE
    _printf_mbtowc                           0x00000000   Number         0  stubs.o ABSOLUTE
    _printf_n                                0x00000000   Number         0  stubs.o ABSOLUTE
    _printf_o                                0x00000000   Number         0  stubs.o ABSOLUTE
    _printf_p                                0x00000000   Number         0  stubs.o ABSOLUTE
    _printf_percent                          0x00000000   Number         0  stubs.o ABSOLUTE
    _printf_pre_padding                      0x00000000   Number         0  stubs.o ABSOLUTE
    _printf_return_value                     0x00000000   Number         0  stubs.o ABSOLUTE
    _printf_s                                0x00000000   Number         0  stubs.o ABSOLUTE
    _printf_sizespec                         0x00000000   Number         0  stubs.o ABSOLUTE
    _printf_str                              0x00000000   Number         0  stubs.o ABSOLUTE
    _printf_truncate_signed                  0x00000000   Number         0  stubs.o ABSOLUTE
    _printf_truncate_unsigned                0x00000000   Number         0  stubs.o ABSOLUTE
    _printf_u                                0x00000000   Number         0  stubs.o ABSOLUTE
    _printf_wc                               0x00000000   Number         0  stubs.o ABSOLUTE
    _printf_wctomb                           0x00000000   Number         0  stubs.o ABSOLUTE
    _printf_widthprec                        0x00000000   Number         0  stubs.o ABSOLUTE
    _printf_x                                0x00000000   Number         0  stubs.o ABSOLUTE
    __arm_fini_                               - Undefined Weak Reference
    __cpp_initialize__aeabi_                  - Undefined Weak Reference
    __cxa_finalize                            - Undefined Weak Reference
    _clock_init                               - Undefined Weak Reference
    _microlib_exit                            - Undefined Weak Reference
    __rt_div0                                0x00000030   ARM Code       0  startup.o(RESET)
    __main                                   0x00000090   ARM Code       0  entry.o(.ARM.Collect$$$$00000000)
    _main_stk                                0x00000090   ARM Code       0  entry2.o(.ARM.Collect$$$$00000001)
    _main_scatterload                        0x00000094   ARM Code       0  entry5.o(.ARM.Collect$$$$00000004)
    __main_after_scatterload                 0x00000098   ARM Code       0  entry5.o(.ARM.Collect$$$$00000004)
    _main_clock                              0x00000098   ARM Code       0  entry7b.o(.ARM.Collect$$$$00000008)
    _main_cpp_init                           0x00000098   ARM Code       0  entry8b.o(.ARM.Collect$$$$0000000A)
    _main_init                               0x00000098   ARM Code       0  entry9a.o(.ARM.Collect$$$$0000000B)
    __rt_lib_shutdown_fini                   0x000000a4   ARM Code       0  entry12b.o(.ARM.Collect$$$$0000000E)
    __rt_final_cpp                           0x000000a8   ARM Code       0  entry10a.o(.ARM.Collect$$$$0000000F)
    __rt_final_exit                          0x000000a8   ARM Code       0  entry11a.o(.ARM.Collect$$$$00000011)
    ParseHttpRequest                         0x000000ac   ARM Code     216  https.o(.text)
    GetUriName                               0x00000184   ARM Code      84  https.o(.text)
    ParseUriType                             0x000001d8   ARM Code     172  https.o(.text)
    MakeHttpResponse                         0x00000284   ARM Code     352  https.o(.text)
    DataLocate                               0x000003e4   ARM Code      64  https.o(.text)
    Para_DataLocate                          0x00000424   ARM Code      56  https.o(.text)
    Refresh_Basic                            0x0000045c   ARM Code     784  https.o(.text)
    Refresh_Port                             0x0000076c   ARM Code     776  https.o(.text)
    Refresh_Login                            0x00000a74   ARM Code     236  https.o(.text)
    Refresh_Html                             0x00000b60   ARM Code     332  https.o(.text)
    copy_flash                               0x00000cac   ARM Code     252  https.o(.text)
    Init_Para_Tab                            0x00000da8   ARM Code    1148  https.o(.text)
    Web_Server                               0x00001224   ARM Code    1808  https.o(.text)
    IRQ_Handler                              0x00001934   ARM Code      84  main.o(.text)
    FIQ_Handler                              0x00001988   ARM Code       8  main.o(.text)
    SysTimeInit                              0x00001990   ARM Code      56  main.o(.text)
    InitSysHal                               0x000019c8   ARM Code      56  main.o(.text)
    mStopIfError                             0x00001a00   ARM Code      20  main.o(.text)
    CH563NET_LibInit                         0x00001a14   ARM Code     140  main.o(.text)
    CH563NET_HandleSockInt                   0x00001aa0   ARM Code     132  main.o(.text)
    CH563NET_HandleGlobalInt                 0x00001b24   ARM Code     104  main.o(.text)
    CH563NET_UdpServerRecv                   0x00001b8c   ARM Code     100  main.o(.text)
    CH563NET_Creat_Web_TcpSocket             0x00001bf0   ARM Code      92  main.o(.text)
    CH563NET_Creat_Cfg_Socket                0x00001c4c   ARM Code     428  main.o(.text)
    mInitSTDIO                               0x00001df8   ARM Code     168  main.o(.text)
    fputc                                    0x00001ea0   ARM Code      36  main.o(.text)
    CH563_RESET                              0x00001ec4   ARM Code      52  main.o(.text)
    CH563_Default                            0x00001ef8   ARM Code     104  main.o(.text)
    main                                     0x00001f60   ARM Code     748  main.o(.text)
    SysFreq                                  0x0000224c   ARM Code      64  sysfreq.o(.text)
    Delay_us                                 0x0000228c   ARM Code      44  sysfreq.o(.text)
    Delay_ms                                 0x000022b8   ARM Code      44  sysfreq.o(.text)
    GET_UNIQUE_ID                            0x00002404   ARM Code      72  ISPXT56X_KIL31.O(.text)
    FLASH_ROM_PWR_DOWN                       0x0000244c   ARM Code      20  ISPXT56X_KIL31.O(.text)
    FLASH_ROM_PWR_UP                         0x00002460   ARM Code      40  ISPXT56X_KIL31.O(.text)
    EEPROM_READ                              0x00002560   ARM Code     108  ISPXT56X_KIL31.O(.text)
    EEPROM_ERASE                             0x000025cc   ARM Code      32  ISPXT56X_KIL31.O(.text)
    EEPROM_WRITE                             0x000025ec   ARM Code     164  ISPXT56X_KIL31.O(.text)
    ERASE_RESERVED                           0x00002690   ARM Code      48  ISPXT56X_KIL31.O(.text)
    FLASH_ROM_ERASE                          0x000026c0   ARM Code      32  ISPXT56X_KIL31.O(.text)
    FLASH_ROM_WRITE                          0x000026e0   ARM Code     424  ISPXT56X_KIL31.O(.text)
    FLASH_ROM_VERIFY                         0x00002888   ARM Code     232  ISPXT56X_KIL31.O(.text)
    FLASH_ROM_LOCK                           0x00002970   ARM Code      68  ISPXT56X_KIL31.O(.text)
    getword                                  0x000029c1   Thumb Code    36  getword_KIL42.O(.text)
    __aeabi_uidiv                            0x000029f5   Thumb Code     0  uidiv.o(.text)
    __aeabi_uidivmod                         0x000029f5   Thumb Code    44  uidiv.o(.text)
    __aeabi_idiv                             0x00002a21   Thumb Code     0  idiv.o(.text)
    __aeabi_idivmod                          0x00002a21   Thumb Code    40  idiv.o(.text)
    __aeabi_memcpy                           0x00002a49   Thumb Code    36  memcpya.o(.text)
    __aeabi_memcpy4                          0x00002a49   Thumb Code     0  memcpya.o(.text)
    __aeabi_memcpy8                          0x00002a49   Thumb Code     0  memcpya.o(.text)
    __aeabi_memset                           0x00002a6d   Thumb Code    16  memseta.o(.text)
    __aeabi_memset4                          0x00002a6d   Thumb Code     0  memseta.o(.text)
    __aeabi_memset8                          0x00002a6d   Thumb Code     0  memseta.o(.text)
    __aeabi_memclr                           0x00002a7d   Thumb Code     4  memseta.o(.text)
    __aeabi_memclr4                          0x00002a7d   Thumb Code     0  memseta.o(.text)
    __aeabi_memclr8                          0x00002a7d   Thumb Code     0  memseta.o(.text)
    _memset$wrapper                          0x00002a81   Thumb Code    18  memseta.o(.text)
    strstr                                   0x00002a93   Thumb Code    40  strstr.o(.text)
    strlen                                   0x00002abb   Thumb Code    14  strlen.o(.text)
    strcmp                                   0x00002ac9   Thumb Code    32  strcmp.o(.text)
    strcpy                                   0x00002ae9   Thumb Code    18  strcpy.o(.text)
    strtok                                   0x00002afd   Thumb Code    70  strtok.o(.text)
    __aeabi_uread4                           0x00002b49   Thumb Code    20  uread4.o(.text)
    __rt_uread4                              0x00002b49   Thumb Code     0  uread4.o(.text)
    _uread4                                  0x00002b49   Thumb Code     0  uread4.o(.text)
    __aeabi_uwrite4                          0x00002b5d   Thumb Code    18  uwrite4.o(.text)
    __rt_uwrite4                             0x00002b5d   Thumb Code     0  uwrite4.o(.text)
    _uwrite4                                 0x00002b5d   Thumb Code     0  uwrite4.o(.text)
    atoi                                     0x00002b6f   Thumb Code    26  atoi.o(.text)
    strtol                                   0x00002b89   Thumb Code   108  strtol.o(.text)
    __scatterload                            0x00002bf9   Thumb Code    22  init.o(.text)
    __scatterload_rt2                        0x00002bf9   Thumb Code     0  init.o(.text)
    __rt_ctype_table                         0x00002c19   Thumb Code     4  ctype_o.o(.text)
    _strtoul                                 0x00002c21   Thumb Code   168  _strtoul.o(.text)
    _chval                                   0x00002cc9   Thumb Code    30  _chval.o(.text)
    __decompress                             0x00002ce8   ARM Code       0  __dczerorl2.o(.text)
    __decompress1                            0x00002ce8   ARM Code     120  __dczerorl2.o(.text)
    CH395MACTXDMARealloc                     0x00002d61   Thumb Code    26  ftmac110.o(i.CH395MACTXDMARealloc)
    CH563EtherNetIsr                         0x00002d81   Thumb Code    30  ch563sock.o(i.CH563EtherNetIsr)
    CH563FileCorrectTCBPcb                   0x00002da5   Thumb Code    94  ch563sock.o(i.CH563FileCorrectTCBPcb)
    CH563IPSetSocketRecvInit                 0x00002e0d   Thumb Code    48  ch563sock.o(i.CH563IPSetSocketRecvInit)
    CH563MACRxSuccHandle                     0x00002e45   Thumb Code   152  ethernetif.o(i.CH563MACRxSuccHandle)
    CH563NET_ConfigLIB                       0x00002ef5   Thumb Code    26  ch563sock.o(i.CH563NET_ConfigLIB)
    CH563NET_ETHIsr                          0x00002f15   Thumb Code    10  ch563sock.o(i.CH563NET_ETHIsr)
    CH563NET_GetGlobalInt                    0x00002f21   Thumb Code    14  ch563sock.o(i.CH563NET_GetGlobalInt)
    CH563NET_GetPHYStatus                    0x00002f35   Thumb Code    10  ch563sock.o(i.CH563NET_GetPHYStatus)
    CH563NET_GetSocketInt                    0x00002f45   Thumb Code    26  ch563sock.o(i.CH563NET_GetSocketInt)
    CH563NET_GetVer                          0x00002f69   Thumb Code     4  ch563sock.o(i.CH563NET_GetVer)
    CH563NET_Init                            0x00002f6d   Thumb Code   238  ch563sock.o(i.CH563NET_Init)
    CH563NET_MainTask                        0x00003071   Thumb Code    34  ch563sock.o(i.CH563NET_MainTask)
    CH563NET_ModifyRecvBuf                   0x0000309d   Thumb Code    56  ch563sock.o(i.CH563NET_ModifyRecvBuf)
    CH563NET_QueryGlobalInt                  0x000030dd   Thumb Code    52  ch563sock.o(i.CH563NET_QueryGlobalInt)
    CH563NET_SocketClose                     0x0000311d   Thumb Code    76  ch563sock.o(i.CH563NET_SocketClose)
    CH563NET_SocketConnect                   0x00003171   Thumb Code    84  ch563sock.o(i.CH563NET_SocketConnect)
    CH563NET_SocketCreat                     0x000031cd   Thumb Code   386  ch563sock.o(i.CH563NET_SocketCreat)
    CH563NET_SocketListen                    0x00003371   Thumb Code    72  ch563sock.o(i.CH563NET_SocketListen)
    CH563NET_SocketRecv                      0x000033c1   Thumb Code   406  ch563sock.o(i.CH563NET_SocketRecv)
    CH563NET_SocketRecvLen                   0x00003561   Thumb Code    20  ch563sock.o(i.CH563NET_SocketRecvLen)
    CH563NET_SocketSend                      0x00003579   Thumb Code    60  ch563sock.o(i.CH563NET_SocketSend)
    CH563NET_SocketUdpSendTo                 0x000035b9   Thumb Code   200  ch563sock.o(i.CH563NET_SocketUdpSendTo)
    CH563NET_TimeIsr                         0x00003689   Thumb Code    10  ch563sock.o(i.CH563NET_TimeIsr)
    CH563ScokedIntHandle                     0x00003699   Thumb Code    72  ch563sock.o(i.CH563ScokedIntHandle)
    CH563SocketInit                          0x000036e1   Thumb Code    42  ch563sock.o(i.CH563SocketInit)
    CH563SocketTCPReceive                    0x00003711   Thumb Code   268  ch563sock.o(i.CH563SocketTCPReceive)
    CH563TCPError                            0x00003825   Thumb Code     2  ch563sock.o(i.CH563TCPError)
    CH563TCPServerAccept                     0x00003829   Thumb Code   130  ch563sock.o(i.CH563TCPServerAccept)
    ClearMacInterrupt                        0x000038c5   Thumb Code     8  ftmac110.o(i.ClearMacInterrupt)
    CloseIPRAWConnect                        0x000038d1   Thumb Code    42  ch563sock.o(i.CloseIPRAWConnect)
    CloseTcpPCB                              0x00003901   Thumb Code    78  ch563sock.o(i.CloseTcpPCB)
    CloseUpdConnect                          0x00003955   Thumb Code    42  ch563sock.o(i.CloseUpdConnect)
    ErrorEncode                              0x00003985   Thumb Code    20  ch563sock.o(i.ErrorEncode)
    GetPHYStatus                             0x0000399d   Thumb Code    84  ftmac110.o(i.GetPHYStatus)
    IPCheckParaInit                          0x000039fd   Thumb Code    30  ipcheck.o(i.IPCheckParaInit)
    IPCheckTmr                               0x00003a25   Thumb Code    80  ipcheck.o(i.IPCheckTmr)
    IPConflictHandle                         0x00003a79   Thumb Code    38  ipcheck.o(i.IPConflictHandle)
    InitCH563MAC                             0x00003aa9   Thumb Code   158  hal.o(i.InitCH563MAC)
    LwIPPeriodicHandle                       0x00003b59   Thumb Code   186  ethernetif.o(i.LwIPPeriodicHandle)
    LwipArpCheck                             0x00003c2d   Thumb Code     8  ch563sock.o(i.LwipArpCheck)
    LwipRemoveTcpPcb                         0x00003c39   Thumb Code   104  ch563sock.o(i.LwipRemoveTcpPcb)
    LwipTCPPollCallBack                      0x00003ca9   Thumb Code     4  ch563sock.o(i.LwipTCPPollCallBack)
    LwipTCPSendCallBack                      0x00003cad   Thumb Code    58  ch563sock.o(i.LwipTCPSendCallBack)
    LwipTcpConnectedCallBack                 0x00003ce9   Thumb Code    44  ch563sock.o(i.LwipTcpConnectedCallBack)
    LwipUnreachPort                          0x00003d21   Thumb Code    22  ch563sock.o(i.LwipUnreachPort)
    MemShortCopy                             0x00003d3d   Thumb Code    24  ch563sock.o(i.MemShortCopy)
    QuaryEthRxDma                            0x00003d55   Thumb Code    82  ethernetif.o(i.QuaryEthRxDma)
    QueryPingEnable                          0x00003dbd   Thumb Code     6  ch563sock.o(i.QueryPingEnable)
    RemoveTimeWaiTCP                         0x00003dc9   Thumb Code    52  tcp.o(i.RemoveTimeWaiTCP)
    SelIPARPSend                             0x00003e01   Thumb Code    26  ipcheck.o(i.SelIPARPSend)
    SetupNetif                               0x00003e21   Thumb Code   118  ethernetif.o(i.SetupNetif)
    SocketIPRAWReceive                       0x00003eb5   Thumb Code   178  ch563sock.o(i.SocketIPRAWReceive)
    SocketIPRawSend                          0x00003f69   Thumb Code   198  ch563sock.o(i.SocketIPRawSend)
    SocketTcpSend                            0x00004039   Thumb Code   248  ch563sock.o(i.SocketTcpSend)
    SocketUdpReceive                         0x00004139   Thumb Code   190  ch563sock.o(i.SocketUdpReceive)
    SocketUdpSend                            0x000041f9   Thumb Code   186  ch563sock.o(i.SocketUdpSend)
    __0printf$6                              0x000042bd   Thumb Code    24  printf6.o(i.__0printf$6)
    __1printf$6                              0x000042bd   Thumb Code     0  printf6.o(i.__0printf$6)
    __2printf                                0x000042bd   Thumb Code     0  printf6.o(i.__0printf$6)
    __0sprintf$6                             0x000042dd   Thumb Code    36  printf6.o(i.__0sprintf$6)
    __1sprintf$6                             0x000042dd   Thumb Code     0  printf6.o(i.__0sprintf$6)
    __2sprintf                               0x000042dd   Thumb Code     0  printf6.o(i.__0sprintf$6)
    __ARM_common_switch8                     0x00004304   ARM Code      24  tcp.o(i.__ARM_common_switch8)
    __aeabi_errno_addr                       0x0000431d   Thumb Code     4  errno.o(i.__aeabi_errno_addr)
    __rt_errno_addr                          0x0000431d   Thumb Code     0  errno.o(i.__aeabi_errno_addr)
    __scatterload_copy                       0x00004324   ARM Code      28  handlers.o(i.__scatterload_copy)
    __scatterload_null                       0x00004340   ARM Code       4  handlers.o(i.__scatterload_null)
    __scatterload_zeroinit                   0x00004344   ARM Code      24  handlers.o(i.__scatterload_zeroinit)
    etharp_arp_input                         0x000047a1   Thumb Code   308  etharp.o(i.etharp_arp_input)
    etharp_ip_input                          0x000048e1   Thumb Code    46  etharp.o(i.etharp_ip_input)
    etharp_output                            0x00004911   Thumb Code   198  etharp.o(i.etharp_output)
    etharp_query                             0x000049dd   Thumb Code   170  etharp.o(i.etharp_query)
    etharp_request                           0x00004b49   Thumb Code    32  etharp.o(i.etharp_request)
    etharp_tmr                               0x00004ba5   Thumb Code    66  etharp.o(i.etharp_tmr)
    ethernet_input                           0x00004bf1   Thumb Code    90  etharp.o(i.ethernet_input)
    ethernetif_init                          0x00004c4d   Thumb Code    32  ethernetif.o(i.ethernetif_init)
    ethernetif_input                         0x00004c75   Thumb Code   160  ethernetif.o(i.ethernetif_input)
    ftmac110_isr                             0x00004e55   Thumb Code    48  ftmac110.o(i.ftmac110_isr)
    htonl                                    0x00005001   Thumb Code    26  inet.o(i.htonl)
    htons                                    0x0000501b   Thumb Code    10  inet.o(i.htons)
    icmp_dest_unreach                        0x00005025   Thumb Code    12  icmp.o(i.icmp_dest_unreach)
    icmp_input                               0x00005031   Thumb Code   496  icmp.o(i.icmp_input)
    icmp_time_exceeded                       0x0000528f   Thumb Code    12  icmp.o(i.icmp_time_exceeded)
    inet_chksum                              0x0000529b   Thumb Code    14  inet_chksum.o(i.inet_chksum)
    inet_chksum_pbuf                         0x000052a9   Thumb Code    84  inet_chksum.o(i.inet_chksum_pbuf)
    inet_chksum_pseudo                       0x000052fd   Thumb Code   148  inet_chksum.o(i.inet_chksum_pseudo)
    ip_addr_isbroadcast                      0x00005391   Thumb Code    58  ip_addr.o(i.ip_addr_isbroadcast)
    ip_frag                                  0x000053cb   Thumb Code   354  ip_frag.o(i.ip_frag)
    ip_input                                 0x0000552d   Thumb Code   596  ip.o(i.ip_input)
    ip_output                                0x00005791   Thumb Code    50  ip.o(i.ip_output)
    ip_output_if                             0x000057c5   Thumb Code   266  ip.o(i.ip_output_if)
    ip_reass                                 0x000058d5   Thumb Code   464  ip_frag.o(i.ip_reass)
    ip_reass_tmr                             0x00005cc5   Thumb Code    54  ip_frag.o(i.ip_reass_tmr)
    ip_route                                 0x00005d01   Thumb Code    74  ip.o(i.ip_route)
    low_level_init                           0x00005d55   Thumb Code   150  ethernetif.o(i.low_level_init)
    lwip_init                                0x00006065   Thumb Code    22  init.o(i.lwip_init)
    malloc_ftmac110_device                   0x000060c5   Thumb Code    52  ftmac110.o(i.malloc_ftmac110_device)
    mem_free                                 0x00006115   Thumb Code    40  mem.o(i.mem_free)
    mem_init                                 0x00006141   Thumb Code    70  mem.o(i.mem_init)
    mem_malloc                               0x00006195   Thumb Code   174  mem.o(i.mem_malloc)
    mem_realloc                              0x00006251   Thumb Code   210  mem.o(i.mem_realloc)
    memp_free                                0x00006331   Thumb Code    16  memp.o(i.memp_free)
    memp_init                                0x00006345   Thumb Code    80  memp.o(i.memp_init)
    memp_malloc                              0x0000639d   Thumb Code    24  memp.o(i.memp_malloc)
    netif_add                                0x000063b9   Thumb Code    68  netif.o(i.netif_add)
    netif_is_up                              0x00006401   Thumb Code    10  netif.o(i.netif_is_up)
    netif_set_addr                           0x0000640b   Thumb Code    30  netif.o(i.netif_set_addr)
    netif_set_default                        0x00006429   Thumb Code     6  netif.o(i.netif_set_default)
    netif_set_gw                             0x00006435   Thumb Code    22  netif.o(i.netif_set_gw)
    netif_set_ipaddr                         0x0000644d   Thumb Code   126  netif.o(i.netif_set_ipaddr)
    netif_set_netmask                        0x000064d5   Thumb Code    22  netif.o(i.netif_set_netmask)
    ntohl                                    0x000064eb   Thumb Code     8  inet.o(i.ntohl)
    ntohs                                    0x000064f3   Thumb Code     8  inet.o(i.ntohs)
    pbuf_alloc                               0x000064fd   Thumb Code   276  pbuf.o(i.pbuf_alloc)
    pbuf_cat                                 0x00006615   Thumb Code    40  pbuf.o(i.pbuf_cat)
    pbuf_chain                               0x0000663d   Thumb Code    16  pbuf.o(i.pbuf_chain)
    pbuf_clen                                0x0000664d   Thumb Code    20  pbuf.o(i.pbuf_clen)
    pbuf_copy                                0x00006661   Thumb Code   156  pbuf.o(i.pbuf_copy)
    pbuf_free                                0x000066fd   Thumb Code    70  pbuf.o(i.pbuf_free)
    pbuf_header                              0x00006743   Thumb Code   106  pbuf.o(i.pbuf_header)
    pbuf_realloc                             0x000067ad   Thumb Code    86  pbuf.o(i.pbuf_realloc)
    pbuf_ref                                 0x00006803   Thumb Code    12  pbuf.o(i.pbuf_ref)
    raw_bind                                 0x0000689d   Thumb Code    24  raw.o(i.raw_bind)
    raw_connect                              0x000068b5   Thumb Code    24  raw.o(i.raw_connect)
    raw_input                                0x000068cd   Thumb Code   108  raw.o(i.raw_input)
    raw_new                                  0x0000693d   Thumb Code    38  raw.o(i.raw_new)
    raw_recv                                 0x00006969   Thumb Code     6  raw.o(i.raw_recv)
    raw_remove                               0x00006971   Thumb Code    46  raw.o(i.raw_remove)
    raw_send                                 0x000069a5   Thumb Code    10  raw.o(i.raw_send)
    raw_sendto                               0x000069af   Thumb Code   146  raw.o(i.raw_sendto)
    rpkt_finish_handler                      0x00006a41   Thumb Code   126  ftmac110.o(i.rpkt_finish_handler)
    tcp_abandon                              0x00006ac9   Thumb Code   162  tcp.o(i.tcp_abandon)
    tcp_accept                               0x00006b71   Thumb Code     4  tcp.o(i.tcp_accept)
    tcp_alloc                                0x00006b7d   Thumb Code   262  tcp.o(i.tcp_alloc)
    tcp_arg                                  0x00006c95   Thumb Code     4  tcp.o(i.tcp_arg)
    tcp_bind                                 0x00006c99   Thumb Code   268  tcp.o(i.tcp_bind)
    tcp_close                                0x00006da9   Thumb Code   176  tcp.o(i.tcp_close)
    tcp_connect                              0x00006e5d   Thumb Code   202  tcp.o(i.tcp_connect)
    tcp_eff_send_mss                         0x00006f31   Thumb Code    38  tcp.o(i.tcp_eff_send_mss)
    tcp_enqueue                              0x00006f59   Thumb Code   978  tcp_out.o(i.tcp_enqueue)
    tcp_err                                  0x00007339   Thumb Code     6  tcp.o(i.tcp_err)
    tcp_fasttmr                              0x00007341   Thumb Code   100  tcp.o(i.tcp_fasttmr)
    tcp_input                                0x000073a9   Thumb Code   976  tcp_in.o(i.tcp_input)
    tcp_keepalive                            0x0000778d   Thumb Code    90  tcp_out.o(i.tcp_keepalive)
    tcp_listen_with_backlog                  0x000078e5   Thumb Code   124  tcp.o(i.tcp_listen_with_backlog)
    tcp_new                                  0x00007969   Thumb Code    10  tcp.o(i.tcp_new)
    tcp_next_iss                             0x000079d5   Thumb Code    12  tcp.o(i.tcp_next_iss)
    tcp_output                               0x00007a99   Thumb Code   500  tcp_out.o(i.tcp_output)
    tcp_pcb_purge                            0x00007eb9   Thumb Code    68  tcp.o(i.tcp_pcb_purge)
    tcp_pcb_remove                           0x00007efd   Thumb Code    88  tcp.o(i.tcp_pcb_remove)
    tcp_poll                                 0x00007f59   Thumb Code    10  tcp.o(i.tcp_poll)
    tcp_recv                                 0x000089fd   Thumb Code     6  tcp.o(i.tcp_recv)
    tcp_recv_null                            0x00008a03   Thumb Code    38  tcp.o(i.tcp_recv_null)
    tcp_recved                               0x00008a29   Thumb Code    58  tcp.o(i.tcp_recved)
    tcp_recved_CH563                         0x00008a69   Thumb Code    10  ch563sock.o(i.tcp_recved_CH563)
    tcp_recved_socket                        0x00008a73   Thumb Code    38  ch563sock.o(i.tcp_recved_socket)
    tcp_rexmit                               0x00008a99   Thumb Code    80  tcp_out.o(i.tcp_rexmit)
    tcp_rexmit_fast                          0x00008ae9   Thumb Code    80  tcp_out.o(i.tcp_rexmit_fast)
    tcp_rexmit_rto                           0x00008b39   Thumb Code    48  tcp_out.o(i.tcp_rexmit_rto)
    tcp_rst                                  0x00008b69   Thumb Code   218  tcp_out.o(i.tcp_rst)
    tcp_seg_copy                             0x00008c4d   Thumb Code    36  tcp.o(i.tcp_seg_copy)
    tcp_seg_free                             0x00008c71   Thumb Code    34  tcp.o(i.tcp_seg_free)
    tcp_segs_free                            0x00008c93   Thumb Code    28  tcp.o(i.tcp_segs_free)
    tcp_send_ctrl                            0x00008caf   Thumb Code    22  tcp_out.o(i.tcp_send_ctrl)
    tcp_send_empty_ack                       0x00008cc5   Thumb Code   110  tcp_out.o(i.tcp_send_empty_ack)
    tcp_sent                                 0x00008d33   Thumb Code     6  tcp.o(i.tcp_sent)
    tcp_slowtmr                              0x00008d39   Thumb Code   612  tcp.o(i.tcp_slowtmr)
    tcp_tmr                                  0x00009025   Thumb Code    24  tcp.o(i.tcp_tmr)
    tcp_update_rcv_ann_wnd                   0x00009041   Thumb Code    54  tcp.o(i.tcp_update_rcv_ann_wnd)
    tcp_write                                0x0000907d   Thumb Code    48  tcp_out.o(i.tcp_write)
    tcp_zero_window_probe                    0x000090ad   Thumb Code   190  tcp_out.o(i.tcp_zero_window_probe)
    udp_bind                                 0x00009171   Thumb Code   152  udp.o(i.udp_bind)
    udp_connect                              0x00009211   Thumb Code   130  udp.o(i.udp_connect)
    udp_input                                0x00009299   Thumb Code   526  udp.o(i.udp_input)
    udp_new                                  0x000094b1   Thumb Code    26  udp.o(i.udp_new)
    udp_recv                                 0x000094cb   Thumb Code     6  udp.o(i.udp_recv)
    udp_remove                               0x000094d1   Thumb Code    46  udp.o(i.udp_remove)
    udp_send                                 0x00009505   Thumb Code    12  udp.o(i.udp_send)
    udp_sendto                               0x00009511   Thumb Code    42  udp.o(i.udp_sendto)
    udp_sendto_if                            0x0000953b   Thumb Code   234  udp.o(i.udp_sendto_if)
    Html_login                               0x000096b4   Data        1578  https.o(.constdata)
    Html_main                                0x00009cde   Data        3063  https.o(.constdata)
    Html_basic                               0x0000a8d5   Data        1096  https.o(.constdata)
    Html_port                                0x0000ad1d   Data        1274  https.o(.constdata)
    Html_user                                0x0000b217   Data         836  https.o(.constdata)
    Html_about                               0x0000b55b   Data        1854  https.o(.constdata)
    Html_success                             0x0000bc99   Data         415  https.o(.constdata)
    Html_style                               0x0000be38   Data        1724  https.o(.constdata)
    Html_logo                                0x0000c4f4   Data        1505  https.o(.constdata)
    Html_weixin                              0x0000cad5   Data        4672  https.o(.constdata)
    Html_png1                                0x0000dd15   Data        3235  https.o(.constdata)
    Html_png2                                0x0000e9b8   Data        2150  https.o(.constdata)
    Html_png3                                0x0000f21e   Data        2458  https.o(.constdata)
    Html_png4                                0x0000fbb8   Data        4302  https.o(.constdata)
    MemNum                                   0x00010c86   Data          16  main.o(.constdata)
    MemSize                                  0x00010c96   Data          16  main.o(.constdata)
    ErrTable                                 0x00010ca6   Data          16  ch563sock.o(.constdata)
    tcp_persist_backoff                      0x00010cb6   Data           7  tcp.o(.constdata)
    tcp_backoff                              0x00010cbd   Data          20  tcp.o(.constdata)
    ip_addr_any                              0x00010cd1   Data           4  ip_addr.o(.constdata)
    ethbroadcast                             0x00010cd5   Data           6  etharp.o(.constdata)
    ethzero                                  0x00010cdb   Data           6  etharp.o(.constdata)
    __ctype_table                            0x00010ce1   Data         129  ctype_o.o(.constdata)
    Region$$Table$$Base                      0x00010de0   Number         0  anon$$obj.o(Region$$Table)
    Region$$Table$$Limit                     0x00010e00   Number         0  anon$$obj.o(Region$$Table)
    http_request                             0x00810000   Data           4  https.o(.data)
    Basic_CfgBuf                             0x00810004   Data           4  https.o(.data)
    Port_CfgBuf                              0x00810008   Data           4  https.o(.data)
    Login_CfgBuf                             0x0081000c   Data           4  https.o(.data)
    Basic_Default                            0x00810010   Data          40  https.o(.data)
    Login_Default                            0x00810038   Data          40  https.o(.data)
    Port_Default                             0x00810060   Data          40  https.o(.data)
    name                                     0x00810088   Data           4  https.o(.data)
    socket                                   0x0081008c   Data           1  https.o(.data)
    png                                      0x0081008d   Data           1  https.o(.data)
    MACAddr                                  0x0081008e   Data           6  main.o(.data)
    IPAddr                                   0x00810094   Data           4  main.o(.data)
    GWIPAddr                                 0x00810098   Data           4  main.o(.data)
    IPMask                                   0x0081009c   Data           4  main.o(.data)
    SocketId                                 0x008100a0   Data           1  main.o(.data)
    flag                                     0x008100a1   Data           1  main.o(.data)
    RxQueueEntries                           0x008100a4   Data           1  ch563sock.o(.data)
    TxQueueEntries                           0x008100a5   Data           1  ch563sock.o(.data)
    PingEnable                               0x008100a6   Data           1  ch563sock.o(.data)
    SocketNum                                0x008100a7   Data           1  ch563sock.o(.data)
    CH563NETConfig                           0x008100a8   Data           4  ch563sock.o(.data)
    tcppackt                                 0x008100ac   Data           4  ch563sock.o(.data)
    netif_list                               0x008100b4   Data           4  netif.o(.data)
    netif_default                            0x008100b8   Data           4  netif.o(.data)
    tcp_ticks                                0x008100c4   Data           4  tcp.o(.data)
    tcp_bound_pcbs                           0x008100c8   Data           4  tcp.o(.data)
    tcp_listen_pcbs                          0x008100cc   Data           4  tcp.o(.data)
    tcp_active_pcbs                          0x008100d0   Data           4  tcp.o(.data)
    tcp_tw_pcbs                              0x008100d4   Data           4  tcp.o(.data)
    tcp_tmp_pcb                              0x008100d8   Data           4  tcp.o(.data)
    tcp_state_str                            0x008100dc   Data          44  tcp.o(.data)
    udp_pcbs                                 0x00810108   Data           4  udp.o(.data)
    LocalTime                                0x00810110   Data           4  ethernetif.o(.data)
    TCPTimer                                 0x00810114   Data           4  ethernetif.o(.data)
    ARPTimer                                 0x00810118   Data           4  ethernetif.o(.data)
    IPFragTimer                              0x0081011c   Data           4  ethernetif.o(.data)
    DHCPfineTimer                            0x00810120   Data           4  ethernetif.o(.data)
    DHCPcoarseTimer                          0x00810124   Data           4  ethernetif.o(.data)
    DHCPTestTimer                            0x00810128   Data           4  ethernetif.o(.data)
    DNSTimer                                 0x0081012c   Data           4  ethernetif.o(.data)
    CH563MACAddr                             0x00810130   Data           4  ethernetif.o(.data)
    CH563IPAddr                              0x00810134   Data           4  ethernetif.o(.data)
    CH563GWIPAddr                            0x00810138   Data           4  ethernetif.o(.data)
    CH563IPMask                              0x0081013c   Data           4  ethernetif.o(.data)
    TX_BUF_ADDR                              0x00810140   Data           4  ethernetif.o(.data)
    TX_DESC_ADDR                             0x00810144   Data           4  ethernetif.o(.data)
    RX_BUF_ADDR                              0x00810148   Data           4  ethernetif.o(.data)
    RX_DESC_ADDR                             0x0081014c   Data           4  ethernetif.o(.data)
    SuccessPackets                           0x0081015c   Data           4  ftmac110.o(.data)
    ftmac110_device                          0x00810160   Data           4  ftmac110.o(.data)
    ftmac110_control                         0x00810164   Data           4  ftmac110.o(.data)
    memp_sizes                               0x0081017c   Data           4  memp.o(.data)
    tcp_input_pcb                            0x008101a0   Data           4  tcp_in.o(.data)
    current_netif                            0x008101a8   Data           4  ip.o(.data)
    current_header                           0x008101ac   Data           4  ip.o(.data)
    __stdout                                 0x008101bc   Data           4  stdout.o(.data)
    tempURI                                  0x008101c4   Data         128  https.o(.bss)
    Para_Basic                               0x00810244   Data          96  https.o(.bss)
    Para_Port                                0x008102a4   Data          96  https.o(.bss)
    Para_Login                               0x00810304   Data          48  https.o(.bss)
    basicbuf                                 0x00810334   Data          40  https.o(.bss)
    portbuf                                  0x0081035c   Data          40  https.o(.bss)
    loginbuf                                 0x00810384   Data          40  https.o(.bss)
    httpweb                                  0x008103ac   Data         200  https.o(.bss)
    HtmlBuffer                               0x00810474   Data        8192  https.o(.bss)
    CH563MACRxDesBuf                         0x00812480   Data          64  main.o(.bss)
    CH563MACRxBuf                            0x008124c0   Data        6064  main.o(.bss)
    SocketInf                                0x00813c70   Data         360  main.o(.bss)
    Memp_Memory                              0x00813dd8   Data       19155  main.o(.bss)
    Mem_Heap_Memory                          0x008188ac   Data        4620  main.o(.bss)
    Mem_ArpTable                             0x00819ab8   Data         256  main.o(.bss)
    RecvBuffer                               0x00819bb8   Data        1460  main.o(.bss)
    SocketRecvBuf                            0x0081a16c   Data        8760  main.o(.bss)
    CH563Inf                                 0x0081c3a4   Data          68  ch563sock.o(.bss)
    CH563Cfg                                 0x0081c3e8   Data          20  ch563sock.o(.bss)
    KeepLiveCfg                              0x0081c3fc   Data          12  ch563sock.o(.bss)
    DHCPCtrl                                 0x0081c410   Data          24  ethernetif.o(.bss)
    CH563NetIf                               0x0081c428   Data          52  ethernetif.o(.bss)
    CH563MACTxDesBuf                         0x0081c460   Data          32  ethernetif.o(.bss)
    CH563MACTxBuf                            0x0081c480   Data        1516  ethernetif.o(.bss)
    RxCtrl                                   0x0081ca6c   Data         196  ethernetif.o(.bss)
    TXCtrl                                   0x0081cb30   Data          20  ethernetif.o(.bss)
    pFTMAC_Device                            0x0081cb44   Data          20  ftmac110.o(.bss)
    pFTMAC_Ctrl                              0x0081cb58   Data          48  ftmac110.o(.bss)
    SelARP                                   0x0081cb88   Data          10  ipcheck.o(.bss)
    DNSInf                                   0x0081cbc8   Data          20  ch563net_nds.o(.bss)
    __heap_limit                             0x0081fc00   Data           0  startup.o ABSOLUTE
    __initial_sp                             0x0081fc00   Number         0  startup.o ABSOLUTE



==============================================================================

Memory Map of the image

  Image entry point : Not specified.

  Load Region ROM_LOAD (Base: 0x00000000, Size: 0x00010fc4, Max: 0xffffffff, ABSOLUTE, COMPRESSED[0x00010e7c])

    Execution Region FLASH_CODE (Exec base: 0x00000000, Load base: 0x00000000, Size: 0x00010e00, Max: 0xffffffff, ABSOLUTE)

    Exec Addr    Load Addr    Size         Type   Attr      Idx    E Section Name        Object

    0x00000000   0x00000000   0x00000090   Code   RO           95  * RESET               startup.o
    0x00000090   0x00000090   0x00000000   Code   RO          615  * .ARM.Collect$$$$00000000  mc_5.l(entry.o)
    0x00000090   0x00000090   0x00000004   Code   RO          909    .ARM.Collect$$$$00000001  mc_5.l(entry2.o)
    0x00000094   0x00000094   0x00000004   Code   RO          911    .ARM.Collect$$$$00000004  mc_5.l(entry5.o)
    0x00000098   0x00000098   0x00000000   Code   RO          913    .ARM.Collect$$$$00000008  mc_5.l(entry7b.o)
    0x00000098   0x00000098   0x00000000   Code   RO          915    .ARM.Collect$$$$0000000A  mc_5.l(entry8b.o)
    0x00000098   0x00000098   0x0000000c   Code   RO          916    .ARM.Collect$$$$0000000B  mc_5.l(entry9a.o)
    0x000000a4   0x000000a4   0x00000004   Code   RO          923    .ARM.Collect$$$$0000000E  mc_5.l(entry12b.o)
    0x000000a8   0x000000a8   0x00000000   Code   RO          918    .ARM.Collect$$$$0000000F  mc_5.l(entry10a.o)
    0x000000a8   0x000000a8   0x00000000   Code   RO          920    .ARM.Collect$$$$00000011  mc_5.l(entry11a.o)
    0x000000a8   0x000000a8   0x00000004   Code   RO          910    .ARM.Collect$$$$00002712  mc_5.l(entry2.o)
    0x000000ac   0x000000ac   0x00001888   Code   RO            1    .text               https.o
    0x00001934   0x00001934   0x00000918   Code   RO           50    .text               main.o
    0x0000224c   0x0000224c   0x0000009c   Code   RO           78    .text               sysfreq.o
    0x000022e8   0x000022e8   0x000006d8   Code   RO           99    .text               ISPXT56X.O(ISPXT56X_KIL31.O)
    0x000029c0   0x000029c0   0x00000034   Code   RO          510    .text               CH563NET_keil4.lib(getword_KIL42.O)
    0x000029f4   0x000029f4   0x0000002c   Code   RO          618    .text               mc_5.l(uidiv.o)
    0x00002a20   0x00002a20   0x00000028   Code   RO          620    .text               mc_5.l(idiv.o)
    0x00002a48   0x00002a48   0x00000024   Code   RO          622    .text               mc_5.l(memcpya.o)
    0x00002a6c   0x00002a6c   0x00000026   Code   RO          624    .text               mc_5.l(memseta.o)
    0x00002a92   0x00002a92   0x00000028   Code   RO          626    .text               mc_5.l(strstr.o)
    0x00002aba   0x00002aba   0x0000000e   Code   RO          628    .text               mc_5.l(strlen.o)
    0x00002ac8   0x00002ac8   0x00000020   Code   RO          630    .text               mc_5.l(strcmp.o)
    0x00002ae8   0x00002ae8   0x00000012   Code   RO          632    .text               mc_5.l(strcpy.o)
    0x00002afa   0x00002afa   0x00000002   PAD
    0x00002afc   0x00002afc   0x0000004c   Code   RO          634    .text               mc_5.l(strtok.o)
    0x00002b48   0x00002b48   0x00000014   Code   RO          903    .text               mc_5.l(uread4.o)
    0x00002b5c   0x00002b5c   0x00000012   Code   RO          905    .text               mc_5.l(uwrite4.o)
    0x00002b6e   0x00002b6e   0x0000001a   Code   RO          907    .text               mc_5.l(atoi.o)
    0x00002b88   0x00002b88   0x00000070   Code   RO          934    .text               mc_5.l(strtol.o)
    0x00002bf8   0x00002bf8   0x00000020   Code   RO          947    .text               mc_5.l(init.o)
    0x00002c18   0x00002c18   0x00000008   Code   RO          955    .text               mc_5.l(ctype_o.o)
    0x00002c20   0x00002c20   0x000000a8   Code   RO          983    .text               mc_5.l(_strtoul.o)
    0x00002cc8   0x00002cc8   0x0000001e   Code   RO          989    .text               mc_5.l(_chval.o)
    0x00002ce6   0x00002ce6   0x00000002   PAD
    0x00002ce8   0x00002ce8   0x00000078   Code   RO          999    .text               mc_5.l(__dczerorl2.o)
    0x00002d60   0x00002d60   0x00000020   Code   RO          464    i.CH395MACTXDMARealloc  CH563NET_keil4.lib(ftmac110.o)
    0x00002d80   0x00002d80   0x00000024   Code   RO          101    i.CH563EtherNetIsr  CH563NET_keil4.lib(ch563sock.o)
    0x00002da4   0x00002da4   0x00000068   Code   RO          102    i.CH563FileCorrectTCBPcb  CH563NET_keil4.lib(ch563sock.o)
    0x00002e0c   0x00002e0c   0x00000038   Code   RO          104    i.CH563IPSetSocketRecvInit  CH563NET_keil4.lib(ch563sock.o)
    0x00002e44   0x00002e44   0x000000b0   Code   RO          400    i.CH563MACRxSuccHandle  CH563NET_keil4.lib(ethernetif.o)
    0x00002ef4   0x00002ef4   0x00000020   Code   RO          107    i.CH563NET_ConfigLIB  CH563NET_keil4.lib(ch563sock.o)
    0x00002f14   0x00002f14   0x0000000a   Code   RO          108    i.CH563NET_ETHIsr   CH563NET_keil4.lib(ch563sock.o)
    0x00002f1e   0x00002f1e   0x00000002   PAD
    0x00002f20   0x00002f20   0x00000014   Code   RO          109    i.CH563NET_GetGlobalInt  CH563NET_keil4.lib(ch563sock.o)
    0x00002f34   0x00002f34   0x00000010   Code   RO          110    i.CH563NET_GetPHYStatus  CH563NET_keil4.lib(ch563sock.o)
    0x00002f44   0x00002f44   0x00000024   Code   RO          111    i.CH563NET_GetSocketInt  CH563NET_keil4.lib(ch563sock.o)
    0x00002f68   0x00002f68   0x00000004   Code   RO          112    i.CH563NET_GetVer   CH563NET_keil4.lib(ch563sock.o)
    0x00002f6c   0x00002f6c   0x00000104   Code   RO          113    i.CH563NET_Init     CH563NET_keil4.lib(ch563sock.o)
    0x00003070   0x00003070   0x0000002c   Code   RO          114    i.CH563NET_MainTask  CH563NET_keil4.lib(ch563sock.o)
    0x0000309c   0x0000309c   0x00000040   Code   RO          115    i.CH563NET_ModifyRecvBuf  CH563NET_keil4.lib(ch563sock.o)
    0x000030dc   0x000030dc   0x00000040   Code   RO          119    i.CH563NET_QueryGlobalInt  CH563NET_keil4.lib(ch563sock.o)
    0x0000311c   0x0000311c   0x00000054   Code   RO          123    i.CH563NET_SocketClose  CH563NET_keil4.lib(ch563sock.o)
    0x00003170   0x00003170   0x0000005c   Code   RO          124    i.CH563NET_SocketConnect  CH563NET_keil4.lib(ch563sock.o)
    0x000031cc   0x000031cc   0x000001a4   Code   RO          125    i.CH563NET_SocketCreat  CH563NET_keil4.lib(ch563sock.o)
    0x00003370   0x00003370   0x00000050   Code   RO          126    i.CH563NET_SocketListen  CH563NET_keil4.lib(ch563sock.o)
    0x000033c0   0x000033c0   0x000001a0   Code   RO          127    i.CH563NET_SocketRecv  CH563NET_keil4.lib(ch563sock.o)
    0x00003560   0x00003560   0x00000018   Code   RO          128    i.CH563NET_SocketRecvLen  CH563NET_keil4.lib(ch563sock.o)
    0x00003578   0x00003578   0x00000040   Code   RO          129    i.CH563NET_SocketSend  CH563NET_keil4.lib(ch563sock.o)
    0x000035b8   0x000035b8   0x000000d0   Code   RO          131    i.CH563NET_SocketUdpSendTo  CH563NET_keil4.lib(ch563sock.o)
    0x00003688   0x00003688   0x00000010   Code   RO          132    i.CH563NET_TimeIsr  CH563NET_keil4.lib(ch563sock.o)
    0x00003698   0x00003698   0x00000048   Code   RO          133    i.CH563ScokedIntHandle  CH563NET_keil4.lib(ch563sock.o)
    0x000036e0   0x000036e0   0x00000030   Code   RO          134    i.CH563SocketInit   CH563NET_keil4.lib(ch563sock.o)
    0x00003710   0x00003710   0x00000114   Code   RO          135    i.CH563SocketTCPReceive  CH563NET_keil4.lib(ch563sock.o)
    0x00003824   0x00003824   0x00000002   Code   RO          137    i.CH563TCPError     CH563NET_keil4.lib(ch563sock.o)
    0x00003826   0x00003826   0x00000002   PAD
    0x00003828   0x00003828   0x0000009c   Code   RO          138    i.CH563TCPServerAccept  CH563NET_keil4.lib(ch563sock.o)
    0x000038c4   0x000038c4   0x0000000c   Code   RO          465    i.ClearMacInterrupt  CH563NET_keil4.lib(ftmac110.o)
    0x000038d0   0x000038d0   0x00000030   Code   RO          139    i.CloseIPRAWConnect  CH563NET_keil4.lib(ch563sock.o)
    0x00003900   0x00003900   0x00000054   Code   RO          140    i.CloseTcpPCB       CH563NET_keil4.lib(ch563sock.o)
    0x00003954   0x00003954   0x00000030   Code   RO          141    i.CloseUpdConnect   CH563NET_keil4.lib(ch563sock.o)
    0x00003984   0x00003984   0x00000018   Code   RO          142    i.ErrorEncode       CH563NET_keil4.lib(ch563sock.o)
    0x0000399c   0x0000399c   0x00000060   Code   RO          466    i.GetPHYStatus      CH563NET_keil4.lib(ftmac110.o)
    0x000039fc   0x000039fc   0x00000028   Code   RO          501    i.IPCheckParaInit   CH563NET_keil4.lib(ipcheck.o)
    0x00003a24   0x00003a24   0x00000054   Code   RO          502    i.IPCheckTmr        CH563NET_keil4.lib(ipcheck.o)
    0x00003a78   0x00003a78   0x00000030   Code   RO          503    i.IPConflictHandle  CH563NET_keil4.lib(ipcheck.o)
    0x00003aa8   0x00003aa8   0x000000b0   Code   RO          498    i.InitCH563MAC      CH563NET_keil4.lib(hal.o)
    0x00003b58   0x00003b58   0x000000d4   Code   RO          401    i.LwIPPeriodicHandle  CH563NET_keil4.lib(ethernetif.o)
    0x00003c2c   0x00003c2c   0x0000000c   Code   RO          143    i.LwipArpCheck      CH563NET_keil4.lib(ch563sock.o)
    0x00003c38   0x00003c38   0x00000070   Code   RO          144    i.LwipRemoveTcpPcb  CH563NET_keil4.lib(ch563sock.o)
    0x00003ca8   0x00003ca8   0x00000004   Code   RO          145    i.LwipTCPPollCallBack  CH563NET_keil4.lib(ch563sock.o)
    0x00003cac   0x00003cac   0x0000003a   Code   RO          146    i.LwipTCPSendCallBack  CH563NET_keil4.lib(ch563sock.o)
    0x00003ce6   0x00003ce6   0x00000002   PAD
    0x00003ce8   0x00003ce8   0x00000038   Code   RO          147    i.LwipTcpConnectedCallBack  CH563NET_keil4.lib(ch563sock.o)
    0x00003d20   0x00003d20   0x0000001c   Code   RO          148    i.LwipUnreachPort   CH563NET_keil4.lib(ch563sock.o)
    0x00003d3c   0x00003d3c   0x00000018   Code   RO          149    i.MemShortCopy      CH563NET_keil4.lib(ch563sock.o)
    0x00003d54   0x00003d54   0x00000068   Code   RO          402    i.QuaryEthRxDma     CH563NET_keil4.lib(ethernetif.o)
    0x00003dbc   0x00003dbc   0x0000000c   Code   RO          150    i.QueryPingEnable   CH563NET_keil4.lib(ch563sock.o)
    0x00003dc8   0x00003dc8   0x00000038   Code   RO          267    i.RemoveTimeWaiTCP  CH563NET_keil4.lib(tcp.o)
    0x00003e00   0x00003e00   0x00000020   Code   RO          504    i.SelIPARPSend      CH563NET_keil4.lib(ipcheck.o)
    0x00003e20   0x00003e20   0x00000094   Code   RO          403    i.SetupNetif        CH563NET_keil4.lib(ethernetif.o)
    0x00003eb4   0x00003eb4   0x000000b2   Code   RO          151    i.SocketIPRAWReceive  CH563NET_keil4.lib(ch563sock.o)
    0x00003f66   0x00003f66   0x00000002   PAD
    0x00003f68   0x00003f68   0x000000d0   Code   RO          152    i.SocketIPRawSend   CH563NET_keil4.lib(ch563sock.o)
    0x00004038   0x00004038   0x00000100   Code   RO          153    i.SocketTcpSend     CH563NET_keil4.lib(ch563sock.o)
    0x00004138   0x00004138   0x000000be   Code   RO          154    i.SocketUdpReceive  CH563NET_keil4.lib(ch563sock.o)
    0x000041f6   0x000041f6   0x00000002   PAD
    0x000041f8   0x000041f8   0x000000c4   Code   RO          155    i.SocketUdpSend     CH563NET_keil4.lib(ch563sock.o)
    0x000042bc   0x000042bc   0x00000020   Code   RO          797    i.__0printf$6       mc_5.l(printf6.o)
    0x000042dc   0x000042dc   0x00000028   Code   RO          799    i.__0sprintf$6      mc_5.l(printf6.o)
    0x00004304   0x00004304   0x00000018   Code   RO          332    i.__ARM_common_switch8  CH563NET_keil4.lib(tcp.o)
    0x0000431c   0x0000431c   0x00000008   Code   RO          927    i.__aeabi_errno_addr  mc_5.l(errno.o)
    0x00004324   0x00004324   0x0000001c   Code   RO          993    i.__scatterload_copy  mc_5.l(handlers.o)
    0x00004340   0x00004340   0x00000004   Code   RO          994    i.__scatterload_null  mc_5.l(handlers.o)
    0x00004344   0x00004344   0x00000018   Code   RO          995    i.__scatterload_zeroinit  mc_5.l(handlers.o)
    0x0000435c   0x0000435c   0x0000030c   Code   RO          804    i._printf_core      mc_5.l(printf6.o)
    0x00004668   0x00004668   0x00000020   Code   RO          805    i._printf_post_padding  mc_5.l(printf6.o)
    0x00004688   0x00004688   0x0000002c   Code   RO          806    i._printf_pre_padding  mc_5.l(printf6.o)
    0x000046b4   0x000046b4   0x0000000a   Code   RO          808    i._sputc            mc_5.l(printf6.o)
    0x000046be   0x000046be   0x00000002   PAD
    0x000046c0   0x000046c0   0x00000084   Code   RO          467    i.alloc_rxdes       CH563NET_keil4.lib(ftmac110.o)
    0x00004744   0x00004744   0x0000005c   Code   RO          468    i.alloc_txdes       CH563NET_keil4.lib(ftmac110.o)
    0x000047a0   0x000047a0   0x00000140   Code   RO          421    i.etharp_arp_input  CH563NET_keil4.lib(etharp.o)
    0x000048e0   0x000048e0   0x0000002e   Code   RO          423    i.etharp_ip_input   CH563NET_keil4.lib(etharp.o)
    0x0000490e   0x0000490e   0x00000002   PAD
    0x00004910   0x00004910   0x000000cc   Code   RO          424    i.etharp_output     CH563NET_keil4.lib(etharp.o)
    0x000049dc   0x000049dc   0x000000b0   Code   RO          425    i.etharp_query      CH563NET_keil4.lib(etharp.o)
    0x00004a8c   0x00004a8c   0x000000bc   Code   RO          426    i.etharp_raw        CH563NET_keil4.lib(etharp.o)
    0x00004b48   0x00004b48   0x00000024   Code   RO          427    i.etharp_request    CH563NET_keil4.lib(etharp.o)
    0x00004b6c   0x00004b6c   0x00000036   Code   RO          428    i.etharp_send_ip    CH563NET_keil4.lib(etharp.o)
    0x00004ba2   0x00004ba2   0x00000002   PAD
    0x00004ba4   0x00004ba4   0x0000004c   Code   RO          429    i.etharp_tmr        CH563NET_keil4.lib(etharp.o)
    0x00004bf0   0x00004bf0   0x0000005a   Code   RO          430    i.ethernet_input    CH563NET_keil4.lib(etharp.o)
    0x00004c4a   0x00004c4a   0x00000002   PAD
    0x00004c4c   0x00004c4c   0x00000028   Code   RO          404    i.ethernetif_init   CH563NET_keil4.lib(ethernetif.o)
    0x00004c74   0x00004c74   0x000000ac   Code   RO          405    i.ethernetif_input  CH563NET_keil4.lib(ethernetif.o)
    0x00004d20   0x00004d20   0x00000120   Code   RO          431    i.find_entry        CH563NET_keil4.lib(etharp.o)
    0x00004e40   0x00004e40   0x00000014   Code   RO          469    i.ftmac110_close    CH563NET_keil4.lib(ftmac110.o)
    0x00004e54   0x00004e54   0x00000034   Code   RO          470    i.ftmac110_isr      CH563NET_keil4.lib(ftmac110.o)
    0x00004e88   0x00004e88   0x00000028   Code   RO          471    i.ftmac110_open     CH563NET_keil4.lib(ftmac110.o)
    0x00004eb0   0x00004eb0   0x000000f0   Code   RO          472    i.ftmac110_open_control  CH563NET_keil4.lib(ftmac110.o)
    0x00004fa0   0x00004fa0   0x00000060   Code   RO          473    i.ftmac110_xmit     CH563NET_keil4.lib(ftmac110.o)
    0x00005000   0x00005000   0x0000001a   Code   RO          381    i.htonl             CH563NET_keil4.lib(inet.o)
    0x0000501a   0x0000501a   0x0000000a   Code   RO          382    i.htons             CH563NET_keil4.lib(inet.o)
    0x00005024   0x00005024   0x0000000c   Code   RO          551    i.icmp_dest_unreach  CH563NET_keil4.lib(icmp.o)
    0x00005030   0x00005030   0x000001f4   Code   RO          552    i.icmp_input        CH563NET_keil4.lib(icmp.o)
    0x00005224   0x00005224   0x0000006a   Code   RO          553    i.icmp_send_response  CH563NET_keil4.lib(icmp.o)
    0x0000528e   0x0000528e   0x0000000c   Code   RO          554    i.icmp_time_exceeded  CH563NET_keil4.lib(icmp.o)
    0x0000529a   0x0000529a   0x0000000e   Code   RO          559    i.inet_chksum       CH563NET_keil4.lib(inet_chksum.o)
    0x000052a8   0x000052a8   0x00000054   Code   RO          560    i.inet_chksum_pbuf  CH563NET_keil4.lib(inet_chksum.o)
    0x000052fc   0x000052fc   0x00000094   Code   RO          561    i.inet_chksum_pseudo  CH563NET_keil4.lib(inet_chksum.o)
    0x00005390   0x00005390   0x0000003a   Code   RO          396    i.ip_addr_isbroadcast  CH563NET_keil4.lib(ip_addr.o)
    0x000053ca   0x000053ca   0x00000162   Code   RO          576    i.ip_frag           CH563NET_keil4.lib(ip_frag.o)
    0x0000552c   0x0000552c   0x00000264   Code   RO          567    i.ip_input          CH563NET_keil4.lib(ip.o)
    0x00005790   0x00005790   0x00000032   Code   RO          568    i.ip_output         CH563NET_keil4.lib(ip.o)
    0x000057c2   0x000057c2   0x00000002   PAD
    0x000057c4   0x000057c4   0x00000110   Code   RO          569    i.ip_output_if      CH563NET_keil4.lib(ip.o)
    0x000058d4   0x000058d4   0x000001d8   Code   RO          577    i.ip_reass          CH563NET_keil4.lib(ip_frag.o)
    0x00005aac   0x00005aac   0x0000017c   Code   RO          578    i.ip_reass_chain_frag_into_datagram_and_validate  CH563NET_keil4.lib(ip_frag.o)
    0x00005c28   0x00005c28   0x00000024   Code   RO          579    i.ip_reass_dequeue_datagram  CH563NET_keil4.lib(ip_frag.o)
    0x00005c4c   0x00005c4c   0x00000078   Code   RO          580    i.ip_reass_free_complete_datagram  CH563NET_keil4.lib(ip_frag.o)
    0x00005cc4   0x00005cc4   0x0000003c   Code   RO          581    i.ip_reass_tmr      CH563NET_keil4.lib(ip_frag.o)
    0x00005d00   0x00005d00   0x00000054   Code   RO          570    i.ip_route          CH563NET_keil4.lib(ip.o)
    0x00005d54   0x00005d54   0x000000c0   Code   RO          406    i.low_level_init    CH563NET_keil4.lib(ethernetif.o)
    0x00005e14   0x00005e14   0x0000019c   Code   RO          407    i.low_level_input   CH563NET_keil4.lib(ethernetif.o)
    0x00005fb0   0x00005fb0   0x000000b4   Code   RO          408    i.low_level_output  CH563NET_keil4.lib(ethernetif.o)
    0x00006064   0x00006064   0x0000001c   Code   RO          512    i.lwip_init         CH563NET_keil4.lib(init.o)
    0x00006080   0x00006080   0x00000044   Code   RO          562    i.lwip_standard_chksum  CH563NET_keil4.lib(inet_chksum.o)
    0x000060c4   0x000060c4   0x00000050   Code   RO          476    i.malloc_ftmac110_device  CH563NET_keil4.lib(ftmac110.o)
    0x00006114   0x00006114   0x0000002c   Code   RO          515    i.mem_free          CH563NET_keil4.lib(mem.o)
    0x00006140   0x00006140   0x00000054   Code   RO          516    i.mem_init          CH563NET_keil4.lib(mem.o)
    0x00006194   0x00006194   0x000000bc   Code   RO          517    i.mem_malloc        CH563NET_keil4.lib(mem.o)
    0x00006250   0x00006250   0x000000e0   Code   RO          518    i.mem_realloc       CH563NET_keil4.lib(mem.o)
    0x00006330   0x00006330   0x00000014   Code   RO          527    i.memp_free         CH563NET_keil4.lib(memp.o)
    0x00006344   0x00006344   0x00000058   Code   RO          528    i.memp_init         CH563NET_keil4.lib(memp.o)
    0x0000639c   0x0000639c   0x0000001c   Code   RO          529    i.memp_malloc       CH563NET_keil4.lib(memp.o)
    0x000063b8   0x000063b8   0x00000048   Code   RO          218    i.netif_add         CH563NET_keil4.lib(netif.o)
    0x00006400   0x00006400   0x0000000a   Code   RO          220    i.netif_is_up       CH563NET_keil4.lib(netif.o)
    0x0000640a   0x0000640a   0x0000001e   Code   RO          222    i.netif_set_addr    CH563NET_keil4.lib(netif.o)
    0x00006428   0x00006428   0x0000000c   Code   RO          223    i.netif_set_default  CH563NET_keil4.lib(netif.o)
    0x00006434   0x00006434   0x00000016   Code   RO          225    i.netif_set_gw      CH563NET_keil4.lib(netif.o)
    0x0000644a   0x0000644a   0x00000002   PAD
    0x0000644c   0x0000644c   0x00000088   Code   RO          226    i.netif_set_ipaddr  CH563NET_keil4.lib(netif.o)
    0x000064d4   0x000064d4   0x00000016   Code   RO          227    i.netif_set_netmask  CH563NET_keil4.lib(netif.o)
    0x000064ea   0x000064ea   0x00000008   Code   RO          386    i.ntohl             CH563NET_keil4.lib(inet.o)
    0x000064f2   0x000064f2   0x00000008   Code   RO          387    i.ntohs             CH563NET_keil4.lib(inet.o)
    0x000064fa   0x000064fa   0x00000002   PAD
    0x000064fc   0x000064fc   0x00000118   Code   RO          241    i.pbuf_alloc        CH563NET_keil4.lib(pbuf.o)
    0x00006614   0x00006614   0x00000028   Code   RO          242    i.pbuf_cat          CH563NET_keil4.lib(pbuf.o)
    0x0000663c   0x0000663c   0x00000010   Code   RO          243    i.pbuf_chain        CH563NET_keil4.lib(pbuf.o)
    0x0000664c   0x0000664c   0x00000014   Code   RO          244    i.pbuf_clen         CH563NET_keil4.lib(pbuf.o)
    0x00006660   0x00006660   0x0000009c   Code   RO          246    i.pbuf_copy         CH563NET_keil4.lib(pbuf.o)
    0x000066fc   0x000066fc   0x00000046   Code   RO          249    i.pbuf_free         CH563NET_keil4.lib(pbuf.o)
    0x00006742   0x00006742   0x0000006a   Code   RO          250    i.pbuf_header       CH563NET_keil4.lib(pbuf.o)
    0x000067ac   0x000067ac   0x00000056   Code   RO          251    i.pbuf_realloc      CH563NET_keil4.lib(pbuf.o)
    0x00006802   0x00006802   0x0000000c   Code   RO          252    i.pbuf_ref          CH563NET_keil4.lib(pbuf.o)
    0x0000680e   0x0000680e   0x00000002   PAD
    0x00006810   0x00006810   0x00000038   Code   RO          477    i.phyread16         CH563NET_keil4.lib(ftmac110.o)
    0x00006848   0x00006848   0x00000054   Code   RO          519    i.plug_holes        CH563NET_keil4.lib(mem.o)
    0x0000689c   0x0000689c   0x00000018   Code   RO          447    i.raw_bind          CH563NET_keil4.lib(raw.o)
    0x000068b4   0x000068b4   0x00000018   Code   RO          448    i.raw_connect       CH563NET_keil4.lib(raw.o)
    0x000068cc   0x000068cc   0x00000070   Code   RO          449    i.raw_input         CH563NET_keil4.lib(raw.o)
    0x0000693c   0x0000693c   0x0000002c   Code   RO          450    i.raw_new           CH563NET_keil4.lib(raw.o)
    0x00006968   0x00006968   0x00000006   Code   RO          451    i.raw_recv          CH563NET_keil4.lib(raw.o)
    0x0000696e   0x0000696e   0x00000002   PAD
    0x00006970   0x00006970   0x00000034   Code   RO          452    i.raw_remove        CH563NET_keil4.lib(raw.o)
    0x000069a4   0x000069a4   0x0000000a   Code   RO          453    i.raw_send          CH563NET_keil4.lib(raw.o)
    0x000069ae   0x000069ae   0x00000092   Code   RO          454    i.raw_sendto        CH563NET_keil4.lib(raw.o)
    0x00006a40   0x00006a40   0x00000088   Code   RO          478    i.rpkt_finish_handler  CH563NET_keil4.lib(ftmac110.o)
    0x00006ac8   0x00006ac8   0x000000a8   Code   RO          268    i.tcp_abandon       CH563NET_keil4.lib(tcp.o)
    0x00006b70   0x00006b70   0x00000004   Code   RO          269    i.tcp_accept        CH563NET_keil4.lib(tcp.o)
    0x00006b74   0x00006b74   0x00000006   Code   RO          270    i.tcp_accept_null   CH563NET_keil4.lib(tcp.o)
    0x00006b7a   0x00006b7a   0x00000002   PAD
    0x00006b7c   0x00006b7c   0x00000118   Code   RO          271    i.tcp_alloc         CH563NET_keil4.lib(tcp.o)
    0x00006c94   0x00006c94   0x00000004   Code   RO          272    i.tcp_arg           CH563NET_keil4.lib(tcp.o)
    0x00006c98   0x00006c98   0x00000110   Code   RO          273    i.tcp_bind          CH563NET_keil4.lib(tcp.o)
    0x00006da8   0x00006da8   0x000000b4   Code   RO          274    i.tcp_close         CH563NET_keil4.lib(tcp.o)
    0x00006e5c   0x00006e5c   0x000000d4   Code   RO          275    i.tcp_connect       CH563NET_keil4.lib(tcp.o)
    0x00006f30   0x00006f30   0x00000026   Code   RO          277    i.tcp_eff_send_mss  CH563NET_keil4.lib(tcp.o)
    0x00006f56   0x00006f56   0x00000002   PAD
    0x00006f58   0x00006f58   0x000003e0   Code   RO          334    i.tcp_enqueue       CH563NET_keil4.lib(tcp_out.o)
    0x00007338   0x00007338   0x00000006   Code   RO          278    i.tcp_err           CH563NET_keil4.lib(tcp.o)
    0x0000733e   0x0000733e   0x00000002   PAD
    0x00007340   0x00007340   0x00000068   Code   RO          279    i.tcp_fasttmr       CH563NET_keil4.lib(tcp.o)
    0x000073a8   0x000073a8   0x000003e4   Code   RO          535    i.tcp_input         CH563NET_keil4.lib(tcp_in.o)
    0x0000778c   0x0000778c   0x0000005a   Code   RO          335    i.tcp_keepalive     CH563NET_keil4.lib(tcp_out.o)
    0x000077e6   0x000077e6   0x00000002   PAD
    0x000077e8   0x000077e8   0x000000fc   Code   RO          536    i.tcp_listen_input  CH563NET_keil4.lib(tcp_in.o)
    0x000078e4   0x000078e4   0x00000084   Code   RO          280    i.tcp_listen_with_backlog  CH563NET_keil4.lib(tcp.o)
    0x00007968   0x00007968   0x0000000a   Code   RO          281    i.tcp_new           CH563NET_keil4.lib(tcp.o)
    0x00007972   0x00007972   0x00000002   PAD
    0x00007974   0x00007974   0x00000060   Code   RO          282    i.tcp_new_port      CH563NET_keil4.lib(tcp.o)
    0x000079d4   0x000079d4   0x00000010   Code   RO          283    i.tcp_next_iss      CH563NET_keil4.lib(tcp.o)
    0x000079e4   0x000079e4   0x000000b4   Code   RO          537    i.tcp_oos_insert_segment  CH563NET_keil4.lib(tcp_in.o)
    0x00007a98   0x00007a98   0x000001f8   Code   RO          336    i.tcp_output        CH563NET_keil4.lib(tcp_out.o)
    0x00007c90   0x00007c90   0x000000e8   Code   RO          337    i.tcp_output_segment  CH563NET_keil4.lib(tcp_out.o)
    0x00007d78   0x00007d78   0x000000b0   Code   RO          338    i.tcp_output_set_header  CH563NET_keil4.lib(tcp_out.o)
    0x00007e28   0x00007e28   0x00000090   Code   RO          538    i.tcp_parseopt      CH563NET_keil4.lib(tcp_in.o)
    0x00007eb8   0x00007eb8   0x00000044   Code   RO          284    i.tcp_pcb_purge     CH563NET_keil4.lib(tcp.o)
    0x00007efc   0x00007efc   0x0000005c   Code   RO          285    i.tcp_pcb_remove    CH563NET_keil4.lib(tcp.o)
    0x00007f58   0x00007f58   0x0000000a   Code   RO          286    i.tcp_poll          CH563NET_keil4.lib(tcp.o)
    0x00007f62   0x00007f62   0x00000002   PAD
    0x00007f64   0x00007f64   0x00000350   Code   RO          539    i.tcp_process       CH563NET_keil4.lib(tcp_in.o)
    0x000082b4   0x000082b4   0x00000748   Code   RO          540    i.tcp_receive       CH563NET_keil4.lib(tcp_in.o)
    0x000089fc   0x000089fc   0x00000006   Code   RO          287    i.tcp_recv          CH563NET_keil4.lib(tcp.o)
    0x00008a02   0x00008a02   0x00000026   Code   RO          288    i.tcp_recv_null     CH563NET_keil4.lib(tcp.o)
    0x00008a28   0x00008a28   0x00000040   Code   RO          289    i.tcp_recved        CH563NET_keil4.lib(tcp.o)
    0x00008a68   0x00008a68   0x0000000a   Code   RO          156    i.tcp_recved_CH563  CH563NET_keil4.lib(ch563sock.o)
    0x00008a72   0x00008a72   0x00000026   Code   RO          157    i.tcp_recved_socket  CH563NET_keil4.lib(ch563sock.o)
    0x00008a98   0x00008a98   0x00000050   Code   RO          339    i.tcp_rexmit        CH563NET_keil4.lib(tcp_out.o)
    0x00008ae8   0x00008ae8   0x00000050   Code   RO          340    i.tcp_rexmit_fast   CH563NET_keil4.lib(tcp_out.o)
    0x00008b38   0x00008b38   0x00000030   Code   RO          341    i.tcp_rexmit_rto    CH563NET_keil4.lib(tcp_out.o)
    0x00008b68   0x00008b68   0x000000e4   Code   RO          342    i.tcp_rst           CH563NET_keil4.lib(tcp_out.o)
    0x00008c4c   0x00008c4c   0x00000024   Code   RO          290    i.tcp_seg_copy      CH563NET_keil4.lib(tcp.o)
    0x00008c70   0x00008c70   0x00000022   Code   RO          291    i.tcp_seg_free      CH563NET_keil4.lib(tcp.o)
    0x00008c92   0x00008c92   0x0000001c   Code   RO          292    i.tcp_segs_free     CH563NET_keil4.lib(tcp.o)
    0x00008cae   0x00008cae   0x00000016   Code   RO          343    i.tcp_send_ctrl     CH563NET_keil4.lib(tcp_out.o)
    0x00008cc4   0x00008cc4   0x0000006e   Code   RO          344    i.tcp_send_empty_ack  CH563NET_keil4.lib(tcp_out.o)
    0x00008d32   0x00008d32   0x00000006   Code   RO          293    i.tcp_sent          CH563NET_keil4.lib(tcp.o)
    0x00008d38   0x00008d38   0x00000274   Code   RO          295    i.tcp_slowtmr       CH563NET_keil4.lib(tcp.o)
    0x00008fac   0x00008fac   0x00000078   Code   RO          541    i.tcp_timewait_input  CH563NET_keil4.lib(tcp_in.o)
    0x00009024   0x00009024   0x0000001c   Code   RO          296    i.tcp_tmr           CH563NET_keil4.lib(tcp.o)
    0x00009040   0x00009040   0x0000003c   Code   RO          297    i.tcp_update_rcv_ann_wnd  CH563NET_keil4.lib(tcp.o)
    0x0000907c   0x0000907c   0x00000030   Code   RO          345    i.tcp_write         CH563NET_keil4.lib(tcp_out.o)
    0x000090ac   0x000090ac   0x000000c4   Code   RO          346    i.tcp_zero_window_probe  CH563NET_keil4.lib(tcp_out.o)
    0x00009170   0x00009170   0x000000a0   Code   RO          360    i.udp_bind          CH563NET_keil4.lib(udp.o)
    0x00009210   0x00009210   0x00000088   Code   RO          361    i.udp_connect       CH563NET_keil4.lib(udp.o)
    0x00009298   0x00009298   0x00000218   Code   RO          363    i.udp_input         CH563NET_keil4.lib(udp.o)
    0x000094b0   0x000094b0   0x0000001a   Code   RO          364    i.udp_new           CH563NET_keil4.lib(udp.o)
    0x000094ca   0x000094ca   0x00000006   Code   RO          365    i.udp_recv          CH563NET_keil4.lib(udp.o)
    0x000094d0   0x000094d0   0x00000034   Code   RO          366    i.udp_remove        CH563NET_keil4.lib(udp.o)
    0x00009504   0x00009504   0x0000000c   Code   RO          367    i.udp_send          CH563NET_keil4.lib(udp.o)
    0x00009510   0x00009510   0x0000002a   Code   RO          368    i.udp_sendto        CH563NET_keil4.lib(udp.o)
    0x0000953a   0x0000953a   0x000000ea   Code   RO          369    i.udp_sendto_if     CH563NET_keil4.lib(udp.o)
    0x00009624   0x00009624   0x00000090   Code   RO          432    i.update_arp_entry  CH563NET_keil4.lib(etharp.o)
    0x000096b4   0x000096b4   0x000075d2   Data   RO            3    .constdata          https.o
    0x00010c86   0x00010c86   0x00000020   Data   RO           52    .constdata          main.o
    0x00010ca6   0x00010ca6   0x00000010   Data   RO          159    .constdata          CH563NET_keil4.lib(ch563sock.o)
    0x00010cb6   0x00010cb6   0x0000001b   Data   RO          298    .constdata          CH563NET_keil4.lib(tcp.o)
    0x00010cd1   0x00010cd1   0x00000004   Data   RO          397    .constdata          CH563NET_keil4.lib(ip_addr.o)
    0x00010cd5   0x00010cd5   0x0000000c   Data   RO          433    .constdata          CH563NET_keil4.lib(etharp.o)
    0x00010ce1   0x00010ce1   0x00000081   Data   RO          956    .constdata          mc_5.l(ctype_o.o)
    0x00010d62   0x00010d62   0x00000002   PAD
    0x00010d64   0x00010d64   0x00000004   Data   RO          957    .constdata          mc_5.l(ctype_o.o)
    0x00010d68   0x00010d68   0x00000075   Data   RO          299    .conststring        CH563NET_keil4.lib(tcp.o)
    0x00010ddd   0x00010ddd   0x00000003   PAD
    0x00010de0   0x00010de0   0x00000020   Data   RO          991    Region$$Table       anon$$obj.o


    Execution Region SRAM_DATA (Exec base: 0x00810000, Load base: 0x00010e00, Size: 0x0000ce3c, Max: 0x0000fc00, ABSOLUTE, COMPRESSED[0x0000007c])

    Exec Addr    Load Addr    Size         Type   Attr      Idx    E Section Name        Object

    0x00810000   COMPRESSED   0x0000008e   Data   RW            4    .data               https.o
    0x0081008e   COMPRESSED   0x00000014   Data   RW           53    .data               main.o
    0x008100a2   COMPRESSED   0x00000002   PAD
    0x008100a4   COMPRESSED   0x0000000c   Data   RW          160    .data               CH563NET_keil4.lib(ch563sock.o)
    0x008100b0   COMPRESSED   0x0000000c   Data   RW          229    .data               CH563NET_keil4.lib(netif.o)
    0x008100bc   COMPRESSED   0x0000004c   Data   RW          300    .data               CH563NET_keil4.lib(tcp.o)
    0x00810108   COMPRESSED   0x00000004   Data   RW          370    .data               CH563NET_keil4.lib(udp.o)
    0x0081010c   COMPRESSED   0x00000044   Data   RW          410    .data               CH563NET_keil4.lib(ethernetif.o)
    0x00810150   COMPRESSED   0x00000008   Data   RW          434    .data               CH563NET_keil4.lib(etharp.o)
    0x00810158   COMPRESSED   0x00000004   Data   RW          455    .data               CH563NET_keil4.lib(raw.o)
    0x0081015c   COMPRESSED   0x0000000c   Data   RW          481    .data               CH563NET_keil4.lib(ftmac110.o)
    0x00810168   COMPRESSED   0x00000014   Data   RW          520    .data               CH563NET_keil4.lib(mem.o)
    0x0081017c   COMPRESSED   0x0000000c   Data   RW          531    .data               CH563NET_keil4.lib(memp.o)
    0x00810188   COMPRESSED   0x0000001c   Data   RW          543    .data               CH563NET_keil4.lib(tcp_in.o)
    0x008101a4   COMPRESSED   0x0000000c   Data   RW          571    .data               CH563NET_keil4.lib(ip.o)
    0x008101b0   COMPRESSED   0x00000008   Data   RW          582    .data               CH563NET_keil4.lib(ip_frag.o)
    0x008101b8   COMPRESSED   0x00000004   Data   RW          635    .data               mc_5.l(strtok.o)
    0x008101bc   COMPRESSED   0x00000004   Data   RW          924    .data               mc_5.l(stdout.o)
    0x008101c0   COMPRESSED   0x00000004   Data   RW          930    .data               mc_5.l(errno.o)
    0x008101c4        -       0x000022b0   Zero   RW            2    .bss                https.o
    0x00812474   COMPRESSED   0x0000000c   PAD
    0x00812480        -       0x00009f24   Zero   RW           51    .bss                main.o
    0x0081c3a4        -       0x00000064   Zero   RW          158    .bss                CH563NET_keil4.lib(ch563sock.o)
    0x0081c408   COMPRESSED   0x00000008   PAD
    0x0081c410        -       0x00000734   Zero   RW          409    .bss                CH563NET_keil4.lib(ethernetif.o)
    0x0081cb44        -       0x00000044   Zero   RW          479    .bss                CH563NET_keil4.lib(ftmac110.o)
    0x0081cb88        -       0x0000000a   Zero   RW          505    .bss                CH563NET_keil4.lib(ipcheck.o)
    0x0081cb92   COMPRESSED   0x00000002   PAD
    0x0081cb94        -       0x00000020   Zero   RW          530    .bss                CH563NET_keil4.lib(memp.o)
    0x0081cbb4        -       0x00000014   Zero   RW          542    .bss                CH563NET_keil4.lib(tcp_in.o)
    0x0081cbc8        -       0x00000274   Zero   RW          601    .bss                CH563NET_keil4.lib(ch563net_nds.o)


    Execution Region SRAM_HEAP (Exec base: 0x0081ce3c, Load base: 0x00010e7c, Size: 0x00000000, Max: 0xffffffff, ABSOLUTE, UNINIT)

    **** No section assigned to this execution region ****


    Execution Region SRAM_STACK (Exec base: 0x00820000, Load base: 0x00010e7c, Size: 0x00000400, Max: 0xffffffff, ABSOLUTE, UNINIT)

    Exec Addr    Load Addr    Size         Type   Attr      Idx    E Section Name        Object

    0x00820000        -       0x00000400   Zero   RW           93    STACK               startup.o


==============================================================================

Image component sizes


      Code (inc. data)   RO Data    RW Data    ZI Data      Debug   Object Name

      6280        844      30162        142       8880      13771   https.o
      2328        216         32         20      40740      11221   main.o
       144          8          0          0       1024        348   startup.o
       156          4          0          0          0        820   sysfreq.o

    ----------------------------------------------------------------------
      8908       1072      30226        164      50656      26160   Object Totals
         0          0         32          0          0          0   (incl. Generated)
         0          0          0          2         12          0   (incl. Padding)

    ----------------------------------------------------------------------

      Code (inc. data)   RO Data    RW Data    ZI Data      Debug   Library Member Name

         0          0          0          0        628          0   ch563net_nds.o
      4290        320         16         12        100       3232   ch563sock.o
      1622         62         12          8          0        852   etharp.o
      1636        214          0         68       1844        664   ethernetif.o
      1084        134          0         12         68        892   ftmac110.o
        52          0          0          0          0         88   getword_KIL42.O
       176         18          0          0          0         76   hal.o
       630          4          0          0          0        296   icmp.o
        52          0          0          0          0        256   inet.o
       314          0          0          0          0        292   inet_chksum.o
        28          6          0          0          0         68   init.o
      1018         32          0         12          0        324   ip.o
        58          0          4          0          0         68   ip_addr.o
      1422         32          0          8          0        468   ip_frag.o
       204         30          0          0         10        284   ipcheck.o
       624         50          0         20          0        364   mem.o
       136         16          0         12         32        196   memp.o
       304         20          0         12          0        480   netif.o
       786          4          0          0          0        620   pbuf.o
       418         16          0          4          0        568   raw.o
      2706        116        144         76          0       2096   tcp.o
      4404        114          0         28         20        540   tcp_in.o
      2806         48          0          0          0        968   tcp_out.o
      1204         30          0          4          0        664   udp.o
      1752         12          0          0          0        653   ISPXT56X_KIL31.O
       120          0          0          0          0          0   __dczerorl2.o
        30          0          0          0          0         60   _chval.o
       168          0          0          0          0         84   _strtoul.o
        26          0          0          0          0         72   atoi.o
         8          4        133          0          0         60   ctype_o.o
         0          0          0          0          0          0   entry.o
         0          0          0          0          0          0   entry10a.o
         0          0          0          0          0          0   entry11a.o
         4          0          0          0          0          0   entry12b.o
         8          4          0          0          0          0   entry2.o
         4          0          0          0          0          0   entry5.o
         0          0          0          0          0          0   entry7b.o
         0          0          0          0          0          0   entry8b.o
        12          4          0          0          0          0   entry9a.o
         8          4          0          4          0         60   errno.o
        56          0          0          0          0          0   handlers.o
        40          0          0          0          0         72   idiv.o
        32         10          0          0          0         68   init.o
        36          0          0          0          0         60   memcpya.o
        38          0          0          0          0        100   memseta.o
       938         16          0          0          0        468   printf6.o
         0          0          0          4          0          0   stdout.o
        32          0          0          0          0         68   strcmp.o
        18          0          0          0          0         60   strcpy.o
        14          0          0          0          0         60   strlen.o
        40          0          0          0          0         72   strstr.o
        76          6          0          4          0         72   strtok.o
       112          4          0          0          0         76   strtol.o
        44          0          0          0          0         72   uidiv.o
        20          0          0          0          0         60   uread4.o
        18          0          0          0          0         60   uwrite4.o

    ----------------------------------------------------------------------
     29672       1330        314        288       2712      16713   Library Totals
        44          0          5          0         10          0   (incl. Padding)

    ----------------------------------------------------------------------

      Code (inc. data)   RO Data    RW Data    ZI Data      Debug   Library Name

     25974       1266        176        276       2702      14356   CH563NET_keil4.lib
      1752         12          0          0          0        653   ISPXT56X.O
      1902         52        133         12          0       1704   mc_5.l

    ----------------------------------------------------------------------
     29672       1330        314        288       2712      16713   Library Totals

    ----------------------------------------------------------------------

==============================================================================


      Code (inc. data)   RO Data    RW Data    ZI Data      Debug   

     38580       2402      30540        452      53368      33445   Grand Totals
     38580       2402      30540        124      53368      33445   ELF Image Totals (compressed)
     38580       2402      30540        124          0          0   ROM Totals

==============================================================================

    Total RO  Size (Code + RO Data)                69120 (  67.50kB)
    Total RW  Size (RW Data + ZI Data)             53820 (  52.56kB)
    Total ROM Size (Code + RO Data + RW Data)      69244 (  67.62kB)

==============================================================================

